Archive member included to satisfy reference by file (symbol)

C:/ST/STM32CubeIDE_1.16.0/STM32CubeIDE/plugins/com.st.stm32cube.ide.mcu.externaltools.gnu-tools-for-stm32.12.3.rel1.win32_1.0.200.202406191623/tools/bin/../lib/gcc/arm-none-eabi/12.3.1/../../../../arm-none-eabi/lib/thumb/v7e-m+fp/hard\libc_nano.a(libc_a-exit.o)
                              C:/ST/STM32CubeIDE_1.16.0/STM32CubeIDE/plugins/com.st.stm32cube.ide.mcu.externaltools.gnu-tools-for-stm32.12.3.rel1.win32_1.0.200.202406191623/tools/bin/../lib/gcc/arm-none-eabi/12.3.1/../../../../arm-none-eabi/lib/thumb/v7e-m+fp/hard/crt0.o (exit)
C:/ST/STM32CubeIDE_1.16.0/STM32CubeIDE/plugins/com.st.stm32cube.ide.mcu.externaltools.gnu-tools-for-stm32.12.3.rel1.win32_1.0.200.202406191623/tools/bin/../lib/gcc/arm-none-eabi/12.3.1/../../../../arm-none-eabi/lib/thumb/v7e-m+fp/hard\libc_nano.a(libc_a-findfp.o)
                              C:/ST/STM32CubeIDE_1.16.0/STM32CubeIDE/plugins/com.st.stm32cube.ide.mcu.externaltools.gnu-tools-for-stm32.12.3.rel1.win32_1.0.200.202406191623/tools/bin/../lib/gcc/arm-none-eabi/12.3.1/../../../../arm-none-eabi/lib/thumb/v7e-m+fp/hard\libc_nano.a(libc_a-exit.o) (__stdio_exit_handler)
C:/ST/STM32CubeIDE_1.16.0/STM32CubeIDE/plugins/com.st.stm32cube.ide.mcu.externaltools.gnu-tools-for-stm32.12.3.rel1.win32_1.0.200.202406191623/tools/bin/../lib/gcc/arm-none-eabi/12.3.1/../../../../arm-none-eabi/lib/thumb/v7e-m+fp/hard\libc_nano.a(libc_a-fwalk.o)
                              C:/ST/STM32CubeIDE_1.16.0/STM32CubeIDE/plugins/com.st.stm32cube.ide.mcu.externaltools.gnu-tools-for-stm32.12.3.rel1.win32_1.0.200.202406191623/tools/bin/../lib/gcc/arm-none-eabi/12.3.1/../../../../arm-none-eabi/lib/thumb/v7e-m+fp/hard\libc_nano.a(libc_a-findfp.o) (_fwalk_sglue)
C:/ST/STM32CubeIDE_1.16.0/STM32CubeIDE/plugins/com.st.stm32cube.ide.mcu.externaltools.gnu-tools-for-stm32.12.3.rel1.win32_1.0.200.202406191623/tools/bin/../lib/gcc/arm-none-eabi/12.3.1/../../../../arm-none-eabi/lib/thumb/v7e-m+fp/hard\libc_nano.a(libc_a-printf.o)
                              ./Core/Src/main.o (printf)
C:/ST/STM32CubeIDE_1.16.0/STM32CubeIDE/plugins/com.st.stm32cube.ide.mcu.externaltools.gnu-tools-for-stm32.12.3.rel1.win32_1.0.200.202406191623/tools/bin/../lib/gcc/arm-none-eabi/12.3.1/../../../../arm-none-eabi/lib/thumb/v7e-m+fp/hard\libc_nano.a(libc_a-putchar.o)
                              ./Core/Src/main.o (putchar)
C:/ST/STM32CubeIDE_1.16.0/STM32CubeIDE/plugins/com.st.stm32cube.ide.mcu.externaltools.gnu-tools-for-stm32.12.3.rel1.win32_1.0.200.202406191623/tools/bin/../lib/gcc/arm-none-eabi/12.3.1/../../../../arm-none-eabi/lib/thumb/v7e-m+fp/hard\libc_nano.a(libc_a-setvbuf.o)
                              ./Core/Src/retarget.o (setvbuf)
C:/ST/STM32CubeIDE_1.16.0/STM32CubeIDE/plugins/com.st.stm32cube.ide.mcu.externaltools.gnu-tools-for-stm32.12.3.rel1.win32_1.0.200.202406191623/tools/bin/../lib/gcc/arm-none-eabi/12.3.1/../../../../arm-none-eabi/lib/thumb/v7e-m+fp/hard\libc_nano.a(libc_a-stdio.o)
                              C:/ST/STM32CubeIDE_1.16.0/STM32CubeIDE/plugins/com.st.stm32cube.ide.mcu.externaltools.gnu-tools-for-stm32.12.3.rel1.win32_1.0.200.202406191623/tools/bin/../lib/gcc/arm-none-eabi/12.3.1/../../../../arm-none-eabi/lib/thumb/v7e-m+fp/hard\libc_nano.a(libc_a-findfp.o) (__sread)
C:/ST/STM32CubeIDE_1.16.0/STM32CubeIDE/plugins/com.st.stm32cube.ide.mcu.externaltools.gnu-tools-for-stm32.12.3.rel1.win32_1.0.200.202406191623/tools/bin/../lib/gcc/arm-none-eabi/12.3.1/../../../../arm-none-eabi/lib/thumb/v7e-m+fp/hard\libc_nano.a(libc_a-memset.o)
                              C:/ST/STM32CubeIDE_1.16.0/STM32CubeIDE/plugins/com.st.stm32cube.ide.mcu.externaltools.gnu-tools-for-stm32.12.3.rel1.win32_1.0.200.202406191623/tools/bin/../lib/gcc/arm-none-eabi/12.3.1/../../../../arm-none-eabi/lib/thumb/v7e-m+fp/hard/crt0.o (memset)
C:/ST/STM32CubeIDE_1.16.0/STM32CubeIDE/plugins/com.st.stm32cube.ide.mcu.externaltools.gnu-tools-for-stm32.12.3.rel1.win32_1.0.200.202406191623/tools/bin/../lib/gcc/arm-none-eabi/12.3.1/../../../../arm-none-eabi/lib/thumb/v7e-m+fp/hard\libc_nano.a(libc_a-closer.o)
                              C:/ST/STM32CubeIDE_1.16.0/STM32CubeIDE/plugins/com.st.stm32cube.ide.mcu.externaltools.gnu-tools-for-stm32.12.3.rel1.win32_1.0.200.202406191623/tools/bin/../lib/gcc/arm-none-eabi/12.3.1/../../../../arm-none-eabi/lib/thumb/v7e-m+fp/hard\libc_nano.a(libc_a-stdio.o) (_close_r)
C:/ST/STM32CubeIDE_1.16.0/STM32CubeIDE/plugins/com.st.stm32cube.ide.mcu.externaltools.gnu-tools-for-stm32.12.3.rel1.win32_1.0.200.202406191623/tools/bin/../lib/gcc/arm-none-eabi/12.3.1/../../../../arm-none-eabi/lib/thumb/v7e-m+fp/hard\libc_nano.a(libc_a-reent.o)
                              C:/ST/STM32CubeIDE_1.16.0/STM32CubeIDE/plugins/com.st.stm32cube.ide.mcu.externaltools.gnu-tools-for-stm32.12.3.rel1.win32_1.0.200.202406191623/tools/bin/../lib/gcc/arm-none-eabi/12.3.1/../../../../arm-none-eabi/lib/thumb/v7e-m+fp/hard\libc_nano.a(libc_a-closer.o) (errno)
[...]
Memory Configuration

Name             Origin             Length             Attributes
RAM              0x20000000         0x00018000         xrw
RAM2             0x10000000         0x00008000         xrw
FLASH            0x08000000         0x00100000         xr
*default*        0x00000000         0xffffffff

Linker script and memory map

LOAD C:/ST/STM32CubeIDE_1.16.0/STM32CubeIDE/plugins/com.st.stm32cube.ide.mcu.externaltools.gnu-tools-for-stm32.12.3.rel1.win32_1.0.200.202406191623/tools/bin/../lib/gcc/arm-none-eabi/12.3.1/thumb/v7e-m+fp/hard/crti.o
LOAD C:/ST/STM32CubeIDE_1.16.0/STM32CubeIDE/plugins/com.st.stm32cube.ide.mcu.externaltools.gnu-tools-for-stm32.12.3.rel1.win32_1.0.200.202406191623/tools/bin/../lib/gcc/arm-none-eabi/12.3.1/thumb/v7e-m+fp/hard/crtbegin.o
LOAD C:/ST/STM32CubeIDE_1.16.0/STM32CubeIDE/plugins/com.st.stm32cube.ide.mcu.externaltools.gnu-tools-for-stm32.12.3.rel1.win32_1.0.200.202406191623/tools/bin/../lib/gcc/arm-none-eabi/12.3.1/../../../../arm-none-eabi/lib/thumb/v7e-m+fp/hard/crt0.o
LOAD ./Core/Src/main.o
LOAD ./Core/Src/retarget.o
LOAD ./Core/Src/stm32l4xx_hal_msp.o
LOAD ./Core/Src/stm32l4xx_it.o
LOAD ./Core/Src/syscalls.o
LOAD ./Core/Src/sysmem.o
LOAD ./Core/Src/system_stm32l4xx.o
LOAD ./Core/Startup/startup_stm32l476rgtx.o
LOAD ./Drivers/STM32L4xx_HAL_Driver/Src/stm32l4xx_hal.o
LOAD ./Drivers/STM32L4xx_HAL_Driver/Src/stm32l4xx_hal_cortex.o
LOAD ./Drivers/STM32L4xx_HAL_Driver/Src/stm32l4xx_hal_dma.o
LOAD ./Drivers/STM32L4xx_HAL_Driver/Src/stm32l4xx_hal_dma_ex.o
LOAD ./Drivers/STM32L4xx_HAL_Driver/Src/stm32l4xx_hal_exti.o
LOAD ./Drivers/STM32L4xx_HAL_Driver/Src/stm32l4xx_hal_flash.o
LOAD ./Drivers/STM32L4xx_HAL_Driver/Src/stm32l4xx_hal_flash_ex.o
LOAD ./Drivers/STM32L4xx_HAL_Driver/Src/stm32l4xx_hal_flash_ramfunc.o
LOAD ./Drivers/STM32L4xx_HAL_Driver/Src/stm32l4xx_hal_gpio.o
LOAD ./Drivers/STM32L4xx_HAL_Driver/Src/stm32l4xx_hal_i2c.o
LOAD ./Drivers/STM32L4xx_HAL_Driver/Src/stm32l4xx_hal_i2c_ex.o
LOAD ./Drivers/STM32L4xx_HAL_Driver/Src/stm32l4xx_hal_pwr.o
LOAD ./Drivers/STM32L4xx_HAL_Driver/Src/stm32l4xx_hal_pwr_ex.o
LOAD ./Drivers/STM32L4xx_HAL_Driver/Src/stm32l4xx_hal_rcc.o
LOAD ./Drivers/STM32L4xx_HAL_Driver/Src/stm32l4xx_hal_rcc_ex.o
LOAD ./Drivers/STM32L4xx_HAL_Driver/Src/stm32l4xx_hal_tim.o
LOAD ./Drivers/STM32L4xx_HAL_Driver/Src/stm32l4xx_hal_tim_ex.o
LOAD ./Drivers/STM32L4xx_HAL_Driver/Src/stm32l4xx_hal_uart.o
LOAD ./Drivers/STM32L4xx_HAL_Driver/Src/stm32l4xx_hal_uart_ex.o
LOAD ./Middlewares/uCOSII/Cfg/Template/app_hooks.o
LOAD ./Middlewares/uCOSII/Ports/ARM-Cortex-M/ARMv7-M/GNU/os_cpu_a.o
LOAD ./Middlewares/uCOSII/Ports/ARM-Cortex-M/ARMv7-M/GNU/os_cpu_c.o
LOAD ./Middlewares/uCOSII/Ports/ARM-Cortex-M/ARMv7-M/GNU/os_dbg.o
LOAD ./Middlewares/uCOSII/Source/os_core.o
LOAD ./Middlewares/uCOSII/Source/os_flag.o
LOAD ./Middlewares/uCOSII/Source/os_mbox.o
LOAD ./Middlewares/uCOSII/Source/os_mem.o
LOAD ./Middlewares/uCOSII/Source/os_mutex.o
LOAD ./Middlewares/uCOSII/Source/os_q.o
LOAD ./Middlewares/uCOSII/Source/os_sem.o
LOAD ./Middlewares/uCOSII/Source/os_task.o
LOAD ./Middlewares/uCOSII/Source/os_time.o
LOAD ./Middlewares/uCOSII/Source/os_tmr.o
LOAD ./Middlewares/uCOSII/Source/ucos_ii.o
START GROUP
LOAD C:/ST/STM32CubeIDE_1.16.0/STM32CubeIDE/plugins/com.st.stm32cube.ide.mcu.externaltools.gnu-tools-for-stm32.12.3.rel1.win32_1.0.200.202406191623/tools/bin/../lib/gcc/arm-none-eabi/12.3.1/../../../../arm-none-eabi/lib/thumb/v7e-m+fp/hard\libc_nano.a
LOAD C:/ST/STM32CubeIDE_1.16.0/STM32CubeIDE/plugins/com.st.stm32cube.ide.mcu.externaltools.gnu-tools-for-stm32.12.3.rel1.win32_1.0.200.202406191623/tools/bin/../lib/gcc/arm-none-eabi/12.3.1/../../../../arm-none-eabi/lib/thumb/v7e-m+fp/hard\libm.a
END GROUP
START GROUP
LOAD C:/ST/STM32CubeIDE_1.16.0/STM32CubeIDE/plugins/com.st.stm32cube.ide.mcu.externaltools.gnu-tools-for-stm32.12.3.rel1.win32_1.0.200.202406191623/tools/bin/../lib/gcc/arm-none-eabi/12.3.1/thumb/v7e-m+fp/hard\libgcc.a
LOAD C:/ST/STM32CubeIDE_1.16.0/STM32CubeIDE/plugins/com.st.stm32cube.ide.mcu.externaltools.gnu-tools-for-stm32.12.3.rel1.win32_1.0.200.202406191623/tools/bin/../lib/gcc/arm-none-eabi/12.3.1/../../../../arm-none-eabi/lib/thumb/v7e-m+fp/hard\libc_nano.a
END GROUP
START GROUP
LOAD C:/ST/STM32CubeIDE_1.16.0/STM32CubeIDE/plugins/com.st.stm32cube.ide.mcu.externaltools.gnu-tools-for-stm32.12.3.rel1.win32_1.0.200.202406191623/tools/bin/../lib/gcc/arm-none-eabi/12.3.1/thumb/v7e-m+fp/hard\libgcc.a
LOAD C:/ST/STM32CubeIDE_1.16.0/STM32CubeIDE/plugins/com.st.stm32cube.ide.mcu.externaltools.gnu-tools-for-stm32.12.3.rel1.win32_1.0.200.202406191623/tools/bin/../lib/gcc/arm-none-eabi/12.3.1/../../../../arm-none-eabi/lib/thumb/v7e-m+fp/hard\libc_nano.a
LOAD C:/ST/STM32CubeIDE_1.16.0/STM32CubeIDE/plugins/com.st.stm32cube.ide.mcu.externaltools.gnu-tools-for-stm32.12.3.rel1.win32_1.0.200.202406191623/tools/bin/../lib/gcc/arm-none-eabi/12.3.1/../../../../arm-none-eabi/lib/thumb/v7e-m+fp/hard\libnosys.a
END GROUP
START GROUP
LOAD C:/ST/STM32CubeIDE_1.16.0/STM32CubeIDE/plugins/com.st.stm32cube.ide.mcu.externaltools.gnu-tools-for-stm32.12.3.rel1.win32_1.0.200.202406191623/tools/bin/../lib/gcc/arm-none-eabi/12.3.1/thumb/v7e-m+fp/hard\libgcc.a
LOAD C:/ST/STM32CubeIDE_1.16.0/STM32CubeIDE/plugins/com.st.stm32cube.ide.mcu.externaltools.gnu-tools-for-stm32.12.3.rel1.win32_1.0.200.202406191623/tools/bin/../lib/gcc/arm-none-eabi/12.3.1/../../../../arm-none-eabi/lib/thumb/v7e-m+fp/hard\libc_nano.a
LOAD C:/ST/STM32CubeIDE_1.16.0/STM32CubeIDE/plugins/com.st.stm32cube.ide.mcu.externaltools.gnu-tools-for-stm32.12.3.rel1.win32_1.0.200.202406191623/tools/bin/../lib/gcc/arm-none-eabi/12.3.1/../../../../arm-none-eabi/lib/thumb/v7e-m+fp/hard\libnosys.a
END GROUP
LOAD C:/ST/STM32CubeIDE_1.16.0/STM32CubeIDE/plugins/com.st.stm32cube.ide.mcu.externaltools.gnu-tools-for-stm32.12.3.rel1.win32_1.0.200.202406191623/tools/bin/../lib/gcc/arm-none-eabi/12.3.1/thumb/v7e-m+fp/hard/crtend.o
LOAD C:/ST/STM32CubeIDE_1.16.0/STM32CubeIDE/plugins/com.st.stm32cube.ide.mcu.externaltools.gnu-tools-for-stm32.12.3.rel1.win32_1.0.200.202406191623/tools/bin/../lib/gcc/arm-none-eabi/12.3.1/thumb/v7e-m+fp/hard/crtn.o
                0x20018000                        _estack = (ORIGIN (RAM) + LENGTH (RAM))
                0x00000200                        _Min_Heap_Size = 0x200
                0x00000400                        _Min_Stack_Size = 0x400

.isr_vector     0x08000000      0x188
                0x08000000                        . = ALIGN (0x4)
 *(.isr_vector)
 .isr_vector    0x08000000      0x188 ./Core/Startup/startup_stm32l476rgtx.o
                0x08000000                g_pfnVectors
                0x08000188                        . = ALIGN (0x4)

.text           0x08000190     0x71b0
                0x08000190                        . = ALIGN (0x4)
 *(.text)
 .text          0x08000190       0x40 C:/ST/STM32CubeIDE_1.16.0/STM32CubeIDE/plugins/com.st.stm32cube.ide.mcu.externaltools.gnu-tools-for-stm32.12.3.rel1.win32_1.0.200.202406191623/tools/bin/../lib/gcc/arm-none-eabi/12.3.1/thumb/v7e-m+fp/hard/crtbegin.o
 .text          0x080001d0      0x160 ./Middlewares/uCOSII/Ports/ARM-Cortex-M/ARMv7-M/GNU/os_cpu_a.o
                0x080001d0                OS_CPU_FP_Reg_Push
                0x080001e2                OS_CPU_FP_Reg_Pop
                0x080001ee                OS_CPU_SR_Save
                0x0800020a                OS_CPU_SR_Restore
                0x0800021c                OSStartHighRdy
                0x0800029c                OSIntCtxSw
                0x0800029c                OSCtxSw
                0x080002a6                OS_CPU_PendSVHandler
 .text          0x08000330       0x10 C:/ST/STM32CubeIDE_1.16.0/STM32CubeIDE/plugins/com.st.stm32cube.ide.mcu.externaltools.gnu-tools-for-stm32.12.3.rel1.win32_1.0.200.202406191623/tools/bin/../lib/gcc/arm-none-eabi/12.3.1/../../../../arm-none-eabi/lib/thumb/v7e-m+fp/hard\libc_nano.a(libc_a-strlen.o)
                0x08000330                strlen
 .text          0x08000340       0xa0 C:/ST/STM32CubeIDE_1.16.0/STM32CubeIDE/plugins/com.st.stm32cube.ide.mcu.externaltools.gnu-tools-for-stm32.12.3.rel1.win32_1.0.200.202406191623/tools/bin/../lib/gcc/arm-none-eabi/12.3.1/../../../../arm-none-eabi/lib/thumb/v7e-m+fp/hard\libc_nano.a(libc_a-memchr.o)
                0x08000340                memchr
 .text          0x080003e0       0x30 C:/ST/STM32CubeIDE_1.16.0/STM32CubeIDE/plugins/com.st.stm32cube.ide.mcu.externaltools.gnu-tools-for-stm32.12.3.rel1.win32_1.0.200.202406191623/tools/bin/../lib/gcc/arm-none-eabi/12.3.1/thumb/v7e-m+fp/hard\libgcc.a(_aeabi_uldivmod.o)
                0x080003e0                __aeabi_uldivmod
 .text          0x08000410      0x2bc C:/ST/STM32CubeIDE_1.16.0/STM32CubeIDE/plugins/com.st.stm32cube.ide.mcu.externaltools.gnu-tools-for-stm32.12.3.rel1.win32_1.0.200.202406191623/tools/bin/../lib/gcc/arm-none-eabi/12.3.1/thumb/v7e-m+fp/hard\libgcc.a(_udivmoddi4.o)
                0x08000410                __udivmoddi4
 .text          0x080006cc        0x4 C:/ST/STM32CubeIDE_1.16.0/STM32CubeIDE/plugins/com.st.stm32cube.ide.mcu.externaltools.gnu-tools-for-stm32.12.3.rel1.win32_1.0.200.202406191623/tools/bin/../lib/gcc/arm-none-eabi/12.3.1/thumb/v7e-m+fp/hard\libgcc.a(_dvmd_tls.o)
                0x080006cc                __aeabi_idiv0
                0x080006cc                __aeabi_ldiv0
 *(.text*)
 .text.main     0x080006d0       0xd0 ./Core/Src/main.o
                0x080006d0                main
 .text.task1    0x080007a0       0xa8 ./Core/Src/main.o
                0x080007a0                task1
 .text.task2    0x08000848       0xb0 ./Core/Src/main.o
                0x08000848                task2
 .text.task3    0x080008f8       0x8c ./Core/Src/main.o
                0x080008f8                task3
 .text.SystemClock_Config
                0x08000984       0xa2 ./Core/Src/main.o
                0x08000984                SystemClock_Config
 *fill*         0x08000a26        0x2 
 .text.MX_USART2_UART_Init
                0x08000a28       0x60 ./Core/Src/main.o
 .text.MX_GPIO_Init
                0x08000a88       0xcc ./Core/Src/main.o
 .text.Error_Handler
                0x08000b54        0xc ./Core/Src/main.o
                0x08000b54                Error_Handler
 .text.RetargetInit
                0x08000b60       0x30 ./Core/Src/retarget.o
                0x08000b60                RetargetInit
 .text._isatty  0x08000b90       0x2c ./Core/Src/retarget.o
                0x08000b90                _isatty
 .text._write   0x08000bbc       0x58 ./Core/Src/retarget.o
                0x08000bbc                _write
 .text._close   0x08000c14       0x2e ./Core/Src/retarget.o
                0x08000c14                _close
 *fill*         0x08000c42        0x2 
 .text._read    0x08000c44       0x50 ./Core/Src/retarget.o
                0x08000c44                _read
 .text._fstat   0x08000c94       0x36 ./Core/Src/retarget.o
                0x08000c94                _fstat
 *fill*         0x08000cca        0x2 
 .text.HAL_MspInit
                0x08000ccc       0x48 ./Core/Src/stm32l4xx_hal_msp.o
                0x08000ccc                HAL_MspInit
 .text.HAL_UART_MspInit
                0x08000d14       0xb8 ./Core/Src/stm32l4xx_hal_msp.o
                0x08000d14                HAL_UART_MspInit
 .text.NMI_Handler
                0x08000dcc        0x8 ./Core/Src/stm32l4xx_it.o
                0x08000dcc                NMI_Handler
 .text.HardFault_Handler
                0x08000dd4        0x8 ./Core/Src/stm32l4xx_it.o
                0x08000dd4                HardFault_Handler
 .text.MemManage_Handler
                0x08000ddc        0x8 ./Core/Src/stm32l4xx_it.o
                0x08000ddc                MemManage_Handler
 .text.BusFault_Handler
                0x08000de4        0x8 ./Core/Src/stm32l4xx_it.o
                0x08000de4                BusFault_Handler
 .text.UsageFault_Handler
                0x08000dec        0x8 ./Core/Src/stm32l4xx_it.o
                0x08000dec                UsageFault_Handler
 .text.SVC_Handler
                0x08000df4        0xe ./Core/Src/stm32l4xx_it.o
                0x08000df4                SVC_Handler
 .text.DebugMon_Handler
                0x08000e02        0xe ./Core/Src/stm32l4xx_it.o
                0x08000e02                DebugMon_Handler
 .text._lseek   0x08000e10       0x1a ./Core/Src/syscalls.o
                0x08000e10                _lseek
 *fill*         0x08000e2a        0x2 
 .text._sbrk    0x08000e2c       0x6c ./Core/Src/sysmem.o
                0x08000e2c                _sbrk
 .text.SystemInit
                0x08000e98       0x24 ./Core/Src/system_stm32l4xx.o
                0x08000e98                SystemInit
 .text.Reset_Handler
                0x08000ebc       0x50 ./Core/Startup/startup_stm32l476rgtx.o
                0x08000ebc                Reset_Handler
 .text.Default_Handler
                0x08000f0c        0x2 ./Core/Startup/startup_stm32l476rgtx.o
                0x08000f0c                RTC_Alarm_IRQHandler
                0x08000f0c                EXTI2_IRQHandler
                0x08000f0c                TIM8_TRG_COM_IRQHandler
                0x08000f0c                TIM8_CC_IRQHandler
                0x08000f0c                TIM1_CC_IRQHandler
                0x08000f0c                TSC_IRQHandler
                0x08000f0c                TAMP_STAMP_IRQHandler
                0x08000f0c                EXTI3_IRQHandler
                0x08000f0c                LPTIM2_IRQHandler
                0x08000f0c                DFSDM1_FLT1_IRQHandler
                0x08000f0c                I2C3_ER_IRQHandler
                0x08000f0c                DFSDM1_FLT2_IRQHandler
                0x08000f0c                EXTI0_IRQHandler
                0x08000f0c                I2C2_EV_IRQHandler
                0x08000f0c                CAN1_RX0_IRQHandler
                0x08000f0c                FPU_IRQHandler
                0x08000f0c                TIM1_UP_TIM16_IRQHandler
                0x08000f0c                ADC1_2_IRQHandler
                0x08000f0c                SPI1_IRQHandler
                0x08000f0c                TIM6_DAC_IRQHandler
                0x08000f0c                TIM8_UP_IRQHandler
                0x08000f0c                DMA2_Channel2_IRQHandler
                0x08000f0c                DMA1_Channel4_IRQHandler
                0x08000f0c                SAI2_IRQHandler
                0x08000f0c                DFSDM1_FLT3_IRQHandler
                0x08000f0c                USART3_IRQHandler
                0x08000f0c                DMA1_Channel7_IRQHandler
                0x08000f0c                CAN1_RX1_IRQHandler
                0x08000f0c                LCD_IRQHandler
                0x08000f0c                UART5_IRQHandler
                0x08000f0c                ADC3_IRQHandler
                0x08000f0c                TIM4_IRQHandler
                0x08000f0c                DMA2_Channel1_IRQHandler
                0x08000f0c                QUADSPI_IRQHandler
                0x08000f0c                I2C1_EV_IRQHandler
                0x08000f0c                DMA1_Channel6_IRQHandler
                0x08000f0c                UART4_IRQHandler
                0x08000f0c                DMA2_Channel4_IRQHandler
                0x08000f0c                TIM3_IRQHandler
                0x08000f0c                RCC_IRQHandler
                0x08000f0c                DMA1_Channel1_IRQHandler
                0x08000f0c                Default_Handler
                0x08000f0c                DMA2_Channel7_IRQHandler
                0x08000f0c                EXTI15_10_IRQHandler
                0x08000f0c                TIM7_IRQHandler
                0x08000f0c                SDMMC1_IRQHandler
                0x08000f0c                TIM5_IRQHandler
                0x08000f0c                I2C3_EV_IRQHandler
                0x08000f0c                EXTI9_5_IRQHandler
                0x08000f0c                RTC_WKUP_IRQHandler
                0x08000f0c                PVD_PVM_IRQHandler
                0x08000f0c                SPI2_IRQHandler
                0x08000f0c                CAN1_TX_IRQHandler
                0x08000f0c                DMA2_Channel5_IRQHandler
                0x08000f0c                DMA1_Channel5_IRQHandler
                0x08000f0c                EXTI4_IRQHandler
                0x08000f0c                RNG_IRQHandler
                0x08000f0c                TIM1_TRG_COM_TIM17_IRQHandler
                0x08000f0c                DMA1_Channel3_IRQHandler
                0x08000f0c                COMP_IRQHandler
                0x08000f0c                WWDG_IRQHandler
                0x08000f0c                LPUART1_IRQHandler
                0x08000f0c                DMA2_Channel6_IRQHandler
                0x08000f0c                TIM2_IRQHandler
                0x08000f0c                EXTI1_IRQHandler
                0x08000f0c                USART2_IRQHandler
                0x08000f0c                DFSDM1_FLT0_IRQHandler
                0x08000f0c                I2C2_ER_IRQHandler
                0x08000f0c                DMA1_Channel2_IRQHandler
                0x08000f0c                TIM8_BRK_IRQHandler
                0x08000f0c                CAN1_SCE_IRQHandler
                0x08000f0c                FLASH_IRQHandler
                0x08000f0c                USART1_IRQHandler
                0x08000f0c                OTG_FS_IRQHandler
                0x08000f0c                SPI3_IRQHandler
                0x08000f0c                I2C1_ER_IRQHandler
                0x08000f0c                FMC_IRQHandler
                0x08000f0c                SWPMI1_IRQHandler
                0x08000f0c                LPTIM1_IRQHandler
                0x08000f0c                SAI1_IRQHandler
                0x08000f0c                DMA2_Channel3_IRQHandler
                0x08000f0c                TIM1_BRK_TIM15_IRQHandler
 *fill*         0x08000f0e        0x2 
 .text.HAL_Init
                0x08000f10       0x40 ./Drivers/STM32L4xx_HAL_Driver/Src/stm32l4xx_hal.o
                0x08000f10                HAL_Init
 .text.HAL_InitTick
                0x08000f50       0x78 ./Drivers/STM32L4xx_HAL_Driver/Src/stm32l4xx_hal.o
                0x08000f50                HAL_InitTick
 .text.HAL_GetTick
                0x08000fc8       0x18 ./Drivers/STM32L4xx_HAL_Driver/Src/stm32l4xx_hal.o
                0x08000fc8                HAL_GetTick
 .text.__NVIC_SetPriorityGrouping
                0x08000fe0       0x48 ./Drivers/STM32L4xx_HAL_Driver/Src/stm32l4xx_hal_cortex.o
 .text.__NVIC_GetPriorityGrouping
                0x08001028       0x1c ./Drivers/STM32L4xx_HAL_Driver/Src/stm32l4xx_hal_cortex.o
 .text.__NVIC_SetPriority
                0x08001044       0x54 ./Drivers/STM32L4xx_HAL_Driver/Src/stm32l4xx_hal_cortex.o
 .text.NVIC_EncodePriority
                0x08001098       0x66 ./Drivers/STM32L4xx_HAL_Driver/Src/stm32l4xx_hal_cortex.o
 *fill*         0x080010fe        0x2 
 .text.SysTick_Config
                0x08001100       0x44 ./Drivers/STM32L4xx_HAL_Driver/Src/stm32l4xx_hal_cortex.o
 .text.HAL_NVIC_SetPriorityGrouping
                0x08001144       0x16 ./Drivers/STM32L4xx_HAL_Driver/Src/stm32l4xx_hal_cortex.o
                0x08001144                HAL_NVIC_SetPriorityGrouping
 .text.HAL_NVIC_SetPriority
                0x0800115a       0x38 ./Drivers/STM32L4xx_HAL_Driver/Src/stm32l4xx_hal_cortex.o
                0x0800115a                HAL_NVIC_SetPriority
 .text.HAL_SYSTICK_Config
                0x08001192       0x18 ./Drivers/STM32L4xx_HAL_Driver/Src/stm32l4xx_hal_cortex.o
                0x08001192                HAL_SYSTICK_Config
 *fill*         0x080011aa        0x2 
 .text.HAL_GPIO_Init
                0x080011ac      0x354 ./Drivers/STM32L4xx_HAL_Driver/Src/stm32l4xx_hal_gpio.o
                0x080011ac                HAL_GPIO_Init
 .text.HAL_GPIO_WritePin
                0x08001500       0x30 ./Drivers/STM32L4xx_HAL_Driver/Src/stm32l4xx_hal_gpio.o
                0x08001500                HAL_GPIO_WritePin
 .text.HAL_PWREx_GetVoltageRange
                0x08001530       0x1c ./Drivers/STM32L4xx_HAL_Driver/Src/stm32l4xx_hal_pwr_ex.o
                0x08001530                HAL_PWREx_GetVoltageRange
 .text.HAL_PWREx_ControlVoltageScaling
                0x0800154c       0xac ./Drivers/STM32L4xx_HAL_Driver/Src/stm32l4xx_hal_pwr_ex.o
                0x0800154c                HAL_PWREx_ControlVoltageScaling
 .text.HAL_RCC_OscConfig
                0x080015f8      0x7b8 ./Drivers/STM32L4xx_HAL_Driver/Src/stm32l4xx_hal_rcc.o
                0x080015f8                HAL_RCC_OscConfig
 .text.HAL_RCC_ClockConfig
                0x08001db0      0x200 ./Drivers/STM32L4xx_HAL_Driver/Src/stm32l4xx_hal_rcc.o
                0x08001db0                HAL_RCC_ClockConfig
 .text.HAL_RCC_GetSysClockFreq
                0x08001fb0      0x118 ./Drivers/STM32L4xx_HAL_Driver/Src/stm32l4xx_hal_rcc.o
                0x08001fb0                HAL_RCC_GetSysClockFreq
 .text.HAL_RCC_GetHCLKFreq
                0x080020c8       0x18 ./Drivers/STM32L4xx_HAL_Driver/Src/stm32l4xx_hal_rcc.o
                0x080020c8                HAL_RCC_GetHCLKFreq
 .text.HAL_RCC_GetPCLK1Freq
                0x080020e0       0x2c ./Drivers/STM32L4xx_HAL_Driver/Src/stm32l4xx_hal_rcc.o
                0x080020e0                HAL_RCC_GetPCLK1Freq
 .text.HAL_RCC_GetPCLK2Freq
                0x0800210c       0x2c ./Drivers/STM32L4xx_HAL_Driver/Src/stm32l4xx_hal_rcc.o
                0x0800210c                HAL_RCC_GetPCLK2Freq
 .text.RCC_SetFlashLatencyFromMSIRange
                0x08002138       0xc0 ./Drivers/STM32L4xx_HAL_Driver/Src/stm32l4xx_hal_rcc.o
 .text.HAL_RCCEx_PeriphCLKConfig
                0x080021f8      0x5d4 ./Drivers/STM32L4xx_HAL_Driver/Src/stm32l4xx_hal_rcc_ex.o
                0x080021f8                HAL_RCCEx_PeriphCLKConfig
 .text.RCCEx_PLLSAI1_Config
                0x080027cc      0x1e8 ./Drivers/STM32L4xx_HAL_Driver/Src/stm32l4xx_hal_rcc_ex.o
 .text.RCCEx_PLLSAI2_Config
                0x080029b4      0x1bc ./Drivers/STM32L4xx_HAL_Driver/Src/stm32l4xx_hal_rcc_ex.o
 .text.HAL_UART_Init
                0x08002b70       0x9c ./Drivers/STM32L4xx_HAL_Driver/Src/stm32l4xx_hal_uart.o
                0x08002b70                HAL_UART_Init
 .text.HAL_UART_Transmit
                0x08002c0c      0x112 ./Drivers/STM32L4xx_HAL_Driver/Src/stm32l4xx_hal_uart.o
                0x08002c0c                HAL_UART_Transmit
 .text.HAL_UART_Receive
                0x08002d1e      0x192 ./Drivers/STM32L4xx_HAL_Driver/Src/stm32l4xx_hal_uart.o
                0x08002d1e                HAL_UART_Receive
 .text.UART_SetConfig
                0x08002eb0      0x570 ./Drivers/STM32L4xx_HAL_Driver/Src/stm32l4xx_hal_uart.o
                0x08002eb0                UART_SetConfig
 .text.UART_AdvFeatureConfig
                0x08003420      0x144 ./Drivers/STM32L4xx_HAL_Driver/Src/stm32l4xx_hal_uart.o
                0x08003420                UART_AdvFeatureConfig
 .text.UART_CheckIdleState
                0x08003564      0x150 ./Drivers/STM32L4xx_HAL_Driver/Src/stm32l4xx_hal_uart.o
                0x08003564                UART_CheckIdleState
 .text.UART_WaitOnFlagUntilTimeout
                0x080036b4       0xda ./Drivers/STM32L4xx_HAL_Driver/Src/stm32l4xx_hal_uart.o
                0x080036b4                UART_WaitOnFlagUntilTimeout
 .text.UART_EndRxTransfer
                0x0800378e       0xc8 ./Drivers/STM32L4xx_HAL_Driver/Src/stm32l4xx_hal_uart.o
 .text.App_TaskCreateHook
                0x08003856       0x14 ./Middlewares/uCOSII/Cfg/Template/app_hooks.o
                0x08003856                App_TaskCreateHook
 .text.App_TaskDelHook
                0x0800386a       0x14 ./Middlewares/uCOSII/Cfg/Template/app_hooks.o
                0x0800386a                App_TaskDelHook
 .text.App_TaskIdleHook
                0x0800387e        0xe ./Middlewares/uCOSII/Cfg/Template/app_hooks.o
                0x0800387e                App_TaskIdleHook
 .text.App_TaskStatHook
                0x0800388c        0xe ./Middlewares/uCOSII/Cfg/Template/app_hooks.o
                0x0800388c                App_TaskStatHook
 .text.App_TaskReturnHook
                0x0800389a       0x14 ./Middlewares/uCOSII/Cfg/Template/app_hooks.o
                0x0800389a                App_TaskReturnHook
 .text.App_TaskSwHook
                0x080038ae        0xe ./Middlewares/uCOSII/Cfg/Template/app_hooks.o
                0x080038ae                App_TaskSwHook
 .text.App_TCBInitHook
                0x080038bc       0x14 ./Middlewares/uCOSII/Cfg/Template/app_hooks.o
                0x080038bc                App_TCBInitHook
 .text.App_TimeTickHook
                0x080038d0        0xe ./Middlewares/uCOSII/Cfg/Template/app_hooks.o
                0x080038d0                App_TimeTickHook
 *fill*         0x080038de        0x2 
 .text.OSInitHookBegin
                0x080038e0       0x84 ./Middlewares/uCOSII/Ports/ARM-Cortex-M/ARMv7-M/GNU/os_cpu_c.o
                0x080038e0                OSInitHookBegin
 .text.OSInitHookEnd
                0x08003964        0xe ./Middlewares/uCOSII/Ports/ARM-Cortex-M/ARMv7-M/GNU/os_cpu_c.o
                0x08003964                OSInitHookEnd
 .text.OSTaskCreateHook
                0x08003972       0x16 ./Middlewares/uCOSII/Ports/ARM-Cortex-M/ARMv7-M/GNU/os_cpu_c.o
                0x08003972                OSTaskCreateHook
 .text.OSTaskDelHook
                0x08003988       0x16 ./Middlewares/uCOSII/Ports/ARM-Cortex-M/ARMv7-M/GNU/os_cpu_c.o
                0x08003988                OSTaskDelHook
 .text.OSTaskIdleHook
                0x0800399e        0xc ./Middlewares/uCOSII/Ports/ARM-Cortex-M/ARMv7-M/GNU/os_cpu_c.o
                0x0800399e                OSTaskIdleHook
 .text.OSTaskReturnHook
                0x080039aa       0x16 ./Middlewares/uCOSII/Ports/ARM-Cortex-M/ARMv7-M/GNU/os_cpu_c.o
                0x080039aa                OSTaskReturnHook
 .text.OSTaskStatHook
                0x080039c0        0xc ./Middlewares/uCOSII/Ports/ARM-Cortex-M/ARMv7-M/GNU/os_cpu_c.o
                0x080039c0                OSTaskStatHook
 .text.OSTaskStkInit
                0x080039cc      0x320 ./Middlewares/uCOSII/Ports/ARM-Cortex-M/ARMv7-M/GNU/os_cpu_c.o
                0x080039cc                OSTaskStkInit
 .text.OSTaskSwHook
                0x08003cec       0x2c ./Middlewares/uCOSII/Ports/ARM-Cortex-M/ARMv7-M/GNU/os_cpu_c.o
                0x08003cec                OSTaskSwHook
 .text.OSTCBInitHook
                0x08003d18       0x16 ./Middlewares/uCOSII/Ports/ARM-Cortex-M/ARMv7-M/GNU/os_cpu_c.o
                0x08003d18                OSTCBInitHook
 *fill*         0x08003d2e        0x2 
 .text.OSTimeTickHook
                0x08003d30       0x30 ./Middlewares/uCOSII/Ports/ARM-Cortex-M/ARMv7-M/GNU/os_cpu_c.o
                0x08003d30                OSTimeTickHook
 .text.OS_CPU_SysTickHandler
                0x08003d60       0x28 ./Middlewares/uCOSII/Ports/ARM-Cortex-M/ARMv7-M/GNU/os_cpu_c.o
                0x08003d60                OS_CPU_SysTickHandler
 .text.OSDebugInit
                0x08003d88      0x1dc ./Middlewares/uCOSII/Ports/ARM-Cortex-M/ARMv7-M/GNU/os_dbg.o
                0x08003d88                OSDebugInit
 .text.OSEventNameSet
                0x08003f64       0x74 ./Middlewares/uCOSII/Source/os_core.o
                0x08003f64                OSEventNameSet
 .text.OSInit   0x08003fd8       0x3c ./Middlewares/uCOSII/Source/os_core.o
                0x08003fd8                OSInit
 .text.OSIntEnter
                0x08004014       0x34 ./Middlewares/uCOSII/Source/os_core.o
                0x08004014                OSIntEnter
 .text.OSIntExit
                0x08004048       0xa4 ./Middlewares/uCOSII/Source/os_core.o
                0x08004048                OSIntExit
 .text.OSSchedLock
                0x080040ec       0x50 ./Middlewares/uCOSII/Source/os_core.o
                0x080040ec                OSSchedLock
 .text.OSSchedUnlock
                0x0800413c       0x74 ./Middlewares/uCOSII/Source/os_core.o
                0x0800413c                OSSchedUnlock
 .text.OSStart  0x080041b0       0x50 ./Middlewares/uCOSII/Source/os_core.o
                0x080041b0                OSStart
 .text.OSTimeTick
                0x08004200      0x144 ./Middlewares/uCOSII/Source/os_core.o
                0x08004200                OSTimeTick
 .text.OS_Dummy
                0x08004344        0xe ./Middlewares/uCOSII/Source/os_core.o
                0x08004344                OS_Dummy
 *fill*         0x08004352        0x2 
 .text.OS_EventTaskRdy
                0x08004354       0xec ./Middlewares/uCOSII/Source/os_core.o
                0x08004354                OS_EventTaskRdy
 .text.OS_EventTaskWait
                0x08004440       0xb0 ./Middlewares/uCOSII/Source/os_core.o
                0x08004440                OS_EventTaskWait
 .text.OS_EventTaskRemove
                0x080044f0       0x66 ./Middlewares/uCOSII/Source/os_core.o
                0x080044f0                OS_EventTaskRemove
 .text.OS_EventTaskRemoveMulti
                0x08004556       0x88 ./Middlewares/uCOSII/Source/os_core.o
                0x08004556                OS_EventTaskRemoveMulti
 .text.OS_EventWaitListInit
                0x080045de       0x38 ./Middlewares/uCOSII/Source/os_core.o
                0x080045de                OS_EventWaitListInit
 *fill*         0x08004616        0x2 
 .text.OS_InitEventList
                0x08004618       0x94 ./Middlewares/uCOSII/Source/os_core.o
 .text.OS_InitMisc
                0x080046ac       0x7c ./Middlewares/uCOSII/Source/os_core.o
 .text.OS_InitRdyList
                0x08004728       0x64 ./Middlewares/uCOSII/Source/os_core.o
 .text.OS_InitTaskIdle
                0x0800478c       0x4c ./Middlewares/uCOSII/Source/os_core.o
 .text.OS_InitTaskStat
                0x080047d8       0x4c ./Middlewares/uCOSII/Source/os_core.o
 .text.OS_InitTCBList
                0x08004824       0x9c ./Middlewares/uCOSII/Source/os_core.o
 .text.OS_MemClr
                0x080048c0       0x32 ./Middlewares/uCOSII/Source/os_core.o
                0x080048c0                OS_MemClr
 *fill*         0x080048f2        0x2 
 .text.OS_Sched
                0x080048f4       0x84 ./Middlewares/uCOSII/Source/os_core.o
                0x080048f4                OS_Sched
 .text.OS_SchedNew
                0x08004978       0x48 ./Middlewares/uCOSII/Source/os_core.o
 .text.OS_TaskIdle
                0x080049c0       0x30 ./Middlewares/uCOSII/Source/os_core.o
                0x080049c0                OS_TaskIdle
 .text.OS_TaskStat
                0x080049f0       0xf0 ./Middlewares/uCOSII/Source/os_core.o
                0x080049f0                OS_TaskStat
 .text.OS_TaskStatStkChk
                0x08004ae0       0x68 ./Middlewares/uCOSII/Source/os_core.o
                0x08004ae0                OS_TaskStatStkChk
 .text.OS_TCBInit
                0x08004b48      0x1ec ./Middlewares/uCOSII/Source/os_core.o
                0x08004b48                OS_TCBInit
 .text.OS_FlagInit
                0x08004d34       0x84 ./Middlewares/uCOSII/Source/os_flag.o
                0x08004d34                OS_FlagInit
 .text.OS_FlagUnlink
                0x08004db8       0x5e ./Middlewares/uCOSII/Source/os_flag.o
                0x08004db8                OS_FlagUnlink
 *fill*         0x08004e16        0x2 
 .text.OS_MemInit
                0x08004e18       0x80 ./Middlewares/uCOSII/Source/os_mem.o
                0x08004e18                OS_MemInit
 .text.OSMutexCreate
                0x08004e98       0xf4 ./Middlewares/uCOSII/Source/os_mutex.o
                0x08004e98                OSMutexCreate
 .text.OSMutexPend
                0x08004f8c      0x358 ./Middlewares/uCOSII/Source/os_mutex.o
                0x08004f8c                OSMutexPend
 .text.OSMutexPost
                0x080052e4      0x124 ./Middlewares/uCOSII/Source/os_mutex.o
                0x080052e4                OSMutexPost
 .text.OSMutex_RdyAtPrio
                0x08005408       0xfc ./Middlewares/uCOSII/Source/os_mutex.o
 .text.OS_QInit
                0x08005504       0x78 ./Middlewares/uCOSII/Source/os_q.o
                0x08005504                OS_QInit
 .text.OSSemCreate
                0x0800557c       0x7c ./Middlewares/uCOSII/Source/os_sem.o
                0x0800557c                OSSemCreate
 .text.OSSemPend
                0x080055f8      0x134 ./Middlewares/uCOSII/Source/os_sem.o
                0x080055f8                OSSemPend
 .text.OSSemPost
                0x0800572c       0x7e ./Middlewares/uCOSII/Source/os_sem.o
                0x0800572c                OSSemPost
 *fill*         0x080057aa        0x2 
 .text.OSTaskCreateExt
                0x080057ac       0xd8 ./Middlewares/uCOSII/Source/os_task.o
                0x080057ac                OSTaskCreateExt
 .text.OSTaskDel
                0x08005884      0x1f0 ./Middlewares/uCOSII/Source/os_task.o
                0x08005884                OSTaskDel
 .text.OSTaskNameSet
                0x08005a74       0xb4 ./Middlewares/uCOSII/Source/os_task.o
                0x08005a74                OSTaskNameSet
 .text.OSTaskStkChk
                0x08005b28       0xdc ./Middlewares/uCOSII/Source/os_task.o
                0x08005b28                OSTaskStkChk
 .text.OSTaskSuspend
                0x08005c04      0x108 ./Middlewares/uCOSII/Source/os_task.o
                0x08005c04                OSTaskSuspend
 .text.OS_TaskReturn
                0x08005d0c       0x1c ./Middlewares/uCOSII/Source/os_task.o
                0x08005d0c                OS_TaskReturn
 .text.OS_TaskStkClr
                0x08005d28       0x46 ./Middlewares/uCOSII/Source/os_task.o
                0x08005d28                OS_TaskStkClr
 *fill*         0x08005d6e        0x2 
 .text.OSTimeDly
                0x08005d70       0xa8 ./Middlewares/uCOSII/Source/os_time.o
                0x08005d70                OSTimeDly
 .text.OSTimeDlyHMSM
                0x08005e18       0xc8 ./Middlewares/uCOSII/Source/os_time.o
                0x08005e18                OSTimeDlyHMSM
 .text.OSTimeGet
                0x08005ee0       0x2c ./Middlewares/uCOSII/Source/os_time.o
                0x08005ee0                OSTimeGet
 .text.OSTmrSignal
                0x08005f0c       0x24 ./Middlewares/uCOSII/Source/os_tmr.o
                0x08005f0c                OSTmrSignal
 .text.OSTmr_Init
                0x08005f30      0x118 ./Middlewares/uCOSII/Source/os_tmr.o
                0x08005f30                OSTmr_Init
 .text.OSTmr_InitTask
                0x08006048       0x4c ./Middlewares/uCOSII/Source/os_tmr.o
 .text.OSTmr_Link
                0x08006094       0xd8 ./Middlewares/uCOSII/Source/os_tmr.o
 .text.OSTmr_Unlink
                0x0800616c       0xa8 ./Middlewares/uCOSII/Source/os_tmr.o
 .text.OSTmr_Task
                0x08006214       0xc4 ./Middlewares/uCOSII/Source/os_tmr.o
 .text.std      0x080062d8       0x6c C:/ST/STM32CubeIDE_1.16.0/STM32CubeIDE/plugins/com.st.stm32cube.ide.mcu.externaltools.gnu-tools-for-stm32.12.3.rel1.win32_1.0.200.202406191623/tools/bin/../lib/gcc/arm-none-eabi/12.3.1/../../../../arm-none-eabi/lib/thumb/v7e-m+fp/hard\libc_nano.a(libc_a-findfp.o)
 .text.stdio_exit_handler
                0x08006344       0x18 C:/ST/STM32CubeIDE_1.16.0/STM32CubeIDE/plugins/com.st.stm32cube.ide.mcu.externaltools.gnu-tools-for-stm32.12.3.rel1.win32_1.0.200.202406191623/tools/bin/../lib/gcc/arm-none-eabi/12.3.1/../../../../arm-none-eabi/lib/thumb/v7e-m+fp/hard\libc_nano.a(libc_a-findfp.o)
 .text.cleanup_stdio
                0x0800635c       0x40 C:/ST/STM32CubeIDE_1.16.0/STM32CubeIDE/plugins/com.st.stm32cube.ide.mcu.externaltools.gnu-tools-for-stm32.12.3.rel1.win32_1.0.200.202406191623/tools/bin/../lib/gcc/arm-none-eabi/12.3.1/../../../../arm-none-eabi/lib/thumb/v7e-m+fp/hard\libc_nano.a(libc_a-findfp.o)
 .text.global_stdio_init.part.0
                0x0800639c       0x3c C:/ST/STM32CubeIDE_1.16.0/STM32CubeIDE/plugins/com.st.stm32cube.ide.mcu.externaltools.gnu-tools-for-stm32.12.3.rel1.win32_1.0.200.202406191623/tools/bin/../lib/gcc/arm-none-eabi/12.3.1/../../../../arm-none-eabi/lib/thumb/v7e-m+fp/hard\libc_nano.a(libc_a-findfp.o)
 .text.__sfp_lock_acquire
                0x080063d8        0xc C:/ST/STM32CubeIDE_1.16.0/STM32CubeIDE/plugins/com.st.stm32cube.ide.mcu.externaltools.gnu-tools-for-stm32.12.3.rel1.win32_1.0.200.202406191623/tools/bin/../lib/gcc/arm-none-eabi/12.3.1/../../../../arm-none-eabi/lib/thumb/v7e-m+fp/hard\libc_nano.a(libc_a-findfp.o)
                0x080063d8                __sfp_lock_acquire
 .text.__sfp_lock_release
                0x080063e4        0xc C:/ST/STM32CubeIDE_1.16.0/STM32CubeIDE/plugins/com.st.stm32cube.ide.mcu.externaltools.gnu-tools-for-stm32.12.3.rel1.win32_1.0.200.202406191623/tools/bin/../lib/gcc/arm-none-eabi/12.3.1/../../../../arm-none-eabi/lib/thumb/v7e-m+fp/hard\libc_nano.a(libc_a-findfp.o)
                0x080063e4                __sfp_lock_release
 .text.__sinit  0x080063f0       0x30 C:/ST/STM32CubeIDE_1.16.0/STM32CubeIDE/plugins/com.st.stm32cube.ide.mcu.externaltools.gnu-tools-for-stm32.12.3.rel1.win32_1.0.200.202406191623/tools/bin/../lib/gcc/arm-none-eabi/12.3.1/../../../../arm-none-eabi/lib/thumb/v7e-m+fp/hard\libc_nano.a(libc_a-findfp.o)
                0x080063f0                __sinit
 .text._fwalk_sglue
                0x08006420       0x3c C:/ST/STM32CubeIDE_1.16.0/STM32CubeIDE/plugins/com.st.stm32cube.ide.mcu.externaltools.gnu-tools-for-stm32.12.3.rel1.win32_1.0.200.202406191623/tools/bin/../lib/gcc/arm-none-eabi/12.3.1/../../../../arm-none-eabi/lib/thumb/v7e-m+fp/hard\libc_nano.a(libc_a-fwalk.o)
                0x08006420                _fwalk_sglue
 .text.printf   0x0800645c       0x24 C:/ST/STM32CubeIDE_1.16.0/STM32CubeIDE/plugins/com.st.stm32cube.ide.mcu.externaltools.gnu-tools-for-stm32.12.3.rel1.win32_1.0.200.202406191623/tools/bin/../lib/gcc/arm-none-eabi/12.3.1/../../../../arm-none-eabi/lib/thumb/v7e-m+fp/hard\libc_nano.a(libc_a-printf.o)
                0x0800645c                iprintf
                0x0800645c                printf
 .text.putchar  0x08006480       0x10 C:/ST/STM32CubeIDE_1.16.0/STM32CubeIDE/plugins/com.st.stm32cube.ide.mcu.externaltools.gnu-tools-for-stm32.12.3.rel1.win32_1.0.200.202406191623/tools/bin/../lib/gcc/arm-none-eabi/12.3.1/../../../../arm-none-eabi/lib/thumb/v7e-m+fp/hard\libc_nano.a(libc_a-putchar.o)
                0x08006480                putchar
 .text.setvbuf  0x08006490      0x168 C:/ST/STM32CubeIDE_1.16.0/STM32CubeIDE/plugins/com.st.stm32cube.ide.mcu.externaltools.gnu-tools-for-stm32.12.3.rel1.win32_1.0.200.202406191623/tools/bin/../lib/gcc/arm-none-eabi/12.3.1/../../../../arm-none-eabi/lib/thumb/v7e-m+fp/hard\libc_nano.a(libc_a-setvbuf.o)
                0x08006490                setvbuf
 .text.__sread  0x080065f8       0x22 C:/ST/STM32CubeIDE_1.16.0/STM32CubeIDE/plugins/com.st.stm32cube.ide.mcu.externaltools.gnu-tools-for-stm32.12.3.rel1.win32_1.0.200.202406191623/tools/bin/../lib/gcc/arm-none-eabi/12.3.1/../../../../arm-none-eabi/lib/thumb/v7e-m+fp/hard\libc_nano.a(libc_a-stdio.o)
                0x080065f8                __sread
 .text.__swrite
                0x0800661a       0x38 C:/ST/STM32CubeIDE_1.16.0/STM32CubeIDE/plugins/com.st.stm32cube.ide.mcu.externaltools.gnu-tools-for-stm32.12.3.rel1.win32_1.0.200.202406191623/tools/bin/../lib/gcc/arm-none-eabi/12.3.1/../../../../arm-none-eabi/lib/thumb/v7e-m+fp/hard\libc_nano.a(libc_a-stdio.o)
                0x0800661a                __swrite
 .text.__sseek  0x08006652       0x24 C:/ST/STM32CubeIDE_1.16.0/STM32CubeIDE/plugins/com.st.stm32cube.ide.mcu.externaltools.gnu-tools-for-stm32.12.3.rel1.win32_1.0.200.202406191623/tools/bin/../lib/gcc/arm-none-eabi/12.3.1/../../../../arm-none-eabi/lib/thumb/v7e-m+fp/hard\libc_nano.a(libc_a-stdio.o)
                0x08006652                __sseek
 .text.__sclose
                0x08006676        0x8 C:/ST/STM32CubeIDE_1.16.0/STM32CubeIDE/plugins/com.st.stm32cube.ide.mcu.externaltools.gnu-tools-for-stm32.12.3.rel1.win32_1.0.200.202406191623/tools/bin/../lib/gcc/arm-none-eabi/12.3.1/../../../../arm-none-eabi/lib/thumb/v7e-m+fp/hard\libc_nano.a(libc_a-stdio.o)
                0x08006676                __sclose
 .text.memset   0x0800667e       0x10 C:/ST/STM32CubeIDE_1.16.0/STM32CubeIDE/plugins/com.st.stm32cube.ide.mcu.externaltools.gnu-tools-for-stm32.12.3.rel1.win32_1.0.200.202406191623/tools/bin/../lib/gcc/arm-none-eabi/12.3.1/../../../../arm-none-eabi/lib/thumb/v7e-m+fp/hard\libc_nano.a(libc_a-memset.o)
                0x0800667e                memset
 *fill*         0x0800668e        0x2 
 .text._close_r
                0x08006690       0x20 C:/ST/STM32CubeIDE_1.16.0/STM32CubeIDE/plugins/com.st.stm32cube.ide.mcu.externaltools.gnu-tools-for-stm32.12.3.rel1.win32_1.0.200.202406191623/tools/bin/../lib/gcc/arm-none-eabi/12.3.1/../../../../arm-none-eabi/lib/thumb/v7e-m+fp/hard\libc_nano.a(libc_a-closer.o)
                0x08006690                _close_r
 .text._lseek_r
                0x080066b0       0x24 C:/ST/STM32CubeIDE_1.16.0/STM32CubeIDE/plugins/com.st.stm32cube.ide.mcu.externaltools.gnu-tools-for-stm32.12.3.rel1.win32_1.0.200.202406191623/tools/bin/../lib/gcc/arm-none-eabi/12.3.1/../../../../arm-none-eabi/lib/thumb/v7e-m+fp/hard\libc_nano.a(libc_a-lseekr.o)
                0x080066b0                _lseek_r
 .text._read_r  0x080066d4       0x24 C:/ST/STM32CubeIDE_1.16.0/STM32CubeIDE/plugins/com.st.stm32cube.ide.mcu.externaltools.gnu-tools-for-stm32.12.3.rel1.win32_1.0.200.202406191623/tools/bin/../lib/gcc/arm-none-eabi/12.3.1/../../../../arm-none-eabi/lib/thumb/v7e-m+fp/hard\libc_nano.a(libc_a-readr.o)
                0x080066d4                _read_r
 .text._write_r
                0x080066f8       0x24 C:/ST/STM32CubeIDE_1.16.0/STM32CubeIDE/plugins/com.st.stm32cube.ide.mcu.externaltools.gnu-tools-for-stm32.12.3.rel1.win32_1.0.200.202406191623/tools/bin/../lib/gcc/arm-none-eabi/12.3.1/../../../../arm-none-eabi/lib/thumb/v7e-m+fp/hard\libc_nano.a(libc_a-writer.o)
                0x080066f8                _write_r
 .text.__errno  0x0800671c        0xc C:/ST/STM32CubeIDE_1.16.0/STM32CubeIDE/plugins/com.st.stm32cube.ide.mcu.externaltools.gnu-tools-for-stm32.12.3.rel1.win32_1.0.200.202406191623/tools/bin/../lib/gcc/arm-none-eabi/12.3.1/../../../../arm-none-eabi/lib/thumb/v7e-m+fp/hard\libc_nano.a(libc_a-errno.o)
                0x0800671c                __errno
 .text.__libc_init_array
                0x08006728       0x48 C:/ST/STM32CubeIDE_1.16.0/STM32CubeIDE/plugins/com.st.stm32cube.ide.mcu.externaltools.gnu-tools-for-stm32.12.3.rel1.win32_1.0.200.202406191623/tools/bin/../lib/gcc/arm-none-eabi/12.3.1/../../../../arm-none-eabi/lib/thumb/v7e-m+fp/hard\libc_nano.a(libc_a-init.o)
                0x08006728                __libc_init_array
 .text.__retarget_lock_init_recursive
                0x08006770        0x2 C:/ST/STM32CubeIDE_1.16.0/STM32CubeIDE/plugins/com.st.stm32cube.ide.mcu.externaltools.gnu-tools-for-stm32.12.3.rel1.win32_1.0.200.202406191623/tools/bin/../lib/gcc/arm-none-eabi/12.3.1/../../../../arm-none-eabi/lib/thumb/v7e-m+fp/hard\libc_nano.a(libc_a-lock.o)
                0x08006770                __retarget_lock_init_recursive
 .text.__retarget_lock_acquire_recursive
                0x08006772        0x2 C:/ST/STM32CubeIDE_1.16.0/STM32CubeIDE/plugins/com.st.stm32cube.ide.mcu.externaltools.gnu-tools-for-stm32.12.3.rel1.win32_1.0.200.202406191623/tools/bin/../lib/gcc/arm-none-eabi/12.3.1/../../../../arm-none-eabi/lib/thumb/v7e-m+fp/hard\libc_nano.a(libc_a-lock.o)
                0x08006772                __retarget_lock_acquire_recursive
 .text.__retarget_lock_release_recursive
                0x08006774        0x2 C:/ST/STM32CubeIDE_1.16.0/STM32CubeIDE/plugins/com.st.stm32cube.ide.mcu.externaltools.gnu-tools-for-stm32.12.3.rel1.win32_1.0.200.202406191623/tools/bin/../lib/gcc/arm-none-eabi/12.3.1/../../../../arm-none-eabi/lib/thumb/v7e-m+fp/hard\libc_nano.a(libc_a-lock.o)
                0x08006774                __retarget_lock_release_recursive
 *fill*         0x08006776        0x2 
 .text._free_r  0x08006778       0x94 C:/ST/STM32CubeIDE_1.16.0/STM32CubeIDE/plugins/com.st.stm32cube.ide.mcu.externaltools.gnu-tools-for-stm32.12.3.rel1.win32_1.0.200.202406191623/tools/bin/../lib/gcc/arm-none-eabi/12.3.1/../../../../arm-none-eabi/lib/thumb/v7e-m+fp/hard\libc_nano.a(libc_a-freer.o)
                0x08006778                _free_r
 .text.malloc   0x0800680c       0x10 C:/ST/STM32CubeIDE_1.16.0/STM32CubeIDE/plugins/com.st.stm32cube.ide.mcu.externaltools.gnu-tools-for-stm32.12.3.rel1.win32_1.0.200.202406191623/tools/bin/../lib/gcc/arm-none-eabi/12.3.1/../../../../arm-none-eabi/lib/thumb/v7e-m+fp/hard\libc_nano.a(libc_a-malloc.o)
                0x0800680c                malloc
 .text.sbrk_aligned
                0x0800681c       0x44 C:/ST/STM32CubeIDE_1.16.0/STM32CubeIDE/plugins/com.st.stm32cube.ide.mcu.externaltools.gnu-tools-for-stm32.12.3.rel1.win32_1.0.200.202406191623/tools/bin/../lib/gcc/arm-none-eabi/12.3.1/../../../../arm-none-eabi/lib/thumb/v7e-m+fp/hard\libc_nano.a(libc_a-mallocr.o)
 .text._malloc_r
                0x08006860      0x100 C:/ST/STM32CubeIDE_1.16.0/STM32CubeIDE/plugins/com.st.stm32cube.ide.mcu.externaltools.gnu-tools-for-stm32.12.3.rel1.win32_1.0.200.202406191623/tools/bin/../lib/gcc/arm-none-eabi/12.3.1/../../../../arm-none-eabi/lib/thumb/v7e-m+fp/hard\libc_nano.a(libc_a-mallocr.o)
                0x08006860                _malloc_r
 .text.__malloc_lock
                0x08006960        0xc C:/ST/STM32CubeIDE_1.16.0/STM32CubeIDE/plugins/com.st.stm32cube.ide.mcu.externaltools.gnu-tools-for-stm32.12.3.rel1.win32_1.0.200.202406191623/tools/bin/../lib/gcc/arm-none-eabi/12.3.1/../../../../arm-none-eabi/lib/thumb/v7e-m+fp/hard\libc_nano.a(libc_a-mlock.o)
                0x08006960                __malloc_lock
 .text.__malloc_unlock
                0x0800696c        0xc C:/ST/STM32CubeIDE_1.16.0/STM32CubeIDE/plugins/com.st.stm32cube.ide.mcu.externaltools.gnu-tools-for-stm32.12.3.rel1.win32_1.0.200.202406191623/tools/bin/../lib/gcc/arm-none-eabi/12.3.1/../../../../arm-none-eabi/lib/thumb/v7e-m+fp/hard\libc_nano.a(libc_a-mlock.o)
                0x0800696c                __malloc_unlock
 .text.__sfputc_r
                0x08006978       0x2e C:/ST/STM32CubeIDE_1.16.0/STM32CubeIDE/plugins/com.st.stm32cube.ide.mcu.externaltools.gnu-tools-for-stm32.12.3.rel1.win32_1.0.200.202406191623/tools/bin/../lib/gcc/arm-none-eabi/12.3.1/../../../../arm-none-eabi/lib/thumb/v7e-m+fp/hard\libc_nano.a(libc_a-nano-vfprintf.o)
 .text.__sfputs_r
                0x080069a6       0x24 C:/ST/STM32CubeIDE_1.16.0/STM32CubeIDE/plugins/com.st.stm32cube.ide.mcu.externaltools.gnu-tools-for-stm32.12.3.rel1.win32_1.0.200.202406191623/tools/bin/../lib/gcc/arm-none-eabi/12.3.1/../../../../arm-none-eabi/lib/thumb/v7e-m+fp/hard\libc_nano.a(libc_a-nano-vfprintf.o)
                0x080069a6                __sfputs_r
 *fill*         0x080069ca        0x2 
 .text._vfprintf_r
                0x080069cc      0x230 C:/ST/STM32CubeIDE_1.16.0/STM32CubeIDE/plugins/com.st.stm32cube.ide.mcu.externaltools.gnu-tools-for-stm32.12.3.rel1.win32_1.0.200.202406191623/tools/bin/../lib/gcc/arm-none-eabi/12.3.1/../../../../arm-none-eabi/lib/thumb/v7e-m+fp/hard\libc_nano.a(libc_a-nano-vfprintf.o)
                0x080069cc                _vfprintf_r
                0x080069cc                _vfiprintf_r
 .text._printf_common
                0x08006bfc       0xda C:/ST/STM32CubeIDE_1.16.0/STM32CubeIDE/plugins/com.st.stm32cube.ide.mcu.externaltools.gnu-tools-for-stm32.12.3.rel1.win32_1.0.200.202406191623/tools/bin/../lib/gcc/arm-none-eabi/12.3.1/../../../../arm-none-eabi/lib/thumb/v7e-m+fp/hard\libc_nano.a(libc_a-nano-vfprintf_i.o)
                0x08006bfc                _printf_common
 *fill*         0x08006cd6        0x2 
 .text._printf_i
                0x08006cd8      0x240 C:/ST/STM32CubeIDE_1.16.0/STM32CubeIDE/plugins/com.st.stm32cube.ide.mcu.externaltools.gnu-tools-for-stm32.12.3.rel1.win32_1.0.200.202406191623/tools/bin/../lib/gcc/arm-none-eabi/12.3.1/../../../../arm-none-eabi/lib/thumb/v7e-m+fp/hard\libc_nano.a(libc_a-nano-vfprintf_i.o)
                0x08006cd8                _printf_i
 .text.__sflush_r
                0x08006f18      0x108 C:/ST/STM32CubeIDE_1.16.0/STM32CubeIDE/plugins/com.st.stm32cube.ide.mcu.externaltools.gnu-tools-for-stm32.12.3.rel1.win32_1.0.200.202406191623/tools/bin/../lib/gcc/arm-none-eabi/12.3.1/../../../../arm-none-eabi/lib/thumb/v7e-m+fp/hard\libc_nano.a(libc_a-fflush.o)
                0x08006f18                __sflush_r
 .text._fflush_r
                0x08007020       0x50 C:/ST/STM32CubeIDE_1.16.0/STM32CubeIDE/plugins/com.st.stm32cube.ide.mcu.externaltools.gnu-tools-for-stm32.12.3.rel1.win32_1.0.200.202406191623/tools/bin/../lib/gcc/arm-none-eabi/12.3.1/../../../../arm-none-eabi/lib/thumb/v7e-m+fp/hard\libc_nano.a(libc_a-fflush.o)
                0x08007020                _fflush_r
 .text.__swhatbuf_r
                0x08007070       0x4c C:/ST/STM32CubeIDE_1.16.0/STM32CubeIDE/plugins/com.st.stm32cube.ide.mcu.externaltools.gnu-tools-for-stm32.12.3.rel1.win32_1.0.200.202406191623/tools/bin/../lib/gcc/arm-none-eabi/12.3.1/../../../../arm-none-eabi/lib/thumb/v7e-m+fp/hard\libc_nano.a(libc_a-makebuf.o)
                0x08007070                __swhatbuf_r
 .text.__smakebuf_r
                0x080070bc       0x78 C:/ST/STM32CubeIDE_1.16.0/STM32CubeIDE/plugins/com.st.stm32cube.ide.mcu.externaltools.gnu-tools-for-stm32.12.3.rel1.win32_1.0.200.202406191623/tools/bin/../lib/gcc/arm-none-eabi/12.3.1/../../../../arm-none-eabi/lib/thumb/v7e-m+fp/hard\libc_nano.a(libc_a-makebuf.o)
                0x080070bc                __smakebuf_r
 .text._putc_r  0x08007134       0x68 C:/ST/STM32CubeIDE_1.16.0/STM32CubeIDE/plugins/com.st.stm32cube.ide.mcu.externaltools.gnu-tools-for-stm32.12.3.rel1.win32_1.0.200.202406191623/tools/bin/../lib/gcc/arm-none-eabi/12.3.1/../../../../arm-none-eabi/lib/thumb/v7e-m+fp/hard\libc_nano.a(libc_a-putc.o)
                0x08007134                _putc_r
 .text.__swbuf_r
                0x0800719c       0x7c C:/ST/STM32CubeIDE_1.16.0/STM32CubeIDE/plugins/com.st.stm32cube.ide.mcu.externaltools.gnu-tools-for-stm32.12.3.rel1.win32_1.0.200.202406191623/tools/bin/../lib/gcc/arm-none-eabi/12.3.1/../../../../arm-none-eabi/lib/thumb/v7e-m+fp/hard\libc_nano.a(libc_a-wbuf.o)
                0x0800719c                __swbuf_r
 .text.__swsetup_r
                0x08007218       0xac C:/ST/STM32CubeIDE_1.16.0/STM32CubeIDE/plugins/com.st.stm32cube.ide.mcu.externaltools.gnu-tools-for-stm32.12.3.rel1.win32_1.0.200.202406191623/tools/bin/../lib/gcc/arm-none-eabi/12.3.1/../../../../arm-none-eabi/lib/thumb/v7e-m+fp/hard\libc_nano.a(libc_a-wsetup.o)
                0x08007218                __swsetup_r
 .text._fstat_r
                0x080072c4       0x24 C:/ST/STM32CubeIDE_1.16.0/STM32CubeIDE/plugins/com.st.stm32cube.ide.mcu.externaltools.gnu-tools-for-stm32.12.3.rel1.win32_1.0.200.202406191623/tools/bin/../lib/gcc/arm-none-eabi/12.3.1/../../../../arm-none-eabi/lib/thumb/v7e-m+fp/hard\libc_nano.a(libc_a-fstatr.o)
                0x080072c4                _fstat_r
 .text._isatty_r
                0x080072e8       0x20 C:/ST/STM32CubeIDE_1.16.0/STM32CubeIDE/plugins/com.st.stm32cube.ide.mcu.externaltools.gnu-tools-for-stm32.12.3.rel1.win32_1.0.200.202406191623/tools/bin/../lib/gcc/arm-none-eabi/12.3.1/../../../../arm-none-eabi/lib/thumb/v7e-m+fp/hard\libc_nano.a(libc_a-isattyr.o)
                0x080072e8                _isatty_r
 .text._sbrk_r  0x08007308       0x20 C:/ST/STM32CubeIDE_1.16.0/STM32CubeIDE/plugins/com.st.stm32cube.ide.mcu.externaltools.gnu-tools-for-stm32.12.3.rel1.win32_1.0.200.202406191623/tools/bin/../lib/gcc/arm-none-eabi/12.3.1/../../../../arm-none-eabi/lib/thumb/v7e-m+fp/hard\libc_nano.a(libc_a-sbrkr.o)
                0x08007308                _sbrk_r
 *(.glue_7)
 .glue_7        0x08007328        0x0 linker stubs
 *(.glue_7t)
 .glue_7t       0x08007328        0x0 linker stubs
 *(.eh_frame)
 .eh_frame      0x08007328        0x0 C:/ST/STM32CubeIDE_1.16.0/STM32CubeIDE/plugins/com.st.stm32cube.ide.mcu.externaltools.gnu-tools-for-stm32.12.3.rel1.win32_1.0.200.202406191623/tools/bin/../lib/gcc/arm-none-eabi/12.3.1/thumb/v7e-m+fp/hard/crtbegin.o
 *(.init)
 .init          0x08007328        0x4 C:/ST/STM32CubeIDE_1.16.0/STM32CubeIDE/plugins/com.st.stm32cube.ide.mcu.externaltools.gnu-tools-for-stm32.12.3.rel1.win32_1.0.200.202406191623/tools/bin/../lib/gcc/arm-none-eabi/12.3.1/thumb/v7e-m+fp/hard/crti.o
                0x08007328                _init
 .init          0x0800732c        0x8 C:/ST/STM32CubeIDE_1.16.0/STM32CubeIDE/plugins/com.st.stm32cube.ide.mcu.externaltools.gnu-tools-for-stm32.12.3.rel1.win32_1.0.200.202406191623/tools/bin/../lib/gcc/arm-none-eabi/12.3.1/thumb/v7e-m+fp/hard/crtn.o
 *(.fini)
 .fini          0x08007334        0x4 C:/ST/STM32CubeIDE_1.16.0/STM32CubeIDE/plugins/com.st.stm32cube.ide.mcu.externaltools.gnu-tools-for-stm32.12.3.rel1.win32_1.0.200.202406191623/tools/bin/../lib/gcc/arm-none-eabi/12.3.1/thumb/v7e-m+fp/hard/crti.o
                0x08007334                _fini
 .fini          0x08007338        0x8 C:/ST/STM32CubeIDE_1.16.0/STM32CubeIDE/plugins/com.st.stm32cube.ide.mcu.externaltools.gnu-tools-for-stm32.12.3.rel1.win32_1.0.200.202406191623/tools/bin/../lib/gcc/arm-none-eabi/12.3.1/thumb/v7e-m+fp/hard/crtn.o
                0x08007340                        . = ALIGN (0x4)
                0x08007340                        _etext = .

.vfp11_veneer   0x08007340        0x0
 .vfp11_veneer  0x08007340        0x0 linker stubs

.v4_bx          0x08007340        0x0
 .v4_bx         0x08007340        0x0 linker stubs

.iplt           0x08007340        0x0
 .iplt          0x08007340        0x0 C:/ST/STM32CubeIDE_1.16.0/STM32CubeIDE/plugins/com.st.stm32cube.ide.mcu.externaltools.gnu-tools-for-stm32.12.3.rel1.win32_1.0.200.202406191623/tools/bin/../lib/gcc/arm-none-eabi/12.3.1/thumb/v7e-m+fp/hard/crtbegin.o

.rodata         0x08007340      0x30c
                0x08007340                        . = ALIGN (0x4)
 *(.rodata)
 .rodata        0x08007340       0xa6 ./Core/Src/main.o
 *fill*         0x080073e6        0x2 
 .rodata        0x080073e8       0x22 ./Middlewares/uCOSII/Source/os_core.o
 *fill*         0x0800740a        0x2 
 .rodata        0x0800740c        0x2 ./Middlewares/uCOSII/Source/os_flag.o
 *fill*         0x0800740e        0x2 
 .rodata        0x08007410        0x2 ./Middlewares/uCOSII/Source/os_mem.o
 *fill*         0x08007412        0x2 
 .rodata        0x08007414        0x2 ./Middlewares/uCOSII/Source/os_mutex.o
 *fill*         0x08007416        0x2 
 .rodata        0x08007418        0x2 ./Middlewares/uCOSII/Source/os_sem.o
 *fill*         0x0800741a        0x2 
 .rodata        0x0800741c        0x2 ./Middlewares/uCOSII/Source/os_task.o
 *fill*         0x0800741e        0x2 
 .rodata        0x08007420       0x39 ./Middlewares/uCOSII/Source/os_tmr.o
 *(.rodata*)
 *fill*         0x08007459        0x3 
 .rodata.AHBPrescTable
                0x0800745c       0x10 ./Core/Src/system_stm32l4xx.o
                0x0800745c                AHBPrescTable
 .rodata.APBPrescTable
                0x0800746c        0x8 ./Core/Src/system_stm32l4xx.o
                0x0800746c                APBPrescTable
 .rodata.MSIRangeTable
                0x08007474       0x30 ./Core/Src/system_stm32l4xx.o
                0x08007474                MSIRangeTable
 .rodata.OSDebugEn
                0x080074a4        0x2 ./Middlewares/uCOSII/Ports/ARM-Cortex-M/ARMv7-M/GNU/os_dbg.o
                0x080074a4                OSDebugEn
 *fill*         0x080074a6        0x2 
 .rodata.OSEndiannessTest
                0x080074a8        0x4 ./Middlewares/uCOSII/Ports/ARM-Cortex-M/ARMv7-M/GNU/os_dbg.o
                0x080074a8                OSEndiannessTest
 .rodata.OSEventEn
                0x080074ac        0x2 ./Middlewares/uCOSII/Ports/ARM-Cortex-M/ARMv7-M/GNU/os_dbg.o
                0x080074ac                OSEventEn
 .rodata.OSEventMax
                0x080074ae        0x2 ./Middlewares/uCOSII/Ports/ARM-Cortex-M/ARMv7-M/GNU/os_dbg.o
                0x080074ae                OSEventMax
 .rodata.OSEventNameEn
                0x080074b0        0x2 ./Middlewares/uCOSII/Ports/ARM-Cortex-M/ARMv7-M/GNU/os_dbg.o
                0x080074b0                OSEventNameEn
 .rodata.OSEventSize
                0x080074b2        0x2 ./Middlewares/uCOSII/Ports/ARM-Cortex-M/ARMv7-M/GNU/os_dbg.o
                0x080074b2                OSEventSize
 .rodata.OSEventTblSize
                0x080074b4        0x2 ./Middlewares/uCOSII/Ports/ARM-Cortex-M/ARMv7-M/GNU/os_dbg.o
                0x080074b4                OSEventTblSize
 .rodata.OSEventMultiEn
                0x080074b6        0x2 ./Middlewares/uCOSII/Ports/ARM-Cortex-M/ARMv7-M/GNU/os_dbg.o
                0x080074b6                OSEventMultiEn
 .rodata.OSFlagEn
                0x080074b8        0x2 ./Middlewares/uCOSII/Ports/ARM-Cortex-M/ARMv7-M/GNU/os_dbg.o
                0x080074b8                OSFlagEn
 .rodata.OSFlagGrpSize
                0x080074ba        0x2 ./Middlewares/uCOSII/Ports/ARM-Cortex-M/ARMv7-M/GNU/os_dbg.o
                0x080074ba                OSFlagGrpSize
 .rodata.OSFlagNodeSize
                0x080074bc        0x2 ./Middlewares/uCOSII/Ports/ARM-Cortex-M/ARMv7-M/GNU/os_dbg.o
                0x080074bc                OSFlagNodeSize
 .rodata.OSFlagWidth
                0x080074be        0x2 ./Middlewares/uCOSII/Ports/ARM-Cortex-M/ARMv7-M/GNU/os_dbg.o
                0x080074be                OSFlagWidth
 .rodata.OSFlagMax
                0x080074c0        0x2 ./Middlewares/uCOSII/Ports/ARM-Cortex-M/ARMv7-M/GNU/os_dbg.o
                0x080074c0                OSFlagMax
 .rodata.OSFlagNameEn
                0x080074c2        0x2 ./Middlewares/uCOSII/Ports/ARM-Cortex-M/ARMv7-M/GNU/os_dbg.o
                0x080074c2                OSFlagNameEn
 .rodata.OSLowestPrio
                0x080074c4        0x2 ./Middlewares/uCOSII/Ports/ARM-Cortex-M/ARMv7-M/GNU/os_dbg.o
                0x080074c4                OSLowestPrio
 .rodata.OSMboxEn
                0x080074c6        0x2 ./Middlewares/uCOSII/Ports/ARM-Cortex-M/ARMv7-M/GNU/os_dbg.o
                0x080074c6                OSMboxEn
 .rodata.OSMemEn
                0x080074c8        0x2 ./Middlewares/uCOSII/Ports/ARM-Cortex-M/ARMv7-M/GNU/os_dbg.o
                0x080074c8                OSMemEn
 .rodata.OSMemMax
                0x080074ca        0x2 ./Middlewares/uCOSII/Ports/ARM-Cortex-M/ARMv7-M/GNU/os_dbg.o
                0x080074ca                OSMemMax
 .rodata.OSMemNameEn
                0x080074cc        0x2 ./Middlewares/uCOSII/Ports/ARM-Cortex-M/ARMv7-M/GNU/os_dbg.o
                0x080074cc                OSMemNameEn
 .rodata.OSMemSize
                0x080074ce        0x2 ./Middlewares/uCOSII/Ports/ARM-Cortex-M/ARMv7-M/GNU/os_dbg.o
                0x080074ce                OSMemSize
 .rodata.OSMemTblSize
                0x080074d0        0x2 ./Middlewares/uCOSII/Ports/ARM-Cortex-M/ARMv7-M/GNU/os_dbg.o
                0x080074d0                OSMemTblSize
 .rodata.OSMutexEn
                0x080074d2        0x2 ./Middlewares/uCOSII/Ports/ARM-Cortex-M/ARMv7-M/GNU/os_dbg.o
                0x080074d2                OSMutexEn
 .rodata.OSPtrSize
                0x080074d4        0x2 ./Middlewares/uCOSII/Ports/ARM-Cortex-M/ARMv7-M/GNU/os_dbg.o
                0x080074d4                OSPtrSize
 .rodata.OSQEn  0x080074d6        0x2 ./Middlewares/uCOSII/Ports/ARM-Cortex-M/ARMv7-M/GNU/os_dbg.o
                0x080074d6                OSQEn
 .rodata.OSQMax
                0x080074d8        0x2 ./Middlewares/uCOSII/Ports/ARM-Cortex-M/ARMv7-M/GNU/os_dbg.o
                0x080074d8                OSQMax
 .rodata.OSQSize
                0x080074da        0x2 ./Middlewares/uCOSII/Ports/ARM-Cortex-M/ARMv7-M/GNU/os_dbg.o
                0x080074da                OSQSize
 .rodata.OSRdyTblSize
                0x080074dc        0x2 ./Middlewares/uCOSII/Ports/ARM-Cortex-M/ARMv7-M/GNU/os_dbg.o
                0x080074dc                OSRdyTblSize
 .rodata.OSSemEn
                0x080074de        0x2 ./Middlewares/uCOSII/Ports/ARM-Cortex-M/ARMv7-M/GNU/os_dbg.o
                0x080074de                OSSemEn
 .rodata.OSStkWidth
                0x080074e0        0x2 ./Middlewares/uCOSII/Ports/ARM-Cortex-M/ARMv7-M/GNU/os_dbg.o
                0x080074e0                OSStkWidth
 .rodata.OSTaskCreateEn
                0x080074e2        0x2 ./Middlewares/uCOSII/Ports/ARM-Cortex-M/ARMv7-M/GNU/os_dbg.o
                0x080074e2                OSTaskCreateEn
 .rodata.OSTaskCreateExtEn
                0x080074e4        0x2 ./Middlewares/uCOSII/Ports/ARM-Cortex-M/ARMv7-M/GNU/os_dbg.o
                0x080074e4                OSTaskCreateExtEn
 .rodata.OSTaskDelEn
                0x080074e6        0x2 ./Middlewares/uCOSII/Ports/ARM-Cortex-M/ARMv7-M/GNU/os_dbg.o
                0x080074e6                OSTaskDelEn
 .rodata.OSTaskIdleStkSize
                0x080074e8        0x2 ./Middlewares/uCOSII/Ports/ARM-Cortex-M/ARMv7-M/GNU/os_dbg.o
                0x080074e8                OSTaskIdleStkSize
 .rodata.OSTaskProfileEn
                0x080074ea        0x2 ./Middlewares/uCOSII/Ports/ARM-Cortex-M/ARMv7-M/GNU/os_dbg.o
                0x080074ea                OSTaskProfileEn
 .rodata.OSTaskMax
                0x080074ec        0x2 ./Middlewares/uCOSII/Ports/ARM-Cortex-M/ARMv7-M/GNU/os_dbg.o
                0x080074ec                OSTaskMax
 .rodata.OSTaskNameEn
                0x080074ee        0x2 ./Middlewares/uCOSII/Ports/ARM-Cortex-M/ARMv7-M/GNU/os_dbg.o
                0x080074ee                OSTaskNameEn
 .rodata.OSTaskStatEn
                0x080074f0        0x2 ./Middlewares/uCOSII/Ports/ARM-Cortex-M/ARMv7-M/GNU/os_dbg.o
                0x080074f0                OSTaskStatEn
 .rodata.OSTaskStatStkSize
                0x080074f2        0x2 ./Middlewares/uCOSII/Ports/ARM-Cortex-M/ARMv7-M/GNU/os_dbg.o
                0x080074f2                OSTaskStatStkSize
 .rodata.OSTaskStatStkChkEn
                0x080074f4        0x2 ./Middlewares/uCOSII/Ports/ARM-Cortex-M/ARMv7-M/GNU/os_dbg.o
                0x080074f4                OSTaskStatStkChkEn
 .rodata.OSTaskSwHookEn
                0x080074f6        0x2 ./Middlewares/uCOSII/Ports/ARM-Cortex-M/ARMv7-M/GNU/os_dbg.o
                0x080074f6                OSTaskSwHookEn
 .rodata.OSTCBPrioTblMax
                0x080074f8        0x2 ./Middlewares/uCOSII/Ports/ARM-Cortex-M/ARMv7-M/GNU/os_dbg.o
                0x080074f8                OSTCBPrioTblMax
 .rodata.OSTCBSize
                0x080074fa        0x2 ./Middlewares/uCOSII/Ports/ARM-Cortex-M/ARMv7-M/GNU/os_dbg.o
                0x080074fa                OSTCBSize
 .rodata.OSTicksPerSec
                0x080074fc        0x2 ./Middlewares/uCOSII/Ports/ARM-Cortex-M/ARMv7-M/GNU/os_dbg.o
                0x080074fc                OSTicksPerSec
 .rodata.OSTimeTickHookEn
                0x080074fe        0x2 ./Middlewares/uCOSII/Ports/ARM-Cortex-M/ARMv7-M/GNU/os_dbg.o
                0x080074fe                OSTimeTickHookEn
 .rodata.OSVersionNbr
                0x08007500        0x2 ./Middlewares/uCOSII/Ports/ARM-Cortex-M/ARMv7-M/GNU/os_dbg.o
                0x08007500                OSVersionNbr
 .rodata.OSTmrEn
                0x08007502        0x2 ./Middlewares/uCOSII/Ports/ARM-Cortex-M/ARMv7-M/GNU/os_dbg.o
                0x08007502                OSTmrEn
 .rodata.OSTmrCfgMax
                0x08007504        0x2 ./Middlewares/uCOSII/Ports/ARM-Cortex-M/ARMv7-M/GNU/os_dbg.o
                0x08007504                OSTmrCfgMax
 .rodata.OSTmrCfgNameEn
                0x08007506        0x2 ./Middlewares/uCOSII/Ports/ARM-Cortex-M/ARMv7-M/GNU/os_dbg.o
                0x08007506                OSTmrCfgNameEn
 .rodata.OSTmrCfgWheelSize
                0x08007508        0x2 ./Middlewares/uCOSII/Ports/ARM-Cortex-M/ARMv7-M/GNU/os_dbg.o
                0x08007508                OSTmrCfgWheelSize
 .rodata.OSTmrCfgTicksPerSec
                0x0800750a        0x2 ./Middlewares/uCOSII/Ports/ARM-Cortex-M/ARMv7-M/GNU/os_dbg.o
                0x0800750a                OSTmrCfgTicksPerSec
 .rodata.OSTmrSize
                0x0800750c        0x2 ./Middlewares/uCOSII/Ports/ARM-Cortex-M/ARMv7-M/GNU/os_dbg.o
                0x0800750c                OSTmrSize
 .rodata.OSTmrTblSize
                0x0800750e        0x2 ./Middlewares/uCOSII/Ports/ARM-Cortex-M/ARMv7-M/GNU/os_dbg.o
                0x0800750e                OSTmrTblSize
 .rodata.OSTmrWheelSize
                0x08007510        0x2 ./Middlewares/uCOSII/Ports/ARM-Cortex-M/ARMv7-M/GNU/os_dbg.o
                0x08007510                OSTmrWheelSize
 .rodata.OSTmrWheelTblSize
                0x08007512        0x2 ./Middlewares/uCOSII/Ports/ARM-Cortex-M/ARMv7-M/GNU/os_dbg.o
                0x08007512                OSTmrWheelTblSize
 .rodata.OSDataSize
                0x08007514        0x2 ./Middlewares/uCOSII/Ports/ARM-Cortex-M/ARMv7-M/GNU/os_dbg.o
                0x08007514                OSDataSize
 *fill*         0x08007516        0x2 
 .rodata.OSUnMapTbl
                0x08007518      0x100 ./Middlewares/uCOSII/Source/os_core.o
                0x08007518                OSUnMapTbl
 .rodata._vfprintf_r.str1.1
                0x08007618       0x11 C:/ST/STM32CubeIDE_1.16.0/STM32CubeIDE/plugins/com.st.stm32cube.ide.mcu.externaltools.gnu-tools-for-stm32.12.3.rel1.win32_1.0.200.202406191623/tools/bin/../lib/gcc/arm-none-eabi/12.3.1/../../../../arm-none-eabi/lib/thumb/v7e-m+fp/hard\libc_nano.a(libc_a-nano-vfprintf.o)
 .rodata._printf_i.str1.1
                0x08007629       0x22 C:/ST/STM32CubeIDE_1.16.0/STM32CubeIDE/plugins/com.st.stm32cube.ide.mcu.externaltools.gnu-tools-for-stm32.12.3.rel1.win32_1.0.200.202406191623/tools/bin/../lib/gcc/arm-none-eabi/12.3.1/../../../../arm-none-eabi/lib/thumb/v7e-m+fp/hard\libc_nano.a(libc_a-nano-vfprintf_i.o)
                0x0800764c                        . = ALIGN (0x4)
 *fill*         0x0800764b        0x1 

.ARM.extab      0x0800764c        0x0
                0x0800764c                        . = ALIGN (0x4)
 *(.ARM.extab* .gnu.linkonce.armextab.*)
                0x0800764c                        . = ALIGN (0x4)

.ARM            0x0800764c        0x8
                0x0800764c                        . = ALIGN (0x4)
                0x0800764c                        __exidx_start = .
 *(.ARM.exidx*)
 .ARM.exidx     0x0800764c        0x8 C:/ST/STM32CubeIDE_1.16.0/STM32CubeIDE/plugins/com.st.stm32cube.ide.mcu.externaltools.gnu-tools-for-stm32.12.3.rel1.win32_1.0.200.202406191623/tools/bin/../lib/gcc/arm-none-eabi/12.3.1/../../../../arm-none-eabi/lib/thumb/v7e-m+fp/hard\libc_nano.a(libc_a-strlen.o)
 .ARM.exidx     0x08007654        0x0 C:/ST/STM32CubeIDE_1.16.0/STM32CubeIDE/plugins/com.st.stm32cube.ide.mcu.externaltools.gnu-tools-for-stm32.12.3.rel1.win32_1.0.200.202406191623/tools/bin/../lib/gcc/arm-none-eabi/12.3.1/../../../../arm-none-eabi/lib/thumb/v7e-m+fp/hard\libc_nano.a(libc_a-memchr.o)
                                  0x8 (size before relaxing)
 .ARM.exidx     0x08007654        0x0 C:/ST/STM32CubeIDE_1.16.0/STM32CubeIDE/plugins/com.st.stm32cube.ide.mcu.externaltools.gnu-tools-for-stm32.12.3.rel1.win32_1.0.200.202406191623/tools/bin/../lib/gcc/arm-none-eabi/12.3.1/thumb/v7e-m+fp/hard\libgcc.a(_udivmoddi4.o)
                                  0x8 (size before relaxing)
                0x08007654                        __exidx_end = .
                0x08007654                        . = ALIGN (0x4)

.preinit_array  0x08007654        0x0
                0x08007654                        . = ALIGN (0x4)
                0x08007654                        PROVIDE (__preinit_array_start = .)
 *(.preinit_array*)
                0x08007654                        PROVIDE (__preinit_array_end = .)
                0x08007654                        . = ALIGN (0x4)

.init_array     0x08007654        0x4
                0x08007654                        . = ALIGN (0x4)
                0x08007654                        PROVIDE (__init_array_start = .)
 *(SORT_BY_NAME(.init_array.*))
 *(.init_array*)
 .init_array    0x08007654        0x4 C:/ST/STM32CubeIDE_1.16.0/STM32CubeIDE/plugins/com.st.stm32cube.ide.mcu.externaltools.gnu-tools-for-stm32.12.3.rel1.win32_1.0.200.202406191623/tools/bin/../lib/gcc/arm-none-eabi/12.3.1/thumb/v7e-m+fp/hard/crtbegin.o
                0x08007658                        PROVIDE (__init_array_end = .)
                0x08007658                        . = ALIGN (0x4)

.fini_array     0x08007658        0x4
                0x08007658                        . = ALIGN (0x4)
                [!provide]                        PROVIDE (__fini_array_start = .)
 *(SORT_BY_NAME(.fini_array.*))
 *(.fini_array*)
 .fini_array    0x08007658        0x4 C:/ST/STM32CubeIDE_1.16.0/STM32CubeIDE/plugins/com.st.stm32cube.ide.mcu.externaltools.gnu-tools-for-stm32.12.3.rel1.win32_1.0.200.202406191623/tools/bin/../lib/gcc/arm-none-eabi/12.3.1/thumb/v7e-m+fp/hard/crtbegin.o
                [!provide]                        PROVIDE (__fini_array_end = .)
                0x0800765c                        . = ALIGN (0x4)
                0x0800765c                        _sidata = LOADADDR (.data)

.rel.dyn        0x0800765c        0x0
 .rel.iplt      0x0800765c        0x0 C:/ST/STM32CubeIDE_1.16.0/STM32CubeIDE/plugins/com.st.stm32cube.ide.mcu.externaltools.gnu-tools-for-stm32.12.3.rel1.win32_1.0.200.202406191623/tools/bin/../lib/gcc/arm-none-eabi/12.3.1/thumb/v7e-m+fp/hard/crtbegin.o

.data           0x20000000       0x68 load address 0x0800765c
                0x20000000                        . = ALIGN (0x4)
                0x20000000                        _sdata = .
 *(.data)
 *(.data*)
 .data.SystemCoreClock
                0x20000000        0x4 ./Core/Src/system_stm32l4xx.o
                0x20000000                SystemCoreClock
 .data.uwTickPrio
                0x20000004        0x4 ./Drivers/STM32L4xx_HAL_Driver/Src/stm32l4xx_hal.o
                0x20000004                uwTickPrio
 .data.uwTickFreq
                0x20000008        0x1 ./Drivers/STM32L4xx_HAL_Driver/Src/stm32l4xx_hal.o
                0x20000008                uwTickFreq
 *fill*         0x20000009        0x3 
 .data.__sglue  0x2000000c        0xc C:/ST/STM32CubeIDE_1.16.0/STM32CubeIDE/plugins/com.st.stm32cube.ide.mcu.externaltools.gnu-tools-for-stm32.12.3.rel1.win32_1.0.200.202406191623/tools/bin/../lib/gcc/arm-none-eabi/12.3.1/../../../../arm-none-eabi/lib/thumb/v7e-m+fp/hard\libc_nano.a(libc_a-findfp.o)
                0x2000000c                __sglue
 .data._impure_ptr
                0x20000018        0x4 C:/ST/STM32CubeIDE_1.16.0/STM32CubeIDE/plugins/com.st.stm32cube.ide.mcu.externaltools.gnu-tools-for-stm32.12.3.rel1.win32_1.0.200.202406191623/tools/bin/../lib/gcc/arm-none-eabi/12.3.1/../../../../arm-none-eabi/lib/thumb/v7e-m+fp/hard\libc_nano.a(libc_a-impure.o)
                0x20000018                _impure_ptr
 .data._impure_data
                0x2000001c       0x4c C:/ST/STM32CubeIDE_1.16.0/STM32CubeIDE/plugins/com.st.stm32cube.ide.mcu.externaltools.gnu-tools-for-stm32.12.3.rel1.win32_1.0.200.202406191623/tools/bin/../lib/gcc/arm-none-eabi/12.3.1/../../../../arm-none-eabi/lib/thumb/v7e-m+fp/hard\libc_nano.a(libc_a-impure.o)
                0x2000001c                _impure_data
 *(.RamFunc)
 *(.RamFunc*)
                0x20000068                        . = ALIGN (0x4)
                0x20000068                        _edata = .

.igot.plt       0x20000068        0x0 load address 0x080076c4
 .igot.plt      0x20000068        0x0 C:/ST/STM32CubeIDE_1.16.0/STM32CubeIDE/plugins/com.st.stm32cube.ide.mcu.externaltools.gnu-tools-for-stm32.12.3.rel1.win32_1.0.200.202406191623/tools/bin/../lib/gcc/arm-none-eabi/12.3.1/thumb/v7e-m+fp/hard/crtbegin.o
                0x20000068                        . = ALIGN (0x4)

.bss            0x20000068     0x3230 load address 0x080076c4
                0x20000068                        _sbss = .
                0x20000068                        __bss_start__ = _sbss
 *(.bss)
 .bss           0x20000068       0x1c C:/ST/STM32CubeIDE_1.16.0/STM32CubeIDE/plugins/com.st.stm32cube.ide.mcu.externaltools.gnu-tools-for-stm32.12.3.rel1.win32_1.0.200.202406191623/tools/bin/../lib/gcc/arm-none-eabi/12.3.1/thumb/v7e-m+fp/hard/crtbegin.o
 *(.bss*)
 .bss.huart2    0x20000084       0x88 ./Core/Src/main.o
                0x20000084                huart2
 .bss.task1_stk
                0x2000010c      0x800 ./Core/Src/main.o
                0x2000010c                task1_stk
 .bss.task2_stk
                0x2000090c      0x800 ./Core/Src/main.o
                0x2000090c                task2_stk
 .bss.task3_stk
                0x2000110c      0x800 ./Core/Src/main.o
                0x2000110c                task3_stk
 .bss.Mutex1    0x2000190c        0x4 ./Core/Src/main.o
                0x2000190c                Mutex1
 .bss.gHuart    0x20001910        0x4 ./Core/Src/retarget.o
                0x20001910                gHuart
 .bss.__sbrk_heap_end
                0x20001914        0x4 ./Core/Src/sysmem.o
 .bss.uwTick    0x20001918        0x4 ./Drivers/STM32L4xx_HAL_Driver/Src/stm32l4xx_hal.o
                0x20001918                uwTick
 .bss.OS_CPU_ExceptStk
                0x2000191c      0x400 ./Middlewares/uCOSII/Ports/ARM-Cortex-M/ARMv7-M/GNU/os_cpu_c.o
                0x2000191c                OS_CPU_ExceptStk
 .bss.OS_CPU_ExceptStkBase
                0x20001d1c        0x4 ./Middlewares/uCOSII/Ports/ARM-Cortex-M/ARMv7-M/GNU/os_cpu_c.o
                0x20001d1c                OS_CPU_ExceptStkBase
 .bss.OSTmrCtr  0x20001d20        0x2 ./Middlewares/uCOSII/Ports/ARM-Cortex-M/ARMv7-M/GNU/os_cpu_c.o
 *fill*         0x20001d22        0x2 
 .bss.OS_KA_BASEPRI_Boundary
                0x20001d24        0x4 ./Middlewares/uCOSII/Ports/ARM-Cortex-M/ARMv7-M/GNU/os_cpu_c.o
                0x20001d24                OS_KA_BASEPRI_Boundary
 .bss.OSCtxSwCtr
                0x20001d28        0x4 ./Middlewares/uCOSII/Source/os_core.o
                0x20001d28                OSCtxSwCtr
 .bss.OSEventFreeList
                0x20001d2c        0x4 ./Middlewares/uCOSII/Source/os_core.o
                0x20001d2c                OSEventFreeList
 .bss.OSEventTbl
                0x20001d30       0xf0 ./Middlewares/uCOSII/Source/os_core.o
                0x20001d30                OSEventTbl
 .bss.OSFlagTbl
                0x20001e20       0x50 ./Middlewares/uCOSII/Source/os_core.o
                0x20001e20                OSFlagTbl
 .bss.OSFlagFreeList
                0x20001e70        0x4 ./Middlewares/uCOSII/Source/os_core.o
                0x20001e70                OSFlagFreeList
 .bss.OSCPUUsage
                0x20001e74        0x1 ./Middlewares/uCOSII/Source/os_core.o
                0x20001e74                OSCPUUsage
 *fill*         0x20001e75        0x3 
 .bss.OSIdleCtrMax
                0x20001e78        0x4 ./Middlewares/uCOSII/Source/os_core.o
                0x20001e78                OSIdleCtrMax
 .bss.OSIdleCtrRun
                0x20001e7c        0x4 ./Middlewares/uCOSII/Source/os_core.o
                0x20001e7c                OSIdleCtrRun
 .bss.OSStatRdy
                0x20001e80        0x1 ./Middlewares/uCOSII/Source/os_core.o
                0x20001e80                OSStatRdy
 *fill*         0x20001e81        0x3 
 .bss.OSTaskStatStk
                0x20001e84      0x200 ./Middlewares/uCOSII/Source/os_core.o
                0x20001e84                OSTaskStatStk
 .bss.OSIntNesting
                0x20002084        0x1 ./Middlewares/uCOSII/Source/os_core.o
                0x20002084                OSIntNesting
 .bss.OSLockNesting
                0x20002085        0x1 ./Middlewares/uCOSII/Source/os_core.o
                0x20002085                OSLockNesting
 .bss.OSPrioCur
                0x20002086        0x1 ./Middlewares/uCOSII/Source/os_core.o
                0x20002086                OSPrioCur
 .bss.OSPrioHighRdy
                0x20002087        0x1 ./Middlewares/uCOSII/Source/os_core.o
                0x20002087                OSPrioHighRdy
 .bss.OSRdyGrp  0x20002088        0x1 ./Middlewares/uCOSII/Source/os_core.o
                0x20002088                OSRdyGrp
 *fill*         0x20002089        0x3 
 .bss.OSRdyTbl  0x2000208c        0x8 ./Middlewares/uCOSII/Source/os_core.o
                0x2000208c                OSRdyTbl
 .bss.OSRunning
                0x20002094        0x1 ./Middlewares/uCOSII/Source/os_core.o
                0x20002094                OSRunning
 .bss.OSTaskCtr
                0x20002095        0x1 ./Middlewares/uCOSII/Source/os_core.o
                0x20002095                OSTaskCtr
 *fill*         0x20002096        0x2 
 .bss.OSIdleCtr
                0x20002098        0x4 ./Middlewares/uCOSII/Source/os_core.o
                0x20002098                OSIdleCtr
 .bss.OSTaskIdleStk
                0x2000209c      0x200 ./Middlewares/uCOSII/Source/os_core.o
                0x2000209c                OSTaskIdleStk
 .bss.OSTCBCur  0x2000229c        0x4 ./Middlewares/uCOSII/Source/os_core.o
                0x2000229c                OSTCBCur
 .bss.OSTCBFreeList
                0x200022a0        0x4 ./Middlewares/uCOSII/Source/os_core.o
                0x200022a0                OSTCBFreeList
 .bss.OSTCBHighRdy
                0x200022a4        0x4 ./Middlewares/uCOSII/Source/os_core.o
                0x200022a4                OSTCBHighRdy
 .bss.OSTCBList
                0x200022a8        0x4 ./Middlewares/uCOSII/Source/os_core.o
                0x200022a8                OSTCBList
 .bss.OSTCBPrioTbl
                0x200022ac      0x100 ./Middlewares/uCOSII/Source/os_core.o
                0x200022ac                OSTCBPrioTbl
 .bss.OSTCBTbl  0x200023ac      0x7e8 ./Middlewares/uCOSII/Source/os_core.o
                0x200023ac                OSTCBTbl
 .bss.OSTickStepState
                0x20002b94        0x1 ./Middlewares/uCOSII/Source/os_core.o
                0x20002b94                OSTickStepState
 *fill*         0x20002b95        0x3 
 .bss.OSMemFreeList
                0x20002b98        0x4 ./Middlewares/uCOSII/Source/os_core.o
                0x20002b98                OSMemFreeList
 .bss.OSMemTbl  0x20002b9c       0x78 ./Middlewares/uCOSII/Source/os_core.o
                0x20002b9c                OSMemTbl
 .bss.OSQFreeList
                0x20002c14        0x4 ./Middlewares/uCOSII/Source/os_core.o
                0x20002c14                OSQFreeList
 .bss.OSQTbl    0x20002c18       0x60 ./Middlewares/uCOSII/Source/os_core.o
                0x20002c18                OSQTbl
 .bss.OSTaskRegNextAvailID
                0x20002c78        0x1 ./Middlewares/uCOSII/Source/os_core.o
                0x20002c78                OSTaskRegNextAvailID
 *fill*         0x20002c79        0x3 
 .bss.OSTime    0x20002c7c        0x4 ./Middlewares/uCOSII/Source/os_core.o
                0x20002c7c                OSTime
 .bss.OSTmrFree
                0x20002c80        0x2 ./Middlewares/uCOSII/Source/os_core.o
                0x20002c80                OSTmrFree
 .bss.OSTmrUsed
                0x20002c82        0x2 ./Middlewares/uCOSII/Source/os_core.o
                0x20002c82                OSTmrUsed
 .bss.OSTmrTime
                0x20002c84        0x4 ./Middlewares/uCOSII/Source/os_core.o
                0x20002c84                OSTmrTime
 .bss.OSTmrSem  0x20002c88        0x4 ./Middlewares/uCOSII/Source/os_core.o
                0x20002c88                OSTmrSem
 .bss.OSTmrSemSignal
                0x20002c8c        0x4 ./Middlewares/uCOSII/Source/os_core.o
                0x20002c8c                OSTmrSemSignal
 .bss.OSTmrTbl  0x20002c90      0x280 ./Middlewares/uCOSII/Source/os_core.o
                0x20002c90                OSTmrTbl
 .bss.OSTmrFreeList
                0x20002f10        0x4 ./Middlewares/uCOSII/Source/os_core.o
                0x20002f10                OSTmrFreeList
 .bss.OSTmrTaskStk
                0x20002f14      0x200 ./Middlewares/uCOSII/Source/os_core.o
                0x20002f14                OSTmrTaskStk
 .bss.OSTmrWheelTbl
                0x20003114       0x38 ./Middlewares/uCOSII/Source/os_core.o
                0x20003114                OSTmrWheelTbl
 .bss.__sf      0x2000314c      0x138 C:/ST/STM32CubeIDE_1.16.0/STM32CubeIDE/plugins/com.st.stm32cube.ide.mcu.externaltools.gnu-tools-for-stm32.12.3.rel1.win32_1.0.200.202406191623/tools/bin/../lib/gcc/arm-none-eabi/12.3.1/../../../../arm-none-eabi/lib/thumb/v7e-m+fp/hard\libc_nano.a(libc_a-findfp.o)
                0x2000314c                __sf
 .bss.__stdio_exit_handler
                0x20003284        0x4 C:/ST/STM32CubeIDE_1.16.0/STM32CubeIDE/plugins/com.st.stm32cube.ide.mcu.externaltools.gnu-tools-for-stm32.12.3.rel1.win32_1.0.200.202406191623/tools/bin/../lib/gcc/arm-none-eabi/12.3.1/../../../../arm-none-eabi/lib/thumb/v7e-m+fp/hard\libc_nano.a(libc_a-findfp.o)
                0x20003284                __stdio_exit_handler
 .bss.errno     0x20003288        0x4 C:/ST/STM32CubeIDE_1.16.0/STM32CubeIDE/plugins/com.st.stm32cube.ide.mcu.externaltools.gnu-tools-for-stm32.12.3.rel1.win32_1.0.200.202406191623/tools/bin/../lib/gcc/arm-none-eabi/12.3.1/../../../../arm-none-eabi/lib/thumb/v7e-m+fp/hard\libc_nano.a(libc_a-reent.o)
                0x20003288                errno
 .bss.__lock___malloc_recursive_mutex
                0x2000328c        0x1 C:/ST/STM32CubeIDE_1.16.0/STM32CubeIDE/plugins/com.st.stm32cube.ide.mcu.externaltools.gnu-tools-for-stm32.12.3.rel1.win32_1.0.200.202406191623/tools/bin/../lib/gcc/arm-none-eabi/12.3.1/../../../../arm-none-eabi/lib/thumb/v7e-m+fp/hard\libc_nano.a(libc_a-lock.o)
                0x2000328c                __lock___malloc_recursive_mutex
 .bss.__lock___sfp_recursive_mutex
                0x2000328d        0x1 C:/ST/STM32CubeIDE_1.16.0/STM32CubeIDE/plugins/com.st.stm32cube.ide.mcu.externaltools.gnu-tools-for-stm32.12.3.rel1.win32_1.0.200.202406191623/tools/bin/../lib/gcc/arm-none-eabi/12.3.1/../../../../arm-none-eabi/lib/thumb/v7e-m+fp/hard\libc_nano.a(libc_a-lock.o)
                0x2000328d                __lock___sfp_recursive_mutex
 *fill*         0x2000328e        0x2 
 .bss.__malloc_sbrk_start
                0x20003290        0x4 C:/ST/STM32CubeIDE_1.16.0/STM32CubeIDE/plugins/com.st.stm32cube.ide.mcu.externaltools.gnu-tools-for-stm32.12.3.rel1.win32_1.0.200.202406191623/tools/bin/../lib/gcc/arm-none-eabi/12.3.1/../../../../arm-none-eabi/lib/thumb/v7e-m+fp/hard\libc_nano.a(libc_a-mallocr.o)
                0x20003290                __malloc_sbrk_start
 .bss.__malloc_free_list
                0x20003294        0x4 C:/ST/STM32CubeIDE_1.16.0/STM32CubeIDE/plugins/com.st.stm32cube.ide.mcu.externaltools.gnu-tools-for-stm32.12.3.rel1.win32_1.0.200.202406191623/tools/bin/../lib/gcc/arm-none-eabi/12.3.1/../../../../arm-none-eabi/lib/thumb/v7e-m+fp/hard\libc_nano.a(libc_a-mallocr.o)
                0x20003294                __malloc_free_list
 *(COMMON)
                0x20003298                        . = ALIGN (0x4)
                0x20003298                        _ebss = .
                0x20003298                        __bss_end__ = _ebss

._user_heap_stack
                0x20003298      0x600 load address 0x080076c4
                0x20003298                        . = ALIGN (0x8)
                [!provide]                        PROVIDE (end = .)
                0x20003298                        PROVIDE (_end = .)
                0x20003498                        . = (. + _Min_Heap_Size)
 *fill*         0x20003298      0x200 
                0x20003898                        . = (. + _Min_Stack_Size)
 *fill*         0x20003498      0x400 
                0x20003898                        . = ALIGN (0x8)

/DISCARD/
 libc.a(*)
 libm.a(*)
 libgcc.a(*)

.ARM.attributes
                0x00000000       0x30
 *(.ARM.attributes)
 .ARM.attributes
                0x00000000       0x22 C:/ST/STM32CubeIDE_1.16.0/STM32CubeIDE/plugins/com.st.stm32cube.ide.mcu.externaltools.gnu-tools-for-stm32.12.3.rel1.win32_1.0.200.202406191623/tools/bin/../lib/gcc/arm-none-eabi/12.3.1/thumb/v7e-m+fp/hard/crti.o
 .ARM.attributes
                0x00000022       0x34 C:/ST/STM32CubeIDE_1.16.0/STM32CubeIDE/plugins/com.st.stm32cube.ide.mcu.externaltools.gnu-tools-for-stm32.12.3.rel1.win32_1.0.200.202406191623/tools/bin/../lib/gcc/arm-none-eabi/12.3.1/thumb/v7e-m+fp/hard/crtbegin.o
 .ARM.attributes
                0x00000056       0x34 ./Core/Src/main.o
 .ARM.attributes
                0x0000008a       0x34 ./Core/Src/retarget.o
 .ARM.attributes
                0x000000be       0x34 ./Core/Src/stm32l4xx_hal_msp.o
 .ARM.attributes
                0x000000f2       0x34 ./Core/Src/stm32l4xx_it.o
 .ARM.attributes
                0x00000126       0x34 ./Core/Src/syscalls.o
 .ARM.attributes
                0x0000015a       0x34 ./Core/Src/sysmem.o
 .ARM.attributes
                0x0000018e       0x34 ./Core/Src/system_stm32l4xx.o
 .ARM.attributes
                0x000001c2       0x21 ./Core/Startup/startup_stm32l476rgtx.o
 .ARM.attributes
                0x000001e3       0x34 ./Drivers/STM32L4xx_HAL_Driver/Src/stm32l4xx_hal.o
 .ARM.attributes
                0x00000217       0x34 ./Drivers/STM32L4xx_HAL_Driver/Src/stm32l4xx_hal_cortex.o
 .ARM.attributes
                0x0000024b       0x34 ./Drivers/STM32L4xx_HAL_Driver/Src/stm32l4xx_hal_gpio.o
 .ARM.attributes
                0x0000027f       0x34 ./Drivers/STM32L4xx_HAL_Driver/Src/stm32l4xx_hal_pwr_ex.o
 .ARM.attributes
                0x000002b3       0x34 ./Drivers/STM32L4xx_HAL_Driver/Src/stm32l4xx_hal_rcc.o
 .ARM.attributes
                0x000002e7       0x34 ./Drivers/STM32L4xx_HAL_Driver/Src/stm32l4xx_hal_rcc_ex.o
 .ARM.attributes
                0x0000031b       0x34 ./Drivers/STM32L4xx_HAL_Driver/Src/stm32l4xx_hal_uart.o
 .ARM.attributes
                0x0000034f       0x34 ./Middlewares/uCOSII/Cfg/Template/app_hooks.o
 .ARM.attributes
                0x00000383       0x20 ./Middlewares/uCOSII/Ports/ARM-Cortex-M/ARMv7-M/GNU/os_cpu_a.o
 .ARM.attributes
                0x000003a3       0x34 ./Middlewares/uCOSII/Ports/ARM-Cortex-M/ARMv7-M/GNU/os_cpu_c.o
 .ARM.attributes
                0x000003d7       0x34 ./Middlewares/uCOSII/Ports/ARM-Cortex-M/ARMv7-M/GNU/os_dbg.o
 .ARM.attributes
                0x0000040b       0x34 ./Middlewares/uCOSII/Source/os_core.o
 .ARM.attributes
                0x0000043f       0x34 ./Middlewares/uCOSII/Source/os_flag.o
 .ARM.attributes
                0x00000473       0x34 ./Middlewares/uCOSII/Source/os_mem.o
 .ARM.attributes
                0x000004a7       0x34 ./Middlewares/uCOSII/Source/os_mutex.o
 .ARM.attributes
                0x000004db       0x34 ./Middlewares/uCOSII/Source/os_q.o
 .ARM.attributes
                0x0000050f       0x34 ./Middlewares/uCOSII/Source/os_sem.o
 .ARM.attributes
                0x00000543       0x34 ./Middlewares/uCOSII/Source/os_task.o
 .ARM.attributes
                0x00000577       0x34 ./Middlewares/uCOSII/Source/os_time.o
 .ARM.attributes
                0x000005ab       0x34 ./Middlewares/uCOSII/Source/os_tmr.o
 .ARM.attributes
                0x000005df       0x34 C:/ST/STM32CubeIDE_1.16.0/STM32CubeIDE/plugins/com.st.stm32cube.ide.mcu.externaltools.gnu-tools-for-stm32.12.3.rel1.win32_1.0.200.202406191623/tools/bin/../lib/gcc/arm-none-eabi/12.3.1/../../../../arm-none-eabi/lib/thumb/v7e-m+fp/hard\libc_nano.a(libc_a-findfp.o)
 .ARM.attributes
                0x00000613       0x34 C:/ST/STM32CubeIDE_1.16.0/STM32CubeIDE/plugins/com.st.stm32cube.ide.mcu.externaltools.gnu-tools-for-stm32.12.3.rel1.win32_1.0.200.202406191623/tools/bin/../lib/gcc/arm-none-eabi/12.3.1/../../../../arm-none-eabi/lib/thumb/v7e-m+fp/hard\libc_nano.a(libc_a-fwalk.o)
 .ARM.attributes
                0x00000647       0x34 C:/ST/STM32CubeIDE_1.16.0/STM32CubeIDE/plugins/com.st.stm32cube.ide.mcu.externaltools.gnu-tools-for-stm32.12.3.rel1.win32_1.0.200.202406191623/tools/bin/../lib/gcc/arm-none-eabi/12.3.1/../../../../arm-none-eabi/lib/thumb/v7e-m+fp/hard\libc_nano.a(libc_a-printf.o)
 .ARM.attributes
                0x0000067b       0x34 C:/ST/STM32CubeIDE_1.16.0/STM32CubeIDE/plugins/com.st.stm32cube.ide.mcu.externaltools.gnu-tools-for-stm32.12.3.rel1.win32_1.0.200.202406191623/tools/bin/../lib/gcc/arm-none-eabi/12.3.1/../../../../arm-none-eabi/lib/thumb/v7e-m+fp/hard\libc_nano.a(libc_a-putchar.o)
 .ARM.attributes
                0x000006af       0x34 C:/ST/STM32CubeIDE_1.16.0/STM32CubeIDE/plugins/com.st.stm32cube.ide.mcu.externaltools.gnu-tools-for-stm32.12.3.rel1.win32_1.0.200.202406191623/tools/bin/../lib/gcc/arm-none-eabi/12.3.1/../../../../arm-none-eabi/lib/thumb/v7e-m+fp/hard\libc_nano.a(libc_a-setvbuf.o)
 .ARM.attributes
                0x000006e3       0x34 C:/ST/STM32CubeIDE_1.16.0/STM32CubeIDE/plugins/com.st.stm32cube.ide.mcu.externaltools.gnu-tools-for-stm32.12.3.rel1.win32_1.0.200.202406191623/tools/bin/../lib/gcc/arm-none-eabi/12.3.1/../../../../arm-none-eabi/lib/thumb/v7e-m+fp/hard\libc_nano.a(libc_a-stdio.o)
 .ARM.attributes
                0x00000717       0x34 C:/ST/STM32CubeIDE_1.16.0/STM32CubeIDE/plugins/com.st.stm32cube.ide.mcu.externaltools.gnu-tools-for-stm32.12.3.rel1.win32_1.0.200.202406191623/tools/bin/../lib/gcc/arm-none-eabi/12.3.1/../../../../arm-none-eabi/lib/thumb/v7e-m+fp/hard\libc_nano.a(libc_a-memset.o)
 .ARM.attributes
                0x0000074b       0x34 C:/ST/STM32CubeIDE_1.16.0/STM32CubeIDE/plugins/com.st.stm32cube.ide.mcu.externaltools.gnu-tools-for-stm32.12.3.rel1.win32_1.0.200.202406191623/tools/bin/../lib/gcc/arm-none-eabi/12.3.1/../../../../arm-none-eabi/lib/thumb/v7e-m+fp/hard\libc_nano.a(libc_a-closer.o)
 .ARM.attributes
                0x0000077f       0x34 C:/ST/STM32CubeIDE_1.16.0/STM32CubeIDE/plugins/com.st.stm32cube.ide.mcu.externaltools.gnu-tools-for-stm32.12.3.rel1.win32_1.0.200.202406191623/tools/bin/../lib/gcc/arm-none-eabi/12.3.1/../../../../arm-none-eabi/lib/thumb/v7e-m+fp/hard\libc_nano.a(libc_a-reent.o)
 .ARM.attributes
                0x000007b3       0x34 C:/ST/STM32CubeIDE_1.16.0/STM32CubeIDE/plugins/com.st.stm32cube.ide.mcu.externaltools.gnu-tools-for-stm32.12.3.rel1.win32_1.0.200.202406191623/tools/bin/../lib/gcc/arm-none-eabi/12.3.1/../../../../arm-none-eabi/lib/thumb/v7e-m+fp/hard\libc_nano.a(libc_a-impure.o)
 .ARM.attributes
                0x000007e7       0x34 C:/ST/STM32CubeIDE_1.16.0/STM32CubeIDE/plugins/com.st.stm32cube.ide.mcu.externaltools.gnu-tools-for-stm32.12.3.rel1.win32_1.0.200.202406191623/tools/bin/../lib/gcc/arm-none-eabi/12.3.1/../../../../arm-none-eabi/lib/thumb/v7e-m+fp/hard\libc_nano.a(libc_a-lseekr.o)
 .ARM.attributes
                0x0000081b       0x34 C:/ST/STM32CubeIDE_1.16.0/STM32CubeIDE/plugins/com.st.stm32cube.ide.mcu.externaltools.gnu-tools-for-stm32.12.3.rel1.win32_1.0.200.202406191623/tools/bin/../lib/gcc/arm-none-eabi/12.3.1/../../../../arm-none-eabi/lib/thumb/v7e-m+fp/hard\libc_nano.a(libc_a-readr.o)
 .ARM.attributes
                0x0000084f       0x34 C:/ST/STM32CubeIDE_1.16.0/STM32CubeIDE/plugins/com.st.stm32cube.ide.mcu.externaltools.gnu-tools-for-stm32.12.3.rel1.win32_1.0.200.202406191623/tools/bin/../lib/gcc/arm-none-eabi/12.3.1/../../../../arm-none-eabi/lib/thumb/v7e-m+fp/hard\libc_nano.a(libc_a-writer.o)
 .ARM.attributes
                0x00000883       0x34 C:/ST/STM32CubeIDE_1.16.0/STM32CubeIDE/plugins/com.st.stm32cube.ide.mcu.externaltools.gnu-tools-for-stm32.12.3.rel1.win32_1.0.200.202406191623/tools/bin/../lib/gcc/arm-none-eabi/12.3.1/../../../../arm-none-eabi/lib/thumb/v7e-m+fp/hard\libc_nano.a(libc_a-errno.o)
 .ARM.attributes
                0x000008b7       0x34 C:/ST/STM32CubeIDE_1.16.0/STM32CubeIDE/plugins/com.st.stm32cube.ide.mcu.externaltools.gnu-tools-for-stm32.12.3.rel1.win32_1.0.200.202406191623/tools/bin/../lib/gcc/arm-none-eabi/12.3.1/../../../../arm-none-eabi/lib/thumb/v7e-m+fp/hard\libc_nano.a(libc_a-init.o)
 .ARM.attributes
                0x000008eb       0x34 C:/ST/STM32CubeIDE_1.16.0/STM32CubeIDE/plugins/com.st.stm32cube.ide.mcu.externaltools.gnu-tools-for-stm32.12.3.rel1.win32_1.0.200.202406191623/tools/bin/../lib/gcc/arm-none-eabi/12.3.1/../../../../arm-none-eabi/lib/thumb/v7e-m+fp/hard\libc_nano.a(libc_a-lock.o)
 .ARM.attributes
                0x0000091f       0x17 C:/ST/STM32CubeIDE_1.16.0/STM32CubeIDE/plugins/com.st.stm32cube.ide.mcu.externaltools.gnu-tools-for-stm32.12.3.rel1.win32_1.0.200.202406191623/tools/bin/../lib/gcc/arm-none-eabi/12.3.1/../../../../arm-none-eabi/lib/thumb/v7e-m+fp/hard\libc_nano.a(libc_a-strlen.o)
 .ARM.attributes
                0x00000936       0x34 C:/ST/STM32CubeIDE_1.16.0/STM32CubeIDE/plugins/com.st.stm32cube.ide.mcu.externaltools.gnu-tools-for-stm32.12.3.rel1.win32_1.0.200.202406191623/tools/bin/../lib/gcc/arm-none-eabi/12.3.1/../../../../arm-none-eabi/lib/thumb/v7e-m+fp/hard\libc_nano.a(libc_a-freer.o)
 .ARM.attributes
                0x0000096a       0x34 C:/ST/STM32CubeIDE_1.16.0/STM32CubeIDE/plugins/com.st.stm32cube.ide.mcu.externaltools.gnu-tools-for-stm32.12.3.rel1.win32_1.0.200.202406191623/tools/bin/../lib/gcc/arm-none-eabi/12.3.1/../../../../arm-none-eabi/lib/thumb/v7e-m+fp/hard\libc_nano.a(libc_a-malloc.o)
 .ARM.attributes
                0x0000099e       0x34 C:/ST/STM32CubeIDE_1.16.0/STM32CubeIDE/plugins/com.st.stm32cube.ide.mcu.externaltools.gnu-tools-for-stm32.12.3.rel1.win32_1.0.200.202406191623/tools/bin/../lib/gcc/arm-none-eabi/12.3.1/../../../../arm-none-eabi/lib/thumb/v7e-m+fp/hard\libc_nano.a(libc_a-mallocr.o)
 .ARM.attributes
                0x000009d2       0x34 C:/ST/STM32CubeIDE_1.16.0/STM32CubeIDE/plugins/com.st.stm32cube.ide.mcu.externaltools.gnu-tools-for-stm32.12.3.rel1.win32_1.0.200.202406191623/tools/bin/../lib/gcc/arm-none-eabi/12.3.1/../../../../arm-none-eabi/lib/thumb/v7e-m+fp/hard\libc_nano.a(libc_a-mlock.o)
 .ARM.attributes
                0x00000a06       0x34 C:/ST/STM32CubeIDE_1.16.0/STM32CubeIDE/plugins/com.st.stm32cube.ide.mcu.externaltools.gnu-tools-for-stm32.12.3.rel1.win32_1.0.200.202406191623/tools/bin/../lib/gcc/arm-none-eabi/12.3.1/../../../../arm-none-eabi/lib/thumb/v7e-m+fp/hard\libc_nano.a(libc_a-nano-vfprintf.o)
 .ARM.attributes
                0x00000a3a       0x34 C:/ST/STM32CubeIDE_1.16.0/STM32CubeIDE/plugins/com.st.stm32cube.ide.mcu.externaltools.gnu-tools-for-stm32.12.3.rel1.win32_1.0.200.202406191623/tools/bin/../lib/gcc/arm-none-eabi/12.3.1/../../../../arm-none-eabi/lib/thumb/v7e-m+fp/hard\libc_nano.a(libc_a-nano-vfprintf_i.o)
 .ARM.attributes