
Discarded input sections

 .group         0x00000000        0xc ./main.o
 .text          0x00000000        0x0 ./main.o
 .data          0x00000000        0x0 ./main.o
 .bss           0x00000000        0x0 ./main.o

Memory Configuration

Name             Origin             Length             Attributes
FLASH            0x08000000         0x00100000         xr
SRAM             0x20000000         0x00018000         xrw
*default*        0x00000000         0xffffffff

Linker script and memory map

LOAD ./main.o
START GROUP
LOAD C:/ST/STM32CubeIDE_1.16.0/STM32CubeIDE/plugins/com.st.stm32cube.ide.mcu.externaltools.gnu-tools-for-stm32.12.3.rel1.win32_1.0.200.202406191623/tools/bin/../lib/gcc/arm-none-eabi/12.3.1/../../../../arm-none-eabi/lib/thumb/v7e-m/nofp\libc_nano.a
LOAD C:/ST/STM32CubeIDE_1.16.0/STM32CubeIDE/plugins/com.st.stm32cube.ide.mcu.externaltools.gnu-tools-for-stm32.12.3.rel1.win32_1.0.200.202406191623/tools/bin/../lib/gcc/arm-none-eabi/12.3.1/../../../../arm-none-eabi/lib/thumb/v7e-m/nofp\libm.a
END GROUP
START GROUP
LOAD C:/ST/STM32CubeIDE_1.16.0/STM32CubeIDE/plugins/com.st.stm32cube.ide.mcu.externaltools.gnu-tools-for-stm32.12.3.rel1.win32_1.0.200.202406191623/tools/bin/../lib/gcc/arm-none-eabi/12.3.1/thumb/v7e-m/nofp\libgcc.a
LOAD C:/ST/STM32CubeIDE_1.16.0/STM32CubeIDE/plugins/com.st.stm32cube.ide.mcu.externaltools.gnu-tools-for-stm32.12.3.rel1.win32_1.0.200.202406191623/tools/bin/../lib/gcc/arm-none-eabi/12.3.1/../../../../arm-none-eabi/lib/thumb/v7e-m/nofp\libc_nano.a
END GROUP
START GROUP
LOAD C:/ST/STM32CubeIDE_1.16.0/STM32CubeIDE/plugins/com.st.stm32cube.ide.mcu.externaltools.gnu-tools-for-stm32.12.3.rel1.win32_1.0.200.202406191623/tools/bin/../lib/gcc/arm-none-eabi/12.3.1/thumb/v7e-m/nofp\libgcc.a
LOAD C:/ST/STM32CubeIDE_1.16.0/STM32CubeIDE/plugins/com.st.stm32cube.ide.mcu.externaltools.gnu-tools-for-stm32.12.3.rel1.win32_1.0.200.202406191623/tools/bin/../lib/gcc/arm-none-eabi/12.3.1/../../../../arm-none-eabi/lib/thumb/v7e-m/nofp\libc_nano.a
LOAD C:/ST/STM32CubeIDE_1.16.0/STM32CubeIDE/plugins/com.st.stm32cube.ide.mcu.externaltools.gnu-tools-for-stm32.12.3.rel1.win32_1.0.200.202406191623/tools/bin/../lib/gcc/arm-none-eabi/12.3.1/../../../../arm-none-eabi/lib/thumb/v7e-m/nofp\libnosys.a
END GROUP
START GROUP
LOAD C:/ST/STM32CubeIDE_1.16.0/STM32CubeIDE/plugins/com.st.stm32cube.ide.mcu.externaltools.gnu-tools-for-stm32.12.3.rel1.win32_1.0.200.202406191623/tools/bin/../lib/gcc/arm-none-eabi/12.3.1/thumb/v7e-m/nofp\libgcc.a
LOAD C:/ST/STM32CubeIDE_1.16.0/STM32CubeIDE/plugins/com.st.stm32cube.ide.mcu.externaltools.gnu-tools-for-stm32.12.3.rel1.win32_1.0.200.202406191623/tools/bin/../lib/gcc/arm-none-eabi/12.3.1/../../../../arm-none-eabi/lib/thumb/v7e-m/nofp\libc_nano.a
LOAD C:/ST/STM32CubeIDE_1.16.0/STM32CubeIDE/plugins/com.st.stm32cube.ide.mcu.externaltools.gnu-tools-for-stm32.12.3.rel1.win32_1.0.200.202406191623/tools/bin/../lib/gcc/arm-none-eabi/12.3.1/../../../../arm-none-eabi/lib/thumb/v7e-m/nofp\libnosys.a
END GROUP

.text           0x08000000       0xbc
 *(.isr_vector)
 .isr_vector    0x08000000        0x8 ./main.o
                0x08000000                vector_table
 *(.text)
 *(.text*)
 .text._start   0x08000008       0x48 ./main.o
                0x08000008                _start
 .text.main     0x08000050       0x4c ./main.o
                0x08000050                main
 .text.delay    0x0800009c       0x20 ./main.o
                0x0800009c                delay
 *(.isr_vector)
                0x080000bc                        _sidata = LOADADDR (.data)

.glue_7         0x080000bc        0x0
 .glue_7        0x080000bc        0x0 linker stubs

.glue_7t        0x080000bc        0x0
 .glue_7t       0x080000bc        0x0 linker stubs

.vfp11_veneer   0x080000bc        0x0
 .vfp11_veneer  0x080000bc        0x0 linker stubs

.v4_bx          0x080000bc        0x0
 .v4_bx         0x080000bc        0x0 linker stubs

.iplt           0x080000bc        0x0
 .iplt          0x080000bc        0x0 ./main.o

.rel.dyn        0x080000bc        0x0
 .rel.iplt      0x080000bc        0x0 ./main.o

.data           0x20000000        0x4 load address 0x080000bc
                0x20000000                        . = ALIGN (0x4)
                0x20000000                        _sdata = .
 *(.data)
 *(.data*)
 .data.dataVar  0x20000000        0x4 ./main.o
                0x20000000                dataVar
                0x20000004                        . = ALIGN (0x4)
                0x20000004                        _edata = .
OUTPUT(BareBone2.elf elf32-littlearm)
LOAD linker stubs

.igot.plt       0x20000004        0x0 load address 0x080000c0
 .igot.plt      0x20000004        0x0 ./main.o

.debug_info     0x00000000      0x159
 .debug_info    0x00000000      0x159 ./main.o

.debug_abbrev   0x00000000      0x143
 .debug_abbrev  0x00000000      0x143 ./main.o

.debug_aranges  0x00000000       0x30
 .debug_aranges
                0x00000000       0x30 ./main.o

.debug_rnglists
                0x00000000       0x1f
 .debug_rnglists
                0x00000000       0x1f ./main.o

.debug_macro    0x00000000      0xae3
 .debug_macro   0x00000000       0x4d ./main.o
 .debug_macro   0x0000004d      0xa96 ./main.o

.debug_line     0x00000000       0xba
 .debug_line    0x00000000       0xba ./main.o

.debug_str      0x00000000     0x2f30
 .debug_str     0x00000000     0x2f30 ./main.o
                               0x2f4f (size before relaxing)

.comment        0x00000000       0x43
 .comment       0x00000000       0x43 ./main.o
                                 0x44 (size before relaxing)

.ARM.attributes
                0x00000000       0x2e
 .ARM.attributes
                0x00000000       0x2e ./main.o

.debug_frame    0x00000000       0x74
 .debug_frame   0x00000000       0x74 ./main.o
