../Core/Src/main.c:51:5:main	16	static
../Core/Src/main.c:86:9:UART_Transmit	24	static
../Core/Src/main.c:95:6:USART2_IRQHandler	8	static
../Core/Src/main.c:99:6:HAL_UART_RxCpltCallback	16	static
../Core/Src/main.c:104:6:HAL_UART_TxCpltCallback	16	static
../Core/Src/main.c:111:6:performCriticalTasks	8	static
../Core/Src/main.c:115:6:printWelcomeMessage	40	static
../Core/Src/main.c:124:9:readUserInput	16	static
../Core/Src/main.c:135:9:processUserInput	48	static
../Core/Src/main.c:164:6:SystemClock_Config	96	static
../Core/Src/main.c:214:13:MX_USART2_UART_Init	8	static
../Core/Src/main.c:249:13:MX_GPIO_Init	48	static
../Core/Src/main.c:289:6:Error_Handler	4	static,ignoring_inline_asm
