Archive member included to satisfy reference by file (symbol)

C:/ST/STM32CubeIDE_1.16.0/STM32CubeIDE/plugins/com.st.stm32cube.ide.mcu.externaltools.gnu-tools-for-stm32.12.3.rel1.win32_1.0.200.202406191623/tools/bin/../lib/gcc/arm-none-eabi/12.3.1/../../../../arm-none-eabi/lib/thumb/v7e-m+fp/hard\libc_nano.a(libc_a-exit.o)
                              C:/ST/STM32CubeIDE_1.16.0/STM32CubeIDE/plugins/com.st.stm32cube.ide.mcu.externaltools.gnu-tools-for-stm32.12.3.rel1.win32_1.0.200.202406191623/tools/bin/../lib/gcc/arm-none-eabi/12.3.1/../../../../arm-none-eabi/lib/thumb/v7e-m+fp/hard/crt0.o (exit)
C:/ST/STM32CubeIDE_1.16.0/STM32CubeIDE/plugins/com.st.stm32cube.ide.mcu.externaltools.gnu-tools-for-stm32.12.3.rel1.win32_1.0.200.202406191623/tools/bin/../lib/gcc/arm-none-eabi/12.3.1/../../../../arm-none-eabi/lib/thumb/v7e-m+fp/hard\libc_nano.a(libc_a-findfp.o)
                              C:/ST/STM32CubeIDE_1.16.0/STM32CubeIDE/plugins/com.st.stm32cube.ide.mcu.externaltools.gnu-tools-for-stm32.12.3.rel1.win32_1.0.200.202406191623/tools/bin/../lib/gcc/arm-none-eabi/12.3.1/../../../../arm-none-eabi/lib/thumb/v7e-m+fp/hard\libc_nano.a(libc_a-exit.o) (__stdio_exit_handler)
C:/ST/STM32CubeIDE_1.16.0/STM32CubeIDE/plugins/com.st.stm32cube.ide.mcu.externaltools.gnu-tools-for-stm32.12.3.rel1.win32_1.0.200.202406191623/tools/bin/../lib/gcc/arm-none-eabi/12.3.1/../../../../arm-none-eabi/lib/thumb/v7e-m+fp/hard\libc_nano.a(libc_a-fwalk.o)
                              C:/ST/STM32CubeIDE_1.16.0/STM32CubeIDE/plugins/com.st.stm32cube.ide.mcu.externaltools.gnu-tools-for-stm32.12.3.rel1.win32_1.0.200.202406191623/tools/bin/../lib/gcc/arm-none-eabi/12.3.1/../../../../arm-none-eabi/lib/thumb/v7e-m+fp/hard\libc_nano.a(libc_a-findfp.o) (_fwalk_sglue)
C:/ST/STM32CubeIDE_1.16.0/STM32CubeIDE/plugins/com.st.stm32cube.ide.mcu.externaltools.gnu-tools-for-stm32.12.3.rel1.win32_1.0.200.202406191623/tools/bin/../lib/gcc/arm-none-eabi/12.3.1/../../../../arm-none-eabi/lib/thumb/v7e-m+fp/hard\libc_nano.a(libc_a-printf.o)
                              ./Core/Src/main.o (printf)
C:/ST/STM32CubeIDE_1.16.0/STM32CubeIDE/plugins/com.st.stm32cube.ide.mcu.externaltools.gnu-tools-for-stm32.12.3.rel1.win32_1.0.200.202406191623/tools/bin/../lib/gcc/arm-none-eabi/12.3.1/../../../../arm-none-eabi/lib/thumb/v7e-m+fp/hard\libc_nano.a(libc_a-setvbuf.o)
                              ./Core/Src/retarget.o (setvbuf)
C:/ST/STM32CubeIDE_1.16.0/STM32CubeIDE/plugins/com.st.stm32cube.ide.mcu.externaltools.gnu-tools-for-stm32.12.3.rel1.win32_1.0.200.202406191623/tools/bin/../lib/gcc/arm-none-eabi/12.3.1/../../../../arm-none-eabi/lib/thumb/v7e-m+fp/hard\libc_nano.a(libc_a-stdio.o)
                              C:/ST/STM32CubeIDE_1.16.0/STM32CubeIDE/plugins/com.st.stm32cube.ide.mcu.externaltools.gnu-tools-for-stm32.12.3.rel1.win32_1.0.200.202406191623/tools/bin/../lib/gcc/arm-none-eabi/12.3.1/../../../../arm-none-eabi/lib/thumb/v7e-m+fp/hard\libc_nano.a(libc_a-findfp.o) (__sread)
C:/ST/STM32CubeIDE_1.16.0/STM32CubeIDE/plugins/com.st.stm32cube.ide.mcu.externaltools.gnu-tools-for-stm32.12.3.rel1.win32_1.0.200.202406191623/tools/bin/../lib/gcc/arm-none-eabi/12.3.1/../../../../arm-none-eabi/lib/thumb/v7e-m+fp/hard\libc_nano.a(libc_a-memset.o)
                              C:/ST/STM32CubeIDE_1.16.0/STM32CubeIDE/plugins/com.st.stm32cube.ide.mcu.externaltools.gnu-tools-for-stm32.12.3.rel1.win32_1.0.200.202406191623/tools/bin/../lib/gcc/arm-none-eabi/12.3.1/../../../../arm-none-eabi/lib/thumb/v7e-m+fp/hard/crt0.o (memset)
C:/ST/STM32CubeIDE_1.16.0/STM32CubeIDE/plugins/com.st.stm32cube.ide.mcu.externaltools.gnu-tools-for-stm32.12.3.rel1.win32_1.0.200.202406191623/tools/bin/../lib/gcc/arm-none-eabi/12.3.1/../../../../arm-none-eabi/lib/thumb/v7e-m+fp/hard\libc_nano.a(libc_a-closer.o)
                              C:/ST/STM32CubeIDE_1.16.0/STM32CubeIDE/plugins/com.st.stm32cube.ide.mcu.externaltools.gnu-tools-for-stm32.12.3.rel1.win32_1.0.200.202406191623/tools/bin/../lib/gcc/arm-none-eabi/12.3.1/../../../../arm-none-eabi/lib/thumb/v7e-m+fp/hard\libc_nano.a(libc_a-stdio.o) (_close_r)
C:/ST/STM32CubeIDE_1.16.0/STM32CubeIDE/plugins/com.st.stm32cube.ide.mcu.externaltools.gnu-tools-for-stm32.12.3.rel1.win32_1.0.200.202406191623/tools/bin/../lib/gcc/arm-none-eabi/12.3.1/../../../../arm-none-eabi/lib/thumb/v7e-m+fp/hard\libc_nano.a(libc_a-reent.o)
                              C:/ST/STM32CubeIDE_1.16.0/STM32CubeIDE/plugins/com.st.stm32cube.ide.mcu.externaltools.gnu-tools-for-stm32.12.3.rel1.win32_1.0.200.202406191623/tools/bin/../lib/gcc/arm-none-eabi/12.3.1/../../../../arm-none-eabi/lib/thumb/v7e-m+fp/hard\libc_nano.a(libc_a-closer.o) (errno)
C:/ST/STM32CubeIDE_1.16.0/STM32CubeIDE/plugins/com.st.stm32cube.ide.mcu.externaltools.gnu-tools-for-stm32.12.3.rel1.win32_1.0.200.202406191623/tools/bin/../lib/gcc/arm-none-eabi/12.3.1/../../../../arm-none-eabi/lib/thumb/v7e-m+fp/hard\libc_nano.a(libc_a-impure.o)
                              ./Core/Src/retarget.o (_impure_ptr)
[...]
Memory Configuration

Name             Origin             Length             Attributes
RAM              0x20000000         0x00018000         xrw
RAM2             0x10000000         0x00008000         xrw
FLASH            0x08000000         0x00100000         xr
*default*        0x00000000         0xffffffff

Linker script and memory map

LOAD C:/ST/STM32CubeIDE_1.16.0/STM32CubeIDE/plugins/com.st.stm32cube.ide.mcu.externaltools.gnu-tools-for-stm32.12.3.rel1.win32_1.0.200.202406191623/tools/bin/../lib/gcc/arm-none-eabi/12.3.1/thumb/v7e-m+fp/hard/crti.o
LOAD C:/ST/STM32CubeIDE_1.16.0/STM32CubeIDE/plugins/com.st.stm32cube.ide.mcu.externaltools.gnu-tools-for-stm32.12.3.rel1.win32_1.0.200.202406191623/tools/bin/../lib/gcc/arm-none-eabi/12.3.1/thumb/v7e-m+fp/hard/crtbegin.o
LOAD C:/ST/STM32CubeIDE_1.16.0/STM32CubeIDE/plugins/com.st.stm32cube.ide.mcu.externaltools.gnu-tools-for-stm32.12.3.rel1.win32_1.0.200.202406191623/tools/bin/../lib/gcc/arm-none-eabi/12.3.1/../../../../arm-none-eabi/lib/thumb/v7e-m+fp/hard/crt0.o
LOAD ./Core/Src/main.o
LOAD ./Core/Src/retarget.o
LOAD ./Core/Src/stm32l4xx_hal_msp.o
LOAD ./Core/Src/stm32l4xx_it.o
LOAD ./Core/Src/syscalls.o
LOAD ./Core/Src/sysmem.o
LOAD ./Core/Src/system_stm32l4xx.o
LOAD ./Core/Startup/startup_stm32l476rgtx.o
LOAD ./Drivers/STM32L4xx_HAL_Driver/Src/stm32l4xx_hal.o
LOAD ./Drivers/STM32L4xx_HAL_Driver/Src/stm32l4xx_hal_cortex.o
LOAD ./Drivers/STM32L4xx_HAL_Driver/Src/stm32l4xx_hal_dma.o
LOAD ./Drivers/STM32L4xx_HAL_Driver/Src/stm32l4xx_hal_dma_ex.o
LOAD ./Drivers/STM32L4xx_HAL_Driver/Src/stm32l4xx_hal_exti.o
LOAD ./Drivers/STM32L4xx_HAL_Driver/Src/stm32l4xx_hal_flash.o
LOAD ./Drivers/STM32L4xx_HAL_Driver/Src/stm32l4xx_hal_flash_ex.o
LOAD ./Drivers/STM32L4xx_HAL_Driver/Src/stm32l4xx_hal_flash_ramfunc.o
LOAD ./Drivers/STM32L4xx_HAL_Driver/Src/stm32l4xx_hal_gpio.o
LOAD ./Drivers/STM32L4xx_HAL_Driver/Src/stm32l4xx_hal_i2c.o
LOAD ./Drivers/STM32L4xx_HAL_Driver/Src/stm32l4xx_hal_i2c_ex.o
LOAD ./Drivers/STM32L4xx_HAL_Driver/Src/stm32l4xx_hal_pwr.o
LOAD ./Drivers/STM32L4xx_HAL_Driver/Src/stm32l4xx_hal_pwr_ex.o
LOAD ./Drivers/STM32L4xx_HAL_Driver/Src/stm32l4xx_hal_rcc.o
LOAD ./Drivers/STM32L4xx_HAL_Driver/Src/stm32l4xx_hal_rcc_ex.o
LOAD ./Drivers/STM32L4xx_HAL_Driver/Src/stm32l4xx_hal_tim.o
LOAD ./Drivers/STM32L4xx_HAL_Driver/Src/stm32l4xx_hal_tim_ex.o
LOAD ./Drivers/STM32L4xx_HAL_Driver/Src/stm32l4xx_hal_uart.o
LOAD ./Drivers/STM32L4xx_HAL_Driver/Src/stm32l4xx_hal_uart_ex.o
LOAD ./Middlewares/uCOSII/Cfg/Template/app_hooks.o
LOAD ./Middlewares/uCOSII/Ports/ARM-Cortex-M/ARMv7-M/GNU/os_cpu_a.o
LOAD ./Middlewares/uCOSII/Ports/ARM-Cortex-M/ARMv7-M/GNU/os_cpu_c.o
LOAD ./Middlewares/uCOSII/Ports/ARM-Cortex-M/ARMv7-M/GNU/os_dbg.o
LOAD ./Middlewares/uCOSII/Source/os_core.o
LOAD ./Middlewares/uCOSII/Source/os_flag.o
LOAD ./Middlewares/uCOSII/Source/os_mbox.o
LOAD ./Middlewares/uCOSII/Source/os_mem.o
LOAD ./Middlewares/uCOSII/Source/os_mutex.o
LOAD ./Middlewares/uCOSII/Source/os_q.o
LOAD ./Middlewares/uCOSII/Source/os_sem.o
LOAD ./Middlewares/uCOSII/Source/os_task.o
LOAD ./Middlewares/uCOSII/Source/os_time.o
LOAD ./Middlewares/uCOSII/Source/os_tmr.o
LOAD ./Middlewares/uCOSII/Source/ucos_ii.o
START GROUP
LOAD C:/ST/STM32CubeIDE_1.16.0/STM32CubeIDE/plugins/com.st.stm32cube.ide.mcu.externaltools.gnu-tools-for-stm32.12.3.rel1.win32_1.0.200.202406191623/tools/bin/../lib/gcc/arm-none-eabi/12.3.1/../../../../arm-none-eabi/lib/thumb/v7e-m+fp/hard\libc_nano.a
LOAD C:/ST/STM32CubeIDE_1.16.0/STM32CubeIDE/plugins/com.st.stm32cube.ide.mcu.externaltools.gnu-tools-for-stm32.12.3.rel1.win32_1.0.200.202406191623/tools/bin/../lib/gcc/arm-none-eabi/12.3.1/../../../../arm-none-eabi/lib/thumb/v7e-m+fp/hard\libm.a
END GROUP
START GROUP
LOAD C:/ST/STM32CubeIDE_1.16.0/STM32CubeIDE/plugins/com.st.stm32cube.ide.mcu.externaltools.gnu-tools-for-stm32.12.3.rel1.win32_1.0.200.202406191623/tools/bin/../lib/gcc/arm-none-eabi/12.3.1/thumb/v7e-m+fp/hard\libgcc.a
LOAD C:/ST/STM32CubeIDE_1.16.0/STM32CubeIDE/plugins/com.st.stm32cube.ide.mcu.externaltools.gnu-tools-for-stm32.12.3.rel1.win32_1.0.200.202406191623/tools/bin/../lib/gcc/arm-none-eabi/12.3.1/../../../../arm-none-eabi/lib/thumb/v7e-m+fp/hard\libc_nano.a
END GROUP
START GROUP
LOAD C:/ST/STM32CubeIDE_1.16.0/STM32CubeIDE/plugins/com.st.stm32cube.ide.mcu.externaltools.gnu-tools-for-stm32.12.3.rel1.win32_1.0.200.202406191623/tools/bin/../lib/gcc/arm-none-eabi/12.3.1/thumb/v7e-m+fp/hard\libgcc.a
LOAD C:/ST/STM32CubeIDE_1.16.0/STM32CubeIDE/plugins/com.st.stm32cube.ide.mcu.externaltools.gnu-tools-for-stm32.12.3.rel1.win32_1.0.200.202406191623/tools/bin/../lib/gcc/arm-none-eabi/12.3.1/../../../../arm-none-eabi/lib/thumb/v7e-m+fp/hard\libc_nano.a
LOAD C:/ST/STM32CubeIDE_1.16.0/STM32CubeIDE/plugins/com.st.stm32cube.ide.mcu.externaltools.gnu-tools-for-stm32.12.3.rel1.win32_1.0.200.202406191623/tools/bin/../lib/gcc/arm-none-eabi/12.3.1/../../../../arm-none-eabi/lib/thumb/v7e-m+fp/hard\libnosys.a
END GROUP
START GROUP
LOAD C:/ST/STM32CubeIDE_1.16.0/STM32CubeIDE/plugins/com.st.stm32cube.ide.mcu.externaltools.gnu-tools-for-stm32.12.3.rel1.win32_1.0.200.202406191623/tools/bin/../lib/gcc/arm-none-eabi/12.3.1/thumb/v7e-m+fp/hard\libgcc.a
LOAD C:/ST/STM32CubeIDE_1.16.0/STM32CubeIDE/plugins/com.st.stm32cube.ide.mcu.externaltools.gnu-tools-for-stm32.12.3.rel1.win32_1.0.200.202406191623/tools/bin/../lib/gcc/arm-none-eabi/12.3.1/../../../../arm-none-eabi/lib/thumb/v7e-m+fp/hard\libc_nano.a
LOAD C:/ST/STM32CubeIDE_1.16.0/STM32CubeIDE/plugins/com.st.stm32cube.ide.mcu.externaltools.gnu-tools-for-stm32.12.3.rel1.win32_1.0.200.202406191623/tools/bin/../lib/gcc/arm-none-eabi/12.3.1/../../../../arm-none-eabi/lib/thumb/v7e-m+fp/hard\libnosys.a
END GROUP
LOAD C:/ST/STM32CubeIDE_1.16.0/STM32CubeIDE/plugins/com.st.stm32cube.ide.mcu.externaltools.gnu-tools-for-stm32.12.3.rel1.win32_1.0.200.202406191623/tools/bin/../lib/gcc/arm-none-eabi/12.3.1/thumb/v7e-m+fp/hard/crtend.o
LOAD C:/ST/STM32CubeIDE_1.16.0/STM32CubeIDE/plugins/com.st.stm32cube.ide.mcu.externaltools.gnu-tools-for-stm32.12.3.rel1.win32_1.0.200.202406191623/tools/bin/../lib/gcc/arm-none-eabi/12.3.1/thumb/v7e-m+fp/hard/crtn.o
                0x20018000                        _estack = (ORIGIN (RAM) + LENGTH (RAM))
                0x00000200                        _Min_Heap_Size = 0x200
                0x00000400                        _Min_Stack_Size = 0x400

.isr_vector     0x08000000      0x188
                0x08000000                        . = ALIGN (0x4)
 *(.isr_vector)
 .isr_vector    0x08000000      0x188 ./Core/Startup/startup_stm32l476rgtx.o
                0x08000000                g_pfnVectors
                0x08000188                        . = ALIGN (0x4)

.text           0x08000190     0x6b74
                0x08000190                        . = ALIGN (0x4)
 *(.text)
 .text          0x08000190       0x40 C:/ST/STM32CubeIDE_1.16.0/STM32CubeIDE/plugins/com.st.stm32cube.ide.mcu.externaltools.gnu-tools-for-stm32.12.3.rel1.win32_1.0.200.202406191623/tools/bin/../lib/gcc/arm-none-eabi/12.3.1/thumb/v7e-m+fp/hard/crtbegin.o
 .text          0x080001d0      0x160 ./Middlewares/uCOSII/Ports/ARM-Cortex-M/ARMv7-M/GNU/os_cpu_a.o
                0x080001d0                OS_CPU_FP_Reg_Push
                0x080001e2                OS_CPU_FP_Reg_Pop
                0x080001ee                OS_CPU_SR_Save
                0x0800020a                OS_CPU_SR_Restore
                0x0800021c                OSStartHighRdy
                0x0800029c                OSIntCtxSw
                0x0800029c                OSCtxSw
                0x080002a6                OS_CPU_PendSVHandler
 .text          0x08000330       0xa0 C:/ST/STM32CubeIDE_1.16.0/STM32CubeIDE/plugins/com.st.stm32cube.ide.mcu.externaltools.gnu-tools-for-stm32.12.3.rel1.win32_1.0.200.202406191623/tools/bin/../lib/gcc/arm-none-eabi/12.3.1/../../../../arm-none-eabi/lib/thumb/v7e-m+fp/hard\libc_nano.a(libc_a-memchr.o)
                0x08000330                memchr
 .text          0x080003d0       0x30 C:/ST/STM32CubeIDE_1.16.0/STM32CubeIDE/plugins/com.st.stm32cube.ide.mcu.externaltools.gnu-tools-for-stm32.12.3.rel1.win32_1.0.200.202406191623/tools/bin/../lib/gcc/arm-none-eabi/12.3.1/thumb/v7e-m+fp/hard\libgcc.a(_aeabi_uldivmod.o)
                0x080003d0                __aeabi_uldivmod
 .text          0x08000400      0x2bc C:/ST/STM32CubeIDE_1.16.0/STM32CubeIDE/plugins/com.st.stm32cube.ide.mcu.externaltools.gnu-tools-for-stm32.12.3.rel1.win32_1.0.200.202406191623/tools/bin/../lib/gcc/arm-none-eabi/12.3.1/thumb/v7e-m+fp/hard\libgcc.a(_udivmoddi4.o)
                0x08000400                __udivmoddi4
 .text          0x080006bc        0x4 C:/ST/STM32CubeIDE_1.16.0/STM32CubeIDE/plugins/com.st.stm32cube.ide.mcu.externaltools.gnu-tools-for-stm32.12.3.rel1.win32_1.0.200.202406191623/tools/bin/../lib/gcc/arm-none-eabi/12.3.1/thumb/v7e-m+fp/hard\libgcc.a(_dvmd_tls.o)
                0x080006bc                __aeabi_idiv0
                0x080006bc                __aeabi_ldiv0
 *(.text*)
 .text.main     0x080006c0       0x7c ./Core/Src/main.o
                0x080006c0                main
 .text.task1    0x0800073c       0x5c ./Core/Src/main.o
                0x0800073c                task1
 .text.SystemClock_Config
                0x08000798       0xa2 ./Core/Src/main.o
                0x08000798                SystemClock_Config
 *fill*         0x0800083a        0x2 
 .text.MX_USART2_UART_Init
                0x0800083c       0x60 ./Core/Src/main.o
 .text.MX_GPIO_Init
                0x0800089c       0xdc ./Core/Src/main.o
 .text.Error_Handler
                0x08000978        0xc ./Core/Src/main.o
                0x08000978                Error_Handler
 .text.RetargetInit
                0x08000984       0x30 ./Core/Src/retarget.o
                0x08000984                RetargetInit
 .text._isatty  0x080009b4       0x2c ./Core/Src/retarget.o
                0x080009b4                _isatty
 .text._write   0x080009e0       0x58 ./Core/Src/retarget.o
                0x080009e0                _write
 .text._close   0x08000a38       0x2e ./Core/Src/retarget.o
                0x08000a38                _close
 *fill*         0x08000a66        0x2 
 .text._read    0x08000a68       0x50 ./Core/Src/retarget.o
                0x08000a68                _read
 .text._fstat   0x08000ab8       0x36 ./Core/Src/retarget.o
                0x08000ab8                _fstat
 *fill*         0x08000aee        0x2 
 .text.HAL_MspInit
                0x08000af0       0x48 ./Core/Src/stm32l4xx_hal_msp.o
                0x08000af0                HAL_MspInit
 .text.HAL_UART_MspInit
                0x08000b38       0xb8 ./Core/Src/stm32l4xx_hal_msp.o
                0x08000b38                HAL_UART_MspInit
 .text.NMI_Handler
                0x08000bf0        0x8 ./Core/Src/stm32l4xx_it.o
                0x08000bf0                NMI_Handler
 .text.HardFault_Handler
                0x08000bf8        0x8 ./Core/Src/stm32l4xx_it.o
                0x08000bf8                HardFault_Handler
 .text.MemManage_Handler
                0x08000c00        0x8 ./Core/Src/stm32l4xx_it.o
                0x08000c00                MemManage_Handler
 .text.BusFault_Handler
                0x08000c08        0x8 ./Core/Src/stm32l4xx_it.o
                0x08000c08                BusFault_Handler
 .text.UsageFault_Handler
                0x08000c10        0x8 ./Core/Src/stm32l4xx_it.o
                0x08000c10                UsageFault_Handler
 .text.SVC_Handler
                0x08000c18        0xe ./Core/Src/stm32l4xx_it.o
                0x08000c18                SVC_Handler
 .text.DebugMon_Handler
                0x08000c26        0xe ./Core/Src/stm32l4xx_it.o
                0x08000c26                DebugMon_Handler
 .text.EXTI15_10_IRQHandler
                0x08000c34       0x10 ./Core/Src/stm32l4xx_it.o
                0x08000c34                EXTI15_10_IRQHandler
 .text._lseek   0x08000c44       0x1a ./Core/Src/syscalls.o
                0x08000c44                _lseek
 *fill*         0x08000c5e        0x2 
 .text._sbrk    0x08000c60       0x6c ./Core/Src/sysmem.o
                0x08000c60                _sbrk
 .text.SystemInit
                0x08000ccc       0x24 ./Core/Src/system_stm32l4xx.o
                0x08000ccc                SystemInit
 .text.Reset_Handler
                0x08000cf0       0x50 ./Core/Startup/startup_stm32l476rgtx.o
                0x08000cf0                Reset_Handler
 .text.Default_Handler
                0x08000d40        0x2 ./Core/Startup/startup_stm32l476rgtx.o
                0x08000d40                RTC_Alarm_IRQHandler
                0x08000d40                EXTI2_IRQHandler
                0x08000d40                TIM8_TRG_COM_IRQHandler
                0x08000d40                TIM8_CC_IRQHandler
                0x08000d40                TIM1_CC_IRQHandler
                0x08000d40                TSC_IRQHandler
                0x08000d40                TAMP_STAMP_IRQHandler
                0x08000d40                EXTI3_IRQHandler
                0x08000d40                LPTIM2_IRQHandler
                0x08000d40                DFSDM1_FLT1_IRQHandler
                0x08000d40                I2C3_ER_IRQHandler
                0x08000d40                DFSDM1_FLT2_IRQHandler
                0x08000d40                EXTI0_IRQHandler
                0x08000d40                I2C2_EV_IRQHandler
                0x08000d40                CAN1_RX0_IRQHandler
                0x08000d40                FPU_IRQHandler
                0x08000d40                TIM1_UP_TIM16_IRQHandler
                0x08000d40                ADC1_2_IRQHandler
                0x08000d40                SPI1_IRQHandler
                0x08000d40                TIM6_DAC_IRQHandler
                0x08000d40                TIM8_UP_IRQHandler
                0x08000d40                DMA2_Channel2_IRQHandler
                0x08000d40                DMA1_Channel4_IRQHandler
                0x08000d40                SAI2_IRQHandler
                0x08000d40                DFSDM1_FLT3_IRQHandler
                0x08000d40                USART3_IRQHandler
                0x08000d40                DMA1_Channel7_IRQHandler
                0x08000d40                CAN1_RX1_IRQHandler
                0x08000d40                LCD_IRQHandler
                0x08000d40                UART5_IRQHandler
                0x08000d40                ADC3_IRQHandler
                0x08000d40                TIM4_IRQHandler
                0x08000d40                DMA2_Channel1_IRQHandler
                0x08000d40                QUADSPI_IRQHandler
                0x08000d40                I2C1_EV_IRQHandler
                0x08000d40                DMA1_Channel6_IRQHandler
                0x08000d40                UART4_IRQHandler
                0x08000d40                DMA2_Channel4_IRQHandler
                0x08000d40                TIM3_IRQHandler
                0x08000d40                RCC_IRQHandler
                0x08000d40                DMA1_Channel1_IRQHandler
                0x08000d40                Default_Handler
                0x08000d40                DMA2_Channel7_IRQHandler
                0x08000d40                TIM7_IRQHandler
                0x08000d40                SDMMC1_IRQHandler
                0x08000d40                TIM5_IRQHandler
                0x08000d40                I2C3_EV_IRQHandler
                0x08000d40                EXTI9_5_IRQHandler
                0x08000d40                RTC_WKUP_IRQHandler
                0x08000d40                PVD_PVM_IRQHandler
                0x08000d40                SPI2_IRQHandler
                0x08000d40                CAN1_TX_IRQHandler
                0x08000d40                DMA2_Channel5_IRQHandler
                0x08000d40                DMA1_Channel5_IRQHandler
                0x08000d40                EXTI4_IRQHandler
                0x08000d40                RNG_IRQHandler
                0x08000d40                TIM1_TRG_COM_TIM17_IRQHandler
                0x08000d40                DMA1_Channel3_IRQHandler
                0x08000d40                COMP_IRQHandler
                0x08000d40                WWDG_IRQHandler
                0x08000d40                LPUART1_IRQHandler
                0x08000d40                DMA2_Channel6_IRQHandler
                0x08000d40                TIM2_IRQHandler
                0x08000d40                EXTI1_IRQHandler
                0x08000d40                USART2_IRQHandler
                0x08000d40                DFSDM1_FLT0_IRQHandler
                0x08000d40                I2C2_ER_IRQHandler
                0x08000d40                DMA1_Channel2_IRQHandler
                0x08000d40                TIM8_BRK_IRQHandler
                0x08000d40                CAN1_SCE_IRQHandler
                0x08000d40                FLASH_IRQHandler
                0x08000d40                USART1_IRQHandler
                0x08000d40                OTG_FS_IRQHandler
                0x08000d40                SPI3_IRQHandler
                0x08000d40                I2C1_ER_IRQHandler
                0x08000d40                FMC_IRQHandler
                0x08000d40                SWPMI1_IRQHandler
                0x08000d40                LPTIM1_IRQHandler
                0x08000d40                SAI1_IRQHandler
                0x08000d40                DMA2_Channel3_IRQHandler
                0x08000d40                TIM1_BRK_TIM15_IRQHandler
 *fill*         0x08000d42        0x2 
 .text.HAL_Init
                0x08000d44       0x40 ./Drivers/STM32L4xx_HAL_Driver/Src/stm32l4xx_hal.o
                0x08000d44                HAL_Init
 .text.HAL_InitTick
                0x08000d84       0x78 ./Drivers/STM32L4xx_HAL_Driver/Src/stm32l4xx_hal.o
                0x08000d84                HAL_InitTick
 .text.HAL_GetTick
                0x08000dfc       0x18 ./Drivers/STM32L4xx_HAL_Driver/Src/stm32l4xx_hal.o
                0x08000dfc                HAL_GetTick
 .text.__NVIC_SetPriorityGrouping
                0x08000e14       0x48 ./Drivers/STM32L4xx_HAL_Driver/Src/stm32l4xx_hal_cortex.o
 .text.__NVIC_GetPriorityGrouping
                0x08000e5c       0x1c ./Drivers/STM32L4xx_HAL_Driver/Src/stm32l4xx_hal_cortex.o
 .text.__NVIC_EnableIRQ
                0x08000e78       0x3c ./Drivers/STM32L4xx_HAL_Driver/Src/stm32l4xx_hal_cortex.o
 .text.__NVIC_SetPriority
                0x08000eb4       0x54 ./Drivers/STM32L4xx_HAL_Driver/Src/stm32l4xx_hal_cortex.o
 .text.NVIC_EncodePriority
                0x08000f08       0x66 ./Drivers/STM32L4xx_HAL_Driver/Src/stm32l4xx_hal_cortex.o
 *fill*         0x08000f6e        0x2 
 .text.SysTick_Config
                0x08000f70       0x44 ./Drivers/STM32L4xx_HAL_Driver/Src/stm32l4xx_hal_cortex.o
 .text.HAL_NVIC_SetPriorityGrouping
                0x08000fb4       0x16 ./Drivers/STM32L4xx_HAL_Driver/Src/stm32l4xx_hal_cortex.o
                0x08000fb4                HAL_NVIC_SetPriorityGrouping
 .text.HAL_NVIC_SetPriority
                0x08000fca       0x38 ./Drivers/STM32L4xx_HAL_Driver/Src/stm32l4xx_hal_cortex.o
                0x08000fca                HAL_NVIC_SetPriority
 .text.HAL_NVIC_EnableIRQ
                0x08001002       0x1c ./Drivers/STM32L4xx_HAL_Driver/Src/stm32l4xx_hal_cortex.o
                0x08001002                HAL_NVIC_EnableIRQ
 .text.HAL_SYSTICK_Config
                0x0800101e       0x18 ./Drivers/STM32L4xx_HAL_Driver/Src/stm32l4xx_hal_cortex.o
                0x0800101e                HAL_SYSTICK_Config
 *fill*         0x08001036        0x2 
 .text.HAL_GPIO_Init
                0x08001038      0x354 ./Drivers/STM32L4xx_HAL_Driver/Src/stm32l4xx_hal_gpio.o
                0x08001038                HAL_GPIO_Init
 .text.HAL_GPIO_WritePin
                0x0800138c       0x30 ./Drivers/STM32L4xx_HAL_Driver/Src/stm32l4xx_hal_gpio.o
                0x0800138c                HAL_GPIO_WritePin
 .text.HAL_GPIO_TogglePin
                0x080013bc       0x34 ./Drivers/STM32L4xx_HAL_Driver/Src/stm32l4xx_hal_gpio.o
                0x080013bc                HAL_GPIO_TogglePin
 .text.HAL_GPIO_EXTI_IRQHandler
                0x080013f0       0x30 ./Drivers/STM32L4xx_HAL_Driver/Src/stm32l4xx_hal_gpio.o
                0x080013f0                HAL_GPIO_EXTI_IRQHandler
 .text.HAL_GPIO_EXTI_Callback
                0x08001420       0x16 ./Drivers/STM32L4xx_HAL_Driver/Src/stm32l4xx_hal_gpio.o
                0x08001420                HAL_GPIO_EXTI_Callback
 *fill*         0x08001436        0x2 
 .text.HAL_PWREx_GetVoltageRange
                0x08001438       0x1c ./Drivers/STM32L4xx_HAL_Driver/Src/stm32l4xx_hal_pwr_ex.o
                0x08001438                HAL_PWREx_GetVoltageRange
 .text.HAL_PWREx_ControlVoltageScaling
                0x08001454       0xac ./Drivers/STM32L4xx_HAL_Driver/Src/stm32l4xx_hal_pwr_ex.o
                0x08001454                HAL_PWREx_ControlVoltageScaling
 .text.HAL_RCC_OscConfig
                0x08001500      0x7b8 ./Drivers/STM32L4xx_HAL_Driver/Src/stm32l4xx_hal_rcc.o
                0x08001500                HAL_RCC_OscConfig
 .text.HAL_RCC_ClockConfig
                0x08001cb8      0x200 ./Drivers/STM32L4xx_HAL_Driver/Src/stm32l4xx_hal_rcc.o
                0x08001cb8                HAL_RCC_ClockConfig
 .text.HAL_RCC_GetSysClockFreq
                0x08001eb8      0x118 ./Drivers/STM32L4xx_HAL_Driver/Src/stm32l4xx_hal_rcc.o
                0x08001eb8                HAL_RCC_GetSysClockFreq
 .text.HAL_RCC_GetHCLKFreq
                0x08001fd0       0x18 ./Drivers/STM32L4xx_HAL_Driver/Src/stm32l4xx_hal_rcc.o
                0x08001fd0                HAL_RCC_GetHCLKFreq
 .text.HAL_RCC_GetPCLK1Freq
                0x08001fe8       0x2c ./Drivers/STM32L4xx_HAL_Driver/Src/stm32l4xx_hal_rcc.o
                0x08001fe8                HAL_RCC_GetPCLK1Freq
 .text.HAL_RCC_GetPCLK2Freq
                0x08002014       0x2c ./Drivers/STM32L4xx_HAL_Driver/Src/stm32l4xx_hal_rcc.o
                0x08002014                HAL_RCC_GetPCLK2Freq
 .text.RCC_SetFlashLatencyFromMSIRange
                0x08002040       0xc0 ./Drivers/STM32L4xx_HAL_Driver/Src/stm32l4xx_hal_rcc.o
 .text.HAL_RCCEx_PeriphCLKConfig
                0x08002100      0x5d4 ./Drivers/STM32L4xx_HAL_Driver/Src/stm32l4xx_hal_rcc_ex.o
                0x08002100                HAL_RCCEx_PeriphCLKConfig
 .text.RCCEx_PLLSAI1_Config
                0x080026d4      0x1e8 ./Drivers/STM32L4xx_HAL_Driver/Src/stm32l4xx_hal_rcc_ex.o
 .text.RCCEx_PLLSAI2_Config
                0x080028bc      0x1bc ./Drivers/STM32L4xx_HAL_Driver/Src/stm32l4xx_hal_rcc_ex.o
 .text.HAL_UART_Init
                0x08002a78       0x9c ./Drivers/STM32L4xx_HAL_Driver/Src/stm32l4xx_hal_uart.o
                0x08002a78                HAL_UART_Init
 .text.HAL_UART_Transmit
                0x08002b14      0x112 ./Drivers/STM32L4xx_HAL_Driver/Src/stm32l4xx_hal_uart.o
                0x08002b14                HAL_UART_Transmit
 .text.HAL_UART_Receive
                0x08002c26      0x192 ./Drivers/STM32L4xx_HAL_Driver/Src/stm32l4xx_hal_uart.o
                0x08002c26                HAL_UART_Receive
 .text.UART_SetConfig
                0x08002db8      0x570 ./Drivers/STM32L4xx_HAL_Driver/Src/stm32l4xx_hal_uart.o
                0x08002db8                UART_SetConfig
 .text.UART_AdvFeatureConfig
                0x08003328      0x144 ./Drivers/STM32L4xx_HAL_Driver/Src/stm32l4xx_hal_uart.o
                0x08003328                UART_AdvFeatureConfig
 .text.UART_CheckIdleState
                0x0800346c      0x150 ./Drivers/STM32L4xx_HAL_Driver/Src/stm32l4xx_hal_uart.o
                0x0800346c                UART_CheckIdleState
 .text.UART_WaitOnFlagUntilTimeout
                0x080035bc       0xda ./Drivers/STM32L4xx_HAL_Driver/Src/stm32l4xx_hal_uart.o
                0x080035bc                UART_WaitOnFlagUntilTimeout
 .text.UART_EndRxTransfer
                0x08003696       0xc8 ./Drivers/STM32L4xx_HAL_Driver/Src/stm32l4xx_hal_uart.o
 .text.App_TaskCreateHook
                0x0800375e       0x14 ./Middlewares/uCOSII/Cfg/Template/app_hooks.o
                0x0800375e                App_TaskCreateHook
 .text.App_TaskDelHook
                0x08003772       0x14 ./Middlewares/uCOSII/Cfg/Template/app_hooks.o
                0x08003772                App_TaskDelHook
 .text.App_TaskIdleHook
                0x08003786        0xe ./Middlewares/uCOSII/Cfg/Template/app_hooks.o
                0x08003786                App_TaskIdleHook
 .text.App_TaskStatHook
                0x08003794        0xe ./Middlewares/uCOSII/Cfg/Template/app_hooks.o
                0x08003794                App_TaskStatHook
 .text.App_TaskReturnHook
                0x080037a2       0x14 ./Middlewares/uCOSII/Cfg/Template/app_hooks.o
                0x080037a2                App_TaskReturnHook
 .text.App_TaskSwHook
                0x080037b6        0xe ./Middlewares/uCOSII/Cfg/Template/app_hooks.o
                0x080037b6                App_TaskSwHook
 .text.App_TCBInitHook
                0x080037c4       0x14 ./Middlewares/uCOSII/Cfg/Template/app_hooks.o
                0x080037c4                App_TCBInitHook
 .text.App_TimeTickHook
                0x080037d8        0xe ./Middlewares/uCOSII/Cfg/Template/app_hooks.o
                0x080037d8                App_TimeTickHook
 *fill*         0x080037e6        0x2 
 .text.OSInitHookBegin
                0x080037e8       0x84 ./Middlewares/uCOSII/Ports/ARM-Cortex-M/ARMv7-M/GNU/os_cpu_c.o
                0x080037e8                OSInitHookBegin
 .text.OSInitHookEnd
                0x0800386c        0xe ./Middlewares/uCOSII/Ports/ARM-Cortex-M/ARMv7-M/GNU/os_cpu_c.o
                0x0800386c                OSInitHookEnd
 .text.OSTaskCreateHook
                0x0800387a       0x16 ./Middlewares/uCOSII/Ports/ARM-Cortex-M/ARMv7-M/GNU/os_cpu_c.o
                0x0800387a                OSTaskCreateHook
 .text.OSTaskDelHook
                0x08003890       0x16 ./Middlewares/uCOSII/Ports/ARM-Cortex-M/ARMv7-M/GNU/os_cpu_c.o
                0x08003890                OSTaskDelHook
 .text.OSTaskIdleHook
                0x080038a6        0xc ./Middlewares/uCOSII/Ports/ARM-Cortex-M/ARMv7-M/GNU/os_cpu_c.o
                0x080038a6                OSTaskIdleHook
 .text.OSTaskReturnHook
                0x080038b2       0x16 ./Middlewares/uCOSII/Ports/ARM-Cortex-M/ARMv7-M/GNU/os_cpu_c.o
                0x080038b2                OSTaskReturnHook
 .text.OSTaskStatHook
                0x080038c8        0xc ./Middlewares/uCOSII/Ports/ARM-Cortex-M/ARMv7-M/GNU/os_cpu_c.o
                0x080038c8                OSTaskStatHook
 .text.OSTaskStkInit
                0x080038d4      0x320 ./Middlewares/uCOSII/Ports/ARM-Cortex-M/ARMv7-M/GNU/os_cpu_c.o
                0x080038d4                OSTaskStkInit
 .text.OSTaskSwHook
                0x08003bf4       0x2c ./Middlewares/uCOSII/Ports/ARM-Cortex-M/ARMv7-M/GNU/os_cpu_c.o
                0x08003bf4                OSTaskSwHook
 .text.OSTCBInitHook
                0x08003c20       0x16 ./Middlewares/uCOSII/Ports/ARM-Cortex-M/ARMv7-M/GNU/os_cpu_c.o
                0x08003c20                OSTCBInitHook
 *fill*         0x08003c36        0x2 
 .text.OSTimeTickHook
                0x08003c38       0x30 ./Middlewares/uCOSII/Ports/ARM-Cortex-M/ARMv7-M/GNU/os_cpu_c.o
                0x08003c38                OSTimeTickHook
 .text.OS_CPU_SysTickHandler
                0x08003c68       0x28 ./Middlewares/uCOSII/Ports/ARM-Cortex-M/ARMv7-M/GNU/os_cpu_c.o
                0x08003c68                OS_CPU_SysTickHandler
 .text.OSDebugInit
                0x08003c90      0x1dc ./Middlewares/uCOSII/Ports/ARM-Cortex-M/ARMv7-M/GNU/os_dbg.o
                0x08003c90                OSDebugInit
 .text.OSEventNameSet
                0x08003e6c       0x74 ./Middlewares/uCOSII/Source/os_core.o
                0x08003e6c                OSEventNameSet
 .text.OSInit   0x08003ee0       0x3c ./Middlewares/uCOSII/Source/os_core.o
                0x08003ee0                OSInit
 .text.OSIntEnter
                0x08003f1c       0x34 ./Middlewares/uCOSII/Source/os_core.o
                0x08003f1c                OSIntEnter
 .text.OSIntExit
                0x08003f50       0xa4 ./Middlewares/uCOSII/Source/os_core.o
                0x08003f50                OSIntExit
 .text.OSSchedLock
                0x08003ff4       0x50 ./Middlewares/uCOSII/Source/os_core.o
                0x08003ff4                OSSchedLock
 .text.OSSchedUnlock
                0x08004044       0x74 ./Middlewares/uCOSII/Source/os_core.o
                0x08004044                OSSchedUnlock
 .text.OSStart  0x080040b8       0x50 ./Middlewares/uCOSII/Source/os_core.o
                0x080040b8                OSStart
 .text.OSTimeTick
                0x08004108      0x144 ./Middlewares/uCOSII/Source/os_core.o
                0x08004108                OSTimeTick
 .text.OS_Dummy
                0x0800424c        0xe ./Middlewares/uCOSII/Source/os_core.o
                0x0800424c                OS_Dummy
 *fill*         0x0800425a        0x2 
 .text.OS_EventTaskRdy
                0x0800425c       0xec ./Middlewares/uCOSII/Source/os_core.o
                0x0800425c                OS_EventTaskRdy
 .text.OS_EventTaskWait
                0x08004348       0xb0 ./Middlewares/uCOSII/Source/os_core.o
                0x08004348                OS_EventTaskWait
 .text.OS_EventTaskRemove
                0x080043f8       0x66 ./Middlewares/uCOSII/Source/os_core.o
                0x080043f8                OS_EventTaskRemove
 .text.OS_EventTaskRemoveMulti
                0x0800445e       0x88 ./Middlewares/uCOSII/Source/os_core.o
                0x0800445e                OS_EventTaskRemoveMulti
 .text.OS_EventWaitListInit
                0x080044e6       0x38 ./Middlewares/uCOSII/Source/os_core.o
                0x080044e6                OS_EventWaitListInit
 *fill*         0x0800451e        0x2 
 .text.OS_InitEventList
                0x08004520       0x94 ./Middlewares/uCOSII/Source/os_core.o
 .text.OS_InitMisc
                0x080045b4       0x7c ./Middlewares/uCOSII/Source/os_core.o
 .text.OS_InitRdyList
                0x08004630       0x64 ./Middlewares/uCOSII/Source/os_core.o
 .text.OS_InitTaskIdle
                0x08004694       0x4c ./Middlewares/uCOSII/Source/os_core.o
 .text.OS_InitTaskStat
                0x080046e0       0x4c ./Middlewares/uCOSII/Source/os_core.o
 .text.OS_InitTCBList
                0x0800472c       0x9c ./Middlewares/uCOSII/Source/os_core.o
 .text.OS_MemClr
                0x080047c8       0x32 ./Middlewares/uCOSII/Source/os_core.o
                0x080047c8                OS_MemClr
 *fill*         0x080047fa        0x2 
 .text.OS_Sched
                0x080047fc       0x84 ./Middlewares/uCOSII/Source/os_core.o
                0x080047fc                OS_Sched
 .text.OS_SchedNew
                0x08004880       0x48 ./Middlewares/uCOSII/Source/os_core.o
 .text.OS_TaskIdle
                0x080048c8       0x30 ./Middlewares/uCOSII/Source/os_core.o
                0x080048c8                OS_TaskIdle
 .text.OS_TaskStat
                0x080048f8       0xf0 ./Middlewares/uCOSII/Source/os_core.o
                0x080048f8                OS_TaskStat
 .text.OS_TaskStatStkChk
                0x080049e8       0x68 ./Middlewares/uCOSII/Source/os_core.o
                0x080049e8                OS_TaskStatStkChk
 .text.OS_TCBInit
                0x08004a50      0x1ec ./Middlewares/uCOSII/Source/os_core.o
                0x08004a50                OS_TCBInit
 .text.OS_FlagInit
                0x08004c3c       0x84 ./Middlewares/uCOSII/Source/os_flag.o
                0x08004c3c                OS_FlagInit
 .text.OS_FlagUnlink
                0x08004cc0       0x5e ./Middlewares/uCOSII/Source/os_flag.o
                0x08004cc0                OS_FlagUnlink
 *fill*         0x08004d1e        0x2 
 .text.OSMemCreate
                0x08004d20       0xf8 ./Middlewares/uCOSII/Source/os_mem.o
                0x08004d20                OSMemCreate
 .text.OSMemGet
                0x08004e18       0x6c ./Middlewares/uCOSII/Source/os_mem.o
                0x08004e18                OSMemGet
 .text.OSMemPut
                0x08004e84       0x68 ./Middlewares/uCOSII/Source/os_mem.o
                0x08004e84                OSMemPut
 .text.OS_MemInit
                0x08004eec       0x80 ./Middlewares/uCOSII/Source/os_mem.o
                0x08004eec                OS_MemInit
 .text.OS_QInit
                0x08004f6c       0x78 ./Middlewares/uCOSII/Source/os_q.o
                0x08004f6c                OS_QInit
 .text.OSSemCreate
                0x08004fe4       0x7c ./Middlewares/uCOSII/Source/os_sem.o
                0x08004fe4                OSSemCreate
 .text.OSSemPend
                0x08005060      0x134 ./Middlewares/uCOSII/Source/os_sem.o
                0x08005060                OSSemPend
 .text.OSSemPost
                0x08005194       0x7e ./Middlewares/uCOSII/Source/os_sem.o
                0x08005194                OSSemPost
 *fill*         0x08005212        0x2 
 .text.OSTaskCreateExt
                0x08005214       0xd8 ./Middlewares/uCOSII/Source/os_task.o
                0x08005214                OSTaskCreateExt
 .text.OSTaskDel
                0x080052ec      0x1f0 ./Middlewares/uCOSII/Source/os_task.o
                0x080052ec                OSTaskDel
 .text.OSTaskNameSet
                0x080054dc       0xb4 ./Middlewares/uCOSII/Source/os_task.o
                0x080054dc                OSTaskNameSet
 .text.OSTaskStkChk
                0x08005590       0xdc ./Middlewares/uCOSII/Source/os_task.o
                0x08005590                OSTaskStkChk
 .text.OSTaskSuspend
                0x0800566c      0x108 ./Middlewares/uCOSII/Source/os_task.o
                0x0800566c                OSTaskSuspend
 .text.OS_TaskReturn
                0x08005774       0x1c ./Middlewares/uCOSII/Source/os_task.o
                0x08005774                OS_TaskReturn
 .text.OS_TaskStkClr
                0x08005790       0x46 ./Middlewares/uCOSII/Source/os_task.o
                0x08005790                OS_TaskStkClr
 *fill*         0x080057d6        0x2 
 .text.OSTimeDly
                0x080057d8       0xa8 ./Middlewares/uCOSII/Source/os_time.o
                0x080057d8                OSTimeDly
 .text.OSTimeDlyHMSM
                0x08005880       0xc8 ./Middlewares/uCOSII/Source/os_time.o
                0x08005880                OSTimeDlyHMSM
 .text.OSTmrSignal
                0x08005948       0x24 ./Middlewares/uCOSII/Source/os_tmr.o
                0x08005948                OSTmrSignal
 .text.OSTmr_Init
                0x0800596c      0x118 ./Middlewares/uCOSII/Source/os_tmr.o
                0x0800596c                OSTmr_Init
 .text.OSTmr_InitTask
                0x08005a84       0x4c ./Middlewares/uCOSII/Source/os_tmr.o
 .text.OSTmr_Link
                0x08005ad0       0xd8 ./Middlewares/uCOSII/Source/os_tmr.o
 .text.OSTmr_Unlink
                0x08005ba8       0xa8 ./Middlewares/uCOSII/Source/os_tmr.o
 .text.OSTmr_Task
                0x08005c50       0xc4 ./Middlewares/uCOSII/Source/os_tmr.o
 .text.std      0x08005d14       0x6c C:/ST/STM32CubeIDE_1.16.0/STM32CubeIDE/plugins/com.st.stm32cube.ide.mcu.externaltools.gnu-tools-for-stm32.12.3.rel1.win32_1.0.200.202406191623/tools/bin/../lib/gcc/arm-none-eabi/12.3.1/../../../../arm-none-eabi/lib/thumb/v7e-m+fp/hard\libc_nano.a(libc_a-findfp.o)
 .text.stdio_exit_handler
                0x08005d80       0x18 C:/ST/STM32CubeIDE_1.16.0/STM32CubeIDE/plugins/com.st.stm32cube.ide.mcu.externaltools.gnu-tools-for-stm32.12.3.rel1.win32_1.0.200.202406191623/tools/bin/../lib/gcc/arm-none-eabi/12.3.1/../../../../arm-none-eabi/lib/thumb/v7e-m+fp/hard\libc_nano.a(libc_a-findfp.o)
 .text.cleanup_stdio
                0x08005d98       0x40 C:/ST/STM32CubeIDE_1.16.0/STM32CubeIDE/plugins/com.st.stm32cube.ide.mcu.externaltools.gnu-tools-for-stm32.12.3.rel1.win32_1.0.200.202406191623/tools/bin/../lib/gcc/arm-none-eabi/12.3.1/../../../../arm-none-eabi/lib/thumb/v7e-m+fp/hard\libc_nano.a(libc_a-findfp.o)
 .text.global_stdio_init.part.0
                0x08005dd8       0x3c C:/ST/STM32CubeIDE_1.16.0/STM32CubeIDE/plugins/com.st.stm32cube.ide.mcu.externaltools.gnu-tools-for-stm32.12.3.rel1.win32_1.0.200.202406191623/tools/bin/../lib/gcc/arm-none-eabi/12.3.1/../../../../arm-none-eabi/lib/thumb/v7e-m+fp/hard\libc_nano.a(libc_a-findfp.o)
 .text.__sfp_lock_acquire
                0x08005e14        0xc C:/ST/STM32CubeIDE_1.16.0/STM32CubeIDE/plugins/com.st.stm32cube.ide.mcu.externaltools.gnu-tools-for-stm32.12.3.rel1.win32_1.0.200.202406191623/tools/bin/../lib/gcc/arm-none-eabi/12.3.1/../../../../arm-none-eabi/lib/thumb/v7e-m+fp/hard\libc_nano.a(libc_a-findfp.o)
                0x08005e14                __sfp_lock_acquire
 .text.__sfp_lock_release
                0x08005e20        0xc C:/ST/STM32CubeIDE_1.16.0/STM32CubeIDE/plugins/com.st.stm32cube.ide.mcu.externaltools.gnu-tools-for-stm32.12.3.rel1.win32_1.0.200.202406191623/tools/bin/../lib/gcc/arm-none-eabi/12.3.1/../../../../arm-none-eabi/lib/thumb/v7e-m+fp/hard\libc_nano.a(libc_a-findfp.o)
                0x08005e20                __sfp_lock_release
 .text.__sinit  0x08005e2c       0x30 C:/ST/STM32CubeIDE_1.16.0/STM32CubeIDE/plugins/com.st.stm32cube.ide.mcu.externaltools.gnu-tools-for-stm32.12.3.rel1.win32_1.0.200.202406191623/tools/bin/../lib/gcc/arm-none-eabi/12.3.1/../../../../arm-none-eabi/lib/thumb/v7e-m+fp/hard\libc_nano.a(libc_a-findfp.o)
                0x08005e2c                __sinit
 .text._fwalk_sglue
                0x08005e5c       0x3c C:/ST/STM32CubeIDE_1.16.0/STM32CubeIDE/plugins/com.st.stm32cube.ide.mcu.externaltools.gnu-tools-for-stm32.12.3.rel1.win32_1.0.200.202406191623/tools/bin/../lib/gcc/arm-none-eabi/12.3.1/../../../../arm-none-eabi/lib/thumb/v7e-m+fp/hard\libc_nano.a(libc_a-fwalk.o)
                0x08005e5c                _fwalk_sglue
 .text.printf   0x08005e98       0x24 C:/ST/STM32CubeIDE_1.16.0/STM32CubeIDE/plugins/com.st.stm32cube.ide.mcu.externaltools.gnu-tools-for-stm32.12.3.rel1.win32_1.0.200.202406191623/tools/bin/../lib/gcc/arm-none-eabi/12.3.1/../../../../arm-none-eabi/lib/thumb/v7e-m+fp/hard\libc_nano.a(libc_a-printf.o)
                0x08005e98                iprintf
                0x08005e98                printf
 .text.setvbuf  0x08005ebc      0x168 C:/ST/STM32CubeIDE_1.16.0/STM32CubeIDE/plugins/com.st.stm32cube.ide.mcu.externaltools.gnu-tools-for-stm32.12.3.rel1.win32_1.0.200.202406191623/tools/bin/../lib/gcc/arm-none-eabi/12.3.1/../../../../arm-none-eabi/lib/thumb/v7e-m+fp/hard\libc_nano.a(libc_a-setvbuf.o)
                0x08005ebc                setvbuf
 .text.__sread  0x08006024       0x22 C:/ST/STM32CubeIDE_1.16.0/STM32CubeIDE/plugins/com.st.stm32cube.ide.mcu.externaltools.gnu-tools-for-stm32.12.3.rel1.win32_1.0.200.202406191623/tools/bin/../lib/gcc/arm-none-eabi/12.3.1/../../../../arm-none-eabi/lib/thumb/v7e-m+fp/hard\libc_nano.a(libc_a-stdio.o)
                0x08006024                __sread
 .text.__swrite
                0x08006046       0x38 C:/ST/STM32CubeIDE_1.16.0/STM32CubeIDE/plugins/com.st.stm32cube.ide.mcu.externaltools.gnu-tools-for-stm32.12.3.rel1.win32_1.0.200.202406191623/tools/bin/../lib/gcc/arm-none-eabi/12.3.1/../../../../arm-none-eabi/lib/thumb/v7e-m+fp/hard\libc_nano.a(libc_a-stdio.o)
                0x08006046                __swrite
 .text.__sseek  0x0800607e       0x24 C:/ST/STM32CubeIDE_1.16.0/STM32CubeIDE/plugins/com.st.stm32cube.ide.mcu.externaltools.gnu-tools-for-stm32.12.3.rel1.win32_1.0.200.202406191623/tools/bin/../lib/gcc/arm-none-eabi/12.3.1/../../../../arm-none-eabi/lib/thumb/v7e-m+fp/hard\libc_nano.a(libc_a-stdio.o)
                0x0800607e                __sseek
 .text.__sclose
                0x080060a2        0x8 C:/ST/STM32CubeIDE_1.16.0/STM32CubeIDE/plugins/com.st.stm32cube.ide.mcu.externaltools.gnu-tools-for-stm32.12.3.rel1.win32_1.0.200.202406191623/tools/bin/../lib/gcc/arm-none-eabi/12.3.1/../../../../arm-none-eabi/lib/thumb/v7e-m+fp/hard\libc_nano.a(libc_a-stdio.o)
                0x080060a2                __sclose
 .text.memset   0x080060aa       0x10 C:/ST/STM32CubeIDE_1.16.0/STM32CubeIDE/plugins/com.st.stm32cube.ide.mcu.externaltools.gnu-tools-for-stm32.12.3.rel1.win32_1.0.200.202406191623/tools/bin/../lib/gcc/arm-none-eabi/12.3.1/../../../../arm-none-eabi/lib/thumb/v7e-m+fp/hard\libc_nano.a(libc_a-memset.o)
                0x080060aa                memset
 *fill*         0x080060ba        0x2 
 .text._close_r
                0x080060bc       0x20 C:/ST/STM32CubeIDE_1.16.0/STM32CubeIDE/plugins/com.st.stm32cube.ide.mcu.externaltools.gnu-tools-for-stm32.12.3.rel1.win32_1.0.200.202406191623/tools/bin/../lib/gcc/arm-none-eabi/12.3.1/../../../../arm-none-eabi/lib/thumb/v7e-m+fp/hard\libc_nano.a(libc_a-closer.o)
                0x080060bc                _close_r
 .text._lseek_r
                0x080060dc       0x24 C:/ST/STM32CubeIDE_1.16.0/STM32CubeIDE/plugins/com.st.stm32cube.ide.mcu.externaltools.gnu-tools-for-stm32.12.3.rel1.win32_1.0.200.202406191623/tools/bin/../lib/gcc/arm-none-eabi/12.3.1/../../../../arm-none-eabi/lib/thumb/v7e-m+fp/hard\libc_nano.a(libc_a-lseekr.o)
                0x080060dc                _lseek_r
 .text._read_r  0x08006100       0x24 C:/ST/STM32CubeIDE_1.16.0/STM32CubeIDE/plugins/com.st.stm32cube.ide.mcu.externaltools.gnu-tools-for-stm32.12.3.rel1.win32_1.0.200.202406191623/tools/bin/../lib/gcc/arm-none-eabi/12.3.1/../../../../arm-none-eabi/lib/thumb/v7e-m+fp/hard\libc_nano.a(libc_a-readr.o)
                0x08006100                _read_r
 .text._write_r
                0x08006124       0x24 C:/ST/STM32CubeIDE_1.16.0/STM32CubeIDE/plugins/com.st.stm32cube.ide.mcu.externaltools.gnu-tools-for-stm32.12.3.rel1.win32_1.0.200.202406191623/tools/bin/../lib/gcc/arm-none-eabi/12.3.1/../../../../arm-none-eabi/lib/thumb/v7e-m+fp/hard\libc_nano.a(libc_a-writer.o)
                0x08006124                _write_r
 .text.__errno  0x08006148        0xc C:/ST/STM32CubeIDE_1.16.0/STM32CubeIDE/plugins/com.st.stm32cube.ide.mcu.externaltools.gnu-tools-for-stm32.12.3.rel1.win32_1.0.200.202406191623/tools/bin/../lib/gcc/arm-none-eabi/12.3.1/../../../../arm-none-eabi/lib/thumb/v7e-m+fp/hard\libc_nano.a(libc_a-errno.o)
                0x08006148                __errno
 .text.__libc_init_array
                0x08006154       0x48 C:/ST/STM32CubeIDE_1.16.0/STM32CubeIDE/plugins/com.st.stm32cube.ide.mcu.externaltools.gnu-tools-for-stm32.12.3.rel1.win32_1.0.200.202406191623/tools/bin/../lib/gcc/arm-none-eabi/12.3.1/../../../../arm-none-eabi/lib/thumb/v7e-m+fp/hard\libc_nano.a(libc_a-init.o)
                0x08006154                __libc_init_array
 .text.__retarget_lock_init_recursive
                0x0800619c        0x2 C:/ST/STM32CubeIDE_1.16.0/STM32CubeIDE/plugins/com.st.stm32cube.ide.mcu.externaltools.gnu-tools-for-stm32.12.3.rel1.win32_1.0.200.202406191623/tools/bin/../lib/gcc/arm-none-eabi/12.3.1/../../../../arm-none-eabi/lib/thumb/v7e-m+fp/hard\libc_nano.a(libc_a-lock.o)
                0x0800619c                __retarget_lock_init_recursive
 .text.__retarget_lock_acquire_recursive
                0x0800619e        0x2 C:/ST/STM32CubeIDE_1.16.0/STM32CubeIDE/plugins/com.st.stm32cube.ide.mcu.externaltools.gnu-tools-for-stm32.12.3.rel1.win32_1.0.200.202406191623/tools/bin/../lib/gcc/arm-none-eabi/12.3.1/../../../../arm-none-eabi/lib/thumb/v7e-m+fp/hard\libc_nano.a(libc_a-lock.o)
                0x0800619e                __retarget_lock_acquire_recursive
 .text.__retarget_lock_release_recursive
                0x080061a0        0x2 C:/ST/STM32CubeIDE_1.16.0/STM32CubeIDE/plugins/com.st.stm32cube.ide.mcu.externaltools.gnu-tools-for-stm32.12.3.rel1.win32_1.0.200.202406191623/tools/bin/../lib/gcc/arm-none-eabi/12.3.1/../../../../arm-none-eabi/lib/thumb/v7e-m+fp/hard\libc_nano.a(libc_a-lock.o)
                0x080061a0                __retarget_lock_release_recursive
 *fill*         0x080061a2        0x2 
 .text._free_r  0x080061a4       0x94 C:/ST/STM32CubeIDE_1.16.0/STM32CubeIDE/plugins/com.st.stm32cube.ide.mcu.externaltools.gnu-tools-for-stm32.12.3.rel1.win32_1.0.200.202406191623/tools/bin/../lib/gcc/arm-none-eabi/12.3.1/../../../../arm-none-eabi/lib/thumb/v7e-m+fp/hard\libc_nano.a(libc_a-freer.o)
                0x080061a4                _free_r
 .text.malloc   0x08006238       0x10 C:/ST/STM32CubeIDE_1.16.0/STM32CubeIDE/plugins/com.st.stm32cube.ide.mcu.externaltools.gnu-tools-for-stm32.12.3.rel1.win32_1.0.200.202406191623/tools/bin/../lib/gcc/arm-none-eabi/12.3.1/../../../../arm-none-eabi/lib/thumb/v7e-m+fp/hard\libc_nano.a(libc_a-malloc.o)
                0x08006238                malloc
 .text.sbrk_aligned
                0x08006248       0x44 C:/ST/STM32CubeIDE_1.16.0/STM32CubeIDE/plugins/com.st.stm32cube.ide.mcu.externaltools.gnu-tools-for-stm32.12.3.rel1.win32_1.0.200.202406191623/tools/bin/../lib/gcc/arm-none-eabi/12.3.1/../../../../arm-none-eabi/lib/thumb/v7e-m+fp/hard\libc_nano.a(libc_a-mallocr.o)
 .text._malloc_r
                0x0800628c      0x100 C:/ST/STM32CubeIDE_1.16.0/STM32CubeIDE/plugins/com.st.stm32cube.ide.mcu.externaltools.gnu-tools-for-stm32.12.3.rel1.win32_1.0.200.202406191623/tools/bin/../lib/gcc/arm-none-eabi/12.3.1/../../../../arm-none-eabi/lib/thumb/v7e-m+fp/hard\libc_nano.a(libc_a-mallocr.o)
                0x0800628c                _malloc_r
 .text.__malloc_lock
                0x0800638c        0xc C:/ST/STM32CubeIDE_1.16.0/STM32CubeIDE/plugins/com.st.stm32cube.ide.mcu.externaltools.gnu-tools-for-stm32.12.3.rel1.win32_1.0.200.202406191623/tools/bin/../lib/gcc/arm-none-eabi/12.3.1/../../../../arm-none-eabi/lib/thumb/v7e-m+fp/hard\libc_nano.a(libc_a-mlock.o)
                0x0800638c                __malloc_lock
 .text.__malloc_unlock
                0x08006398        0xc C:/ST/STM32CubeIDE_1.16.0/STM32CubeIDE/plugins/com.st.stm32cube.ide.mcu.externaltools.gnu-tools-for-stm32.12.3.rel1.win32_1.0.200.202406191623/tools/bin/../lib/gcc/arm-none-eabi/12.3.1/../../../../arm-none-eabi/lib/thumb/v7e-m+fp/hard\libc_nano.a(libc_a-mlock.o)
                0x08006398                __malloc_unlock
 .text.__sfputc_r
                0x080063a4       0x2e C:/ST/STM32CubeIDE_1.16.0/STM32CubeIDE/plugins/com.st.stm32cube.ide.mcu.externaltools.gnu-tools-for-stm32.12.3.rel1.win32_1.0.200.202406191623/tools/bin/../lib/gcc/arm-none-eabi/12.3.1/../../../../arm-none-eabi/lib/thumb/v7e-m+fp/hard\libc_nano.a(libc_a-nano-vfprintf.o)
 .text.__sfputs_r
                0x080063d2       0x24 C:/ST/STM32CubeIDE_1.16.0/STM32CubeIDE/plugins/com.st.stm32cube.ide.mcu.externaltools.gnu-tools-for-stm32.12.3.rel1.win32_1.0.200.202406191623/tools/bin/../lib/gcc/arm-none-eabi/12.3.1/../../../../arm-none-eabi/lib/thumb/v7e-m+fp/hard\libc_nano.a(libc_a-nano-vfprintf.o)
                0x080063d2                __sfputs_r
 *fill*         0x080063f6        0x2 
 .text._vfprintf_r
                0x080063f8      0x230 C:/ST/STM32CubeIDE_1.16.0/STM32CubeIDE/plugins/com.st.stm32cube.ide.mcu.externaltools.gnu-tools-for-stm32.12.3.rel1.win32_1.0.200.202406191623/tools/bin/../lib/gcc/arm-none-eabi/12.3.1/../../../../arm-none-eabi/lib/thumb/v7e-m+fp/hard\libc_nano.a(libc_a-nano-vfprintf.o)
                0x080063f8                _vfprintf_r
                0x080063f8                _vfiprintf_r
 .text._printf_common
                0x08006628       0xda C:/ST/STM32CubeIDE_1.16.0/STM32CubeIDE/plugins/com.st.stm32cube.ide.mcu.externaltools.gnu-tools-for-stm32.12.3.rel1.win32_1.0.200.202406191623/tools/bin/../lib/gcc/arm-none-eabi/12.3.1/../../../../arm-none-eabi/lib/thumb/v7e-m+fp/hard\libc_nano.a(libc_a-nano-vfprintf_i.o)
                0x08006628                _printf_common
 *fill*         0x08006702        0x2 
 .text._printf_i
                0x08006704      0x240 C:/ST/STM32CubeIDE_1.16.0/STM32CubeIDE/plugins/com.st.stm32cube.ide.mcu.externaltools.gnu-tools-for-stm32.12.3.rel1.win32_1.0.200.202406191623/tools/bin/../lib/gcc/arm-none-eabi/12.3.1/../../../../arm-none-eabi/lib/thumb/v7e-m+fp/hard\libc_nano.a(libc_a-nano-vfprintf_i.o)
                0x08006704                _printf_i
 .text.__sflush_r
                0x08006944      0x108 C:/ST/STM32CubeIDE_1.16.0/STM32CubeIDE/plugins/com.st.stm32cube.ide.mcu.externaltools.gnu-tools-for-stm32.12.3.rel1.win32_1.0.200.202406191623/tools/bin/../lib/gcc/arm-none-eabi/12.3.1/../../../../arm-none-eabi/lib/thumb/v7e-m+fp/hard\libc_nano.a(libc_a-fflush.o)
                0x08006944                __sflush_r
 .text._fflush_r
                0x08006a4c       0x50 C:/ST/STM32CubeIDE_1.16.0/STM32CubeIDE/plugins/com.st.stm32cube.ide.mcu.externaltools.gnu-tools-for-stm32.12.3.rel1.win32_1.0.200.202406191623/tools/bin/../lib/gcc/arm-none-eabi/12.3.1/../../../../arm-none-eabi/lib/thumb/v7e-m+fp/hard\libc_nano.a(libc_a-fflush.o)
                0x08006a4c                _fflush_r
 .text.__swhatbuf_r
                0x08006a9c       0x4c C:/ST/STM32CubeIDE_1.16.0/STM32CubeIDE/plugins/com.st.stm32cube.ide.mcu.externaltools.gnu-tools-for-stm32.12.3.rel1.win32_1.0.200.202406191623/tools/bin/../lib/gcc/arm-none-eabi/12.3.1/../../../../arm-none-eabi/lib/thumb/v7e-m+fp/hard\libc_nano.a(libc_a-makebuf.o)
                0x08006a9c                __swhatbuf_r
 .text.__smakebuf_r
                0x08006ae8       0x78 C:/ST/STM32CubeIDE_1.16.0/STM32CubeIDE/plugins/com.st.stm32cube.ide.mcu.externaltools.gnu-tools-for-stm32.12.3.rel1.win32_1.0.200.202406191623/tools/bin/../lib/gcc/arm-none-eabi/12.3.1/../../../../arm-none-eabi/lib/thumb/v7e-m+fp/hard\libc_nano.a(libc_a-makebuf.o)
                0x08006ae8                __smakebuf_r
 .text.__swbuf_r
                0x08006b60       0x7c C:/ST/STM32CubeIDE_1.16.0/STM32CubeIDE/plugins/com.st.stm32cube.ide.mcu.externaltools.gnu-tools-for-stm32.12.3.rel1.win32_1.0.200.202406191623/tools/bin/../lib/gcc/arm-none-eabi/12.3.1/../../../../arm-none-eabi/lib/thumb/v7e-m+fp/hard\libc_nano.a(libc_a-wbuf.o)
                0x08006b60                __swbuf_r
 .text.__swsetup_r
                0x08006bdc       0xac C:/ST/STM32CubeIDE_1.16.0/STM32CubeIDE/plugins/com.st.stm32cube.ide.mcu.externaltools.gnu-tools-for-stm32.12.3.rel1.win32_1.0.200.202406191623/tools/bin/../lib/gcc/arm-none-eabi/12.3.1/../../../../arm-none-eabi/lib/thumb/v7e-m+fp/hard\libc_nano.a(libc_a-wsetup.o)
                0x08006bdc                __swsetup_r
 .text._fstat_r
                0x08006c88       0x24 C:/ST/STM32CubeIDE_1.16.0/STM32CubeIDE/plugins/com.st.stm32cube.ide.mcu.externaltools.gnu-tools-for-stm32.12.3.rel1.win32_1.0.200.202406191623/tools/bin/../lib/gcc/arm-none-eabi/12.3.1/../../../../arm-none-eabi/lib/thumb/v7e-m+fp/hard\libc_nano.a(libc_a-fstatr.o)
                0x08006c88                _fstat_r
 .text._isatty_r
                0x08006cac       0x20 C:/ST/STM32CubeIDE_1.16.0/STM32CubeIDE/plugins/com.st.stm32cube.ide.mcu.externaltools.gnu-tools-for-stm32.12.3.rel1.win32_1.0.200.202406191623/tools/bin/../lib/gcc/arm-none-eabi/12.3.1/../../../../arm-none-eabi/lib/thumb/v7e-m+fp/hard\libc_nano.a(libc_a-isattyr.o)
                0x08006cac                _isatty_r
 .text._sbrk_r  0x08006ccc       0x20 C:/ST/STM32CubeIDE_1.16.0/STM32CubeIDE/plugins/com.st.stm32cube.ide.mcu.externaltools.gnu-tools-for-stm32.12.3.rel1.win32_1.0.200.202406191623/tools/bin/../lib/gcc/arm-none-eabi/12.3.1/../../../../arm-none-eabi/lib/thumb/v7e-m+fp/hard\libc_nano.a(libc_a-sbrkr.o)
                0x08006ccc                _sbrk_r
 *(.glue_7)
 .glue_7        0x08006cec        0x0 linker stubs
 *(.glue_7t)
 .glue_7t       0x08006cec        0x0 linker stubs
 *(.eh_frame)
 .eh_frame      0x08006cec        0x0 C:/ST/STM32CubeIDE_1.16.0/STM32CubeIDE/plugins/com.st.stm32cube.ide.mcu.externaltools.gnu-tools-for-stm32.12.3.rel1.win32_1.0.200.202406191623/tools/bin/../lib/gcc/arm-none-eabi/12.3.1/thumb/v7e-m+fp/hard/crtbegin.o
 *(.init)
 .init          0x08006cec        0x4 C:/ST/STM32CubeIDE_1.16.0/STM32CubeIDE/plugins/com.st.stm32cube.ide.mcu.externaltools.gnu-tools-for-stm32.12.3.rel1.win32_1.0.200.202406191623/tools/bin/../lib/gcc/arm-none-eabi/12.3.1/thumb/v7e-m+fp/hard/crti.o
                0x08006cec                _init
 .init          0x08006cf0        0x8 C:/ST/STM32CubeIDE_1.16.0/STM32CubeIDE/plugins/com.st.stm32cube.ide.mcu.externaltools.gnu-tools-for-stm32.12.3.rel1.win32_1.0.200.202406191623/tools/bin/../lib/gcc/arm-none-eabi/12.3.1/thumb/v7e-m+fp/hard/crtn.o
 *(.fini)
 .fini          0x08006cf8        0x4 C:/ST/STM32CubeIDE_1.16.0/STM32CubeIDE/plugins/com.st.stm32cube.ide.mcu.externaltools.gnu-tools-for-stm32.12.3.rel1.win32_1.0.200.202406191623/tools/bin/../lib/gcc/arm-none-eabi/12.3.1/thumb/v7e-m+fp/hard/crti.o
                0x08006cf8                _fini
 .fini          0x08006cfc        0x8 C:/ST/STM32CubeIDE_1.16.0/STM32CubeIDE/plugins/com.st.stm32cube.ide.mcu.externaltools.gnu-tools-for-stm32.12.3.rel1.win32_1.0.200.202406191623/tools/bin/../lib/gcc/arm-none-eabi/12.3.1/thumb/v7e-m+fp/hard/crtn.o
                0x08006d04                        . = ALIGN (0x4)
                0x08006d04                        _etext = .

.vfp11_veneer   0x08006d04        0x0
 .vfp11_veneer  0x08006d04        0x0 linker stubs

.v4_bx          0x08006d04        0x0
 .v4_bx         0x08006d04        0x0 linker stubs

.iplt           0x08006d04        0x0
 .iplt          0x08006d04        0x0 C:/ST/STM32CubeIDE_1.16.0/STM32CubeIDE/plugins/com.st.stm32cube.ide.mcu.externaltools.gnu-tools-for-stm32.12.3.rel1.win32_1.0.200.202406191623/tools/bin/../lib/gcc/arm-none-eabi/12.3.1/thumb/v7e-m+fp/hard/crtbegin.o

.rodata         0x08006d04      0x27c
                0x08006d04                        . = ALIGN (0x4)
 *(.rodata)
 .rodata        0x08006d04       0x1a ./Core/Src/main.o
 *fill*         0x08006d1e        0x2 
 .rodata        0x08006d20       0x22 ./Middlewares/uCOSII/Source/os_core.o
 *fill*         0x08006d42        0x2 
 .rodata        0x08006d44        0x2 ./Middlewares/uCOSII/Source/os_flag.o
 *fill*         0x08006d46        0x2 
 .rodata        0x08006d48        0x2 ./Middlewares/uCOSII/Source/os_mem.o
 *fill*         0x08006d4a        0x2 
 .rodata        0x08006d4c        0x2 ./Middlewares/uCOSII/Source/os_sem.o
 *fill*         0x08006d4e        0x2 
 .rodata        0x08006d50        0x2 ./Middlewares/uCOSII/Source/os_task.o
 *fill*         0x08006d52        0x2 
 .rodata        0x08006d54       0x39 ./Middlewares/uCOSII/Source/os_tmr.o
 *(.rodata*)
 *fill*         0x08006d8d        0x3 
 .rodata.AHBPrescTable
                0x08006d90       0x10 ./Core/Src/system_stm32l4xx.o
                0x08006d90                AHBPrescTable
 .rodata.APBPrescTable
                0x08006da0        0x8 ./Core/Src/system_stm32l4xx.o
                0x08006da0                APBPrescTable
 .rodata.MSIRangeTable
                0x08006da8       0x30 ./Core/Src/system_stm32l4xx.o
                0x08006da8                MSIRangeTable
 .rodata.OSDebugEn
                0x08006dd8        0x2 ./Middlewares/uCOSII/Ports/ARM-Cortex-M/ARMv7-M/GNU/os_dbg.o
                0x08006dd8                OSDebugEn
 *fill*         0x08006dda        0x2 
 .rodata.OSEndiannessTest
                0x08006ddc        0x4 ./Middlewares/uCOSII/Ports/ARM-Cortex-M/ARMv7-M/GNU/os_dbg.o
                0x08006ddc                OSEndiannessTest
 .rodata.OSEventEn
                0x08006de0        0x2 ./Middlewares/uCOSII/Ports/ARM-Cortex-M/ARMv7-M/GNU/os_dbg.o
                0x08006de0                OSEventEn
 .rodata.OSEventMax
                0x08006de2        0x2 ./Middlewares/uCOSII/Ports/ARM-Cortex-M/ARMv7-M/GNU/os_dbg.o
                0x08006de2                OSEventMax
 .rodata.OSEventNameEn
                0x08006de4        0x2 ./Middlewares/uCOSII/Ports/ARM-Cortex-M/ARMv7-M/GNU/os_dbg.o
                0x08006de4                OSEventNameEn
 .rodata.OSEventSize
                0x08006de6        0x2 ./Middlewares/uCOSII/Ports/ARM-Cortex-M/ARMv7-M/GNU/os_dbg.o
                0x08006de6                OSEventSize
 .rodata.OSEventTblSize
                0x08006de8        0x2 ./Middlewares/uCOSII/Ports/ARM-Cortex-M/ARMv7-M/GNU/os_dbg.o
                0x08006de8                OSEventTblSize
 .rodata.OSEventMultiEn
                0x08006dea        0x2 ./Middlewares/uCOSII/Ports/ARM-Cortex-M/ARMv7-M/GNU/os_dbg.o
                0x08006dea                OSEventMultiEn
 .rodata.OSFlagEn
                0x08006dec        0x2 ./Middlewares/uCOSII/Ports/ARM-Cortex-M/ARMv7-M/GNU/os_dbg.o
                0x08006dec                OSFlagEn
 .rodata.OSFlagGrpSize
                0x08006dee        0x2 ./Middlewares/uCOSII/Ports/ARM-Cortex-M/ARMv7-M/GNU/os_dbg.o
                0x08006dee                OSFlagGrpSize
 .rodata.OSFlagNodeSize
                0x08006df0        0x2 ./Middlewares/uCOSII/Ports/ARM-Cortex-M/ARMv7-M/GNU/os_dbg.o
                0x08006df0                OSFlagNodeSize
 .rodata.OSFlagWidth
                0x08006df2        0x2 ./Middlewares/uCOSII/Ports/ARM-Cortex-M/ARMv7-M/GNU/os_dbg.o
                0x08006df2                OSFlagWidth
 .rodata.OSFlagMax
                0x08006df4        0x2 ./Middlewares/uCOSII/Ports/ARM-Cortex-M/ARMv7-M/GNU/os_dbg.o
                0x08006df4                OSFlagMax
 .rodata.OSFlagNameEn
                0x08006df6        0x2 ./Middlewares/uCOSII/Ports/ARM-Cortex-M/ARMv7-M/GNU/os_dbg.o
                0x08006df6                OSFlagNameEn
 .rodata.OSLowestPrio
                0x08006df8        0x2 ./Middlewares/uCOSII/Ports/ARM-Cortex-M/ARMv7-M/GNU/os_dbg.o
                0x08006df8                OSLowestPrio
 .rodata.OSMboxEn
                0x08006dfa        0x2 ./Middlewares/uCOSII/Ports/ARM-Cortex-M/ARMv7-M/GNU/os_dbg.o
                0x08006dfa                OSMboxEn
 .rodata.OSMemEn
                0x08006dfc        0x2 ./Middlewares/uCOSII/Ports/ARM-Cortex-M/ARMv7-M/GNU/os_dbg.o
                0x08006dfc                OSMemEn
 .rodata.OSMemMax
                0x08006dfe        0x2 ./Middlewares/uCOSII/Ports/ARM-Cortex-M/ARMv7-M/GNU/os_dbg.o
                0x08006dfe                OSMemMax
 .rodata.OSMemNameEn
                0x08006e00        0x2 ./Middlewares/uCOSII/Ports/ARM-Cortex-M/ARMv7-M/GNU/os_dbg.o
                0x08006e00                OSMemNameEn
 .rodata.OSMemSize
                0x08006e02        0x2 ./Middlewares/uCOSII/Ports/ARM-Cortex-M/ARMv7-M/GNU/os_dbg.o
                0x08006e02                OSMemSize
 .rodata.OSMemTblSize
                0x08006e04        0x2 ./Middlewares/uCOSII/Ports/ARM-Cortex-M/ARMv7-M/GNU/os_dbg.o
                0x08006e04                OSMemTblSize
 .rodata.OSMutexEn
                0x08006e06        0x2 ./Middlewares/uCOSII/Ports/ARM-Cortex-M/ARMv7-M/GNU/os_dbg.o
                0x08006e06                OSMutexEn
 .rodata.OSPtrSize
                0x08006e08        0x2 ./Middlewares/uCOSII/Ports/ARM-Cortex-M/ARMv7-M/GNU/os_dbg.o
                0x08006e08                OSPtrSize
 .rodata.OSQEn  0x08006e0a        0x2 ./Middlewares/uCOSII/Ports/ARM-Cortex-M/ARMv7-M/GNU/os_dbg.o
                0x08006e0a                OSQEn
 .rodata.OSQMax
                0x08006e0c        0x2 ./Middlewares/uCOSII/Ports/ARM-Cortex-M/ARMv7-M/GNU/os_dbg.o
                0x08006e0c                OSQMax
 .rodata.OSQSize
                0x08006e0e        0x2 ./Middlewares/uCOSII/Ports/ARM-Cortex-M/ARMv7-M/GNU/os_dbg.o
                0x08006e0e                OSQSize
 .rodata.OSRdyTblSize
                0x08006e10        0x2 ./Middlewares/uCOSII/Ports/ARM-Cortex-M/ARMv7-M/GNU/os_dbg.o
                0x08006e10                OSRdyTblSize
 .rodata.OSSemEn
                0x08006e12        0x2 ./Middlewares/uCOSII/Ports/ARM-Cortex-M/ARMv7-M/GNU/os_dbg.o
                0x08006e12                OSSemEn
 .rodata.OSStkWidth
                0x08006e14        0x2 ./Middlewares/uCOSII/Ports/ARM-Cortex-M/ARMv7-M/GNU/os_dbg.o
                0x08006e14                OSStkWidth
 .rodata.OSTaskCreateEn
                0x08006e16        0x2 ./Middlewares/uCOSII/Ports/ARM-Cortex-M/ARMv7-M/GNU/os_dbg.o
                0x08006e16                OSTaskCreateEn
 .rodata.OSTaskCreateExtEn
                0x08006e18        0x2 ./Middlewares/uCOSII/Ports/ARM-Cortex-M/ARMv7-M/GNU/os_dbg.o
                0x08006e18                OSTaskCreateExtEn
 .rodata.OSTaskDelEn
                0x08006e1a        0x2 ./Middlewares/uCOSII/Ports/ARM-Cortex-M/ARMv7-M/GNU/os_dbg.o
                0x08006e1a                OSTaskDelEn
 .rodata.OSTaskIdleStkSize
                0x08006e1c        0x2 ./Middlewares/uCOSII/Ports/ARM-Cortex-M/ARMv7-M/GNU/os_dbg.o
                0x08006e1c                OSTaskIdleStkSize
 .rodata.OSTaskProfileEn
                0x08006e1e        0x2 ./Middlewares/uCOSII/Ports/ARM-Cortex-M/ARMv7-M/GNU/os_dbg.o
                0x08006e1e                OSTaskProfileEn
 .rodata.OSTaskMax
                0x08006e20        0x2 ./Middlewares/uCOSII/Ports/ARM-Cortex-M/ARMv7-M/GNU/os_dbg.o
                0x08006e20                OSTaskMax
 .rodata.OSTaskNameEn
                0x08006e22        0x2 ./Middlewares/uCOSII/Ports/ARM-Cortex-M/ARMv7-M/GNU/os_dbg.o
                0x08006e22                OSTaskNameEn
 .rodata.OSTaskStatEn
                0x08006e24        0x2 ./Middlewares/uCOSII/Ports/ARM-Cortex-M/ARMv7-M/GNU/os_dbg.o
                0x08006e24                OSTaskStatEn
 .rodata.OSTaskStatStkSize
                0x08006e26        0x2 ./Middlewares/uCOSII/Ports/ARM-Cortex-M/ARMv7-M/GNU/os_dbg.o
                0x08006e26                OSTaskStatStkSize
 .rodata.OSTaskStatStkChkEn
                0x08006e28        0x2 ./Middlewares/uCOSII/Ports/ARM-Cortex-M/ARMv7-M/GNU/os_dbg.o
                0x08006e28                OSTaskStatStkChkEn
 .rodata.OSTaskSwHookEn
                0x08006e2a        0x2 ./Middlewares/uCOSII/Ports/ARM-Cortex-M/ARMv7-M/GNU/os_dbg.o
                0x08006e2a                OSTaskSwHookEn
 .rodata.OSTCBPrioTblMax
                0x08006e2c        0x2 ./Middlewares/uCOSII/Ports/ARM-Cortex-M/ARMv7-M/GNU/os_dbg.o
                0x08006e2c                OSTCBPrioTblMax
 .rodata.OSTCBSize
                0x08006e2e        0x2 ./Middlewares/uCOSII/Ports/ARM-Cortex-M/ARMv7-M/GNU/os_dbg.o
                0x08006e2e                OSTCBSize
 .rodata.OSTicksPerSec
                0x08006e30        0x2 ./Middlewares/uCOSII/Ports/ARM-Cortex-M/ARMv7-M/GNU/os_dbg.o
                0x08006e30                OSTicksPerSec
 .rodata.OSTimeTickHookEn
                0x08006e32        0x2 ./Middlewares/uCOSII/Ports/ARM-Cortex-M/ARMv7-M/GNU/os_dbg.o
                0x08006e32                OSTimeTickHookEn
 .rodata.OSVersionNbr
                0x08006e34        0x2 ./Middlewares/uCOSII/Ports/ARM-Cortex-M/ARMv7-M/GNU/os_dbg.o
                0x08006e34                OSVersionNbr
 .rodata.OSTmrEn
                0x08006e36        0x2 ./Middlewares/uCOSII/Ports/ARM-Cortex-M/ARMv7-M/GNU/os_dbg.o
                0x08006e36                OSTmrEn
 .rodata.OSTmrCfgMax
                0x08006e38        0x2 ./Middlewares/uCOSII/Ports/ARM-Cortex-M/ARMv7-M/GNU/os_dbg.o
                0x08006e38                OSTmrCfgMax
 .rodata.OSTmrCfgNameEn
                0x08006e3a        0x2 ./Middlewares/uCOSII/Ports/ARM-Cortex-M/ARMv7-M/GNU/os_dbg.o
                0x08006e3a                OSTmrCfgNameEn
 .rodata.OSTmrCfgWheelSize
                0x08006e3c        0x2 ./Middlewares/uCOSII/Ports/ARM-Cortex-M/ARMv7-M/GNU/os_dbg.o
                0x08006e3c                OSTmrCfgWheelSize
 .rodata.OSTmrCfgTicksPerSec
                0x08006e3e        0x2 ./Middlewares/uCOSII/Ports/ARM-Cortex-M/ARMv7-M/GNU/os_dbg.o
                0x08006e3e                OSTmrCfgTicksPerSec
 .rodata.OSTmrSize
                0x08006e40        0x2 ./Middlewares/uCOSII/Ports/ARM-Cortex-M/ARMv7-M/GNU/os_dbg.o
                0x08006e40                OSTmrSize
 .rodata.OSTmrTblSize
                0x08006e42        0x2 ./Middlewares/uCOSII/Ports/ARM-Cortex-M/ARMv7-M/GNU/os_dbg.o
                0x08006e42                OSTmrTblSize
 .rodata.OSTmrWheelSize
                0x08006e44        0x2 ./Middlewares/uCOSII/Ports/ARM-Cortex-M/ARMv7-M/GNU/os_dbg.o
                0x08006e44                OSTmrWheelSize
 .rodata.OSTmrWheelTblSize
                0x08006e46        0x2 ./Middlewares/uCOSII/Ports/ARM-Cortex-M/ARMv7-M/GNU/os_dbg.o
                0x08006e46                OSTmrWheelTblSize
 .rodata.OSDataSize
                0x08006e48        0x2 ./Middlewares/uCOSII/Ports/ARM-Cortex-M/ARMv7-M/GNU/os_dbg.o
                0x08006e48                OSDataSize
 *fill*         0x08006e4a        0x2 
 .rodata.OSUnMapTbl
                0x08006e4c      0x100 ./Middlewares/uCOSII/Source/os_core.o
                0x08006e4c                OSUnMapTbl
 .rodata._vfprintf_r.str1.1
                0x08006f4c       0x11 C:/ST/STM32CubeIDE_1.16.0/STM32CubeIDE/plugins/com.st.stm32cube.ide.mcu.externaltools.gnu-tools-for-stm32.12.3.rel1.win32_1.0.200.202406191623/tools/bin/../lib/gcc/arm-none-eabi/12.3.1/../../../../arm-none-eabi/lib/thumb/v7e-m+fp/hard\libc_nano.a(libc_a-nano-vfprintf.o)
 .rodata._printf_i.str1.1
                0x08006f5d       0x22 C:/ST/STM32CubeIDE_1.16.0/STM32CubeIDE/plugins/com.st.stm32cube.ide.mcu.externaltools.gnu-tools-for-stm32.12.3.rel1.win32_1.0.200.202406191623/tools/bin/../lib/gcc/arm-none-eabi/12.3.1/../../../../arm-none-eabi/lib/thumb/v7e-m+fp/hard\libc_nano.a(libc_a-nano-vfprintf_i.o)
                0x08006f80                        . = ALIGN (0x4)
 *fill*         0x08006f7f        0x1 

.ARM.extab      0x08006f80        0x0
                0x08006f80                        . = ALIGN (0x4)
 *(.ARM.extab* .gnu.linkonce.armextab.*)
                0x08006f80                        . = ALIGN (0x4)

.ARM            0x08006f80        0x8
                0x08006f80                        . = ALIGN (0x4)
                0x08006f80                        __exidx_start = .
 *(.ARM.exidx*)
 .ARM.exidx     0x08006f80        0x8 C:/ST/STM32CubeIDE_1.16.0/STM32CubeIDE/plugins/com.st.stm32cube.ide.mcu.externaltools.gnu-tools-for-stm32.12.3.rel1.win32_1.0.200.202406191623/tools/bin/../lib/gcc/arm-none-eabi/12.3.1/../../../../arm-none-eabi/lib/thumb/v7e-m+fp/hard\libc_nano.a(libc_a-memchr.o)
 .ARM.exidx     0x08006f88        0x0 C:/ST/STM32CubeIDE_1.16.0/STM32CubeIDE/plugins/com.st.stm32cube.ide.mcu.externaltools.gnu-tools-for-stm32.12.3.rel1.win32_1.0.200.202406191623/tools/bin/../lib/gcc/arm-none-eabi/12.3.1/thumb/v7e-m+fp/hard\libgcc.a(_udivmoddi4.o)
                                  0x8 (size before relaxing)
                0x08006f88                        __exidx_end = .
                0x08006f88                        . = ALIGN (0x4)

.preinit_array  0x08006f88        0x0
                0x08006f88                        . = ALIGN (0x4)
                0x08006f88                        PROVIDE (__preinit_array_start = .)
 *(.preinit_array*)
                0x08006f88                        PROVIDE (__preinit_array_end = .)
                0x08006f88                        . = ALIGN (0x4)

.init_array     0x08006f88        0x4
                0x08006f88                        . = ALIGN (0x4)
                0x08006f88                        PROVIDE (__init_array_start = .)
 *(SORT_BY_NAME(.init_array.*))
 *(.init_array*)
 .init_array    0x08006f88        0x4 C:/ST/STM32CubeIDE_1.16.0/STM32CubeIDE/plugins/com.st.stm32cube.ide.mcu.externaltools.gnu-tools-for-stm32.12.3.rel1.win32_1.0.200.202406191623/tools/bin/../lib/gcc/arm-none-eabi/12.3.1/thumb/v7e-m+fp/hard/crtbegin.o
                0x08006f8c                        PROVIDE (__init_array_end = .)
                0x08006f8c                        . = ALIGN (0x4)

.fini_array     0x08006f8c        0x4
                0x08006f8c                        . = ALIGN (0x4)
                [!provide]                        PROVIDE (__fini_array_start = .)
 *(SORT_BY_NAME(.fini_array.*))
 *(.fini_array*)
 .fini_array    0x08006f8c        0x4 C:/ST/STM32CubeIDE_1.16.0/STM32CubeIDE/plugins/com.st.stm32cube.ide.mcu.externaltools.gnu-tools-for-stm32.12.3.rel1.win32_1.0.200.202406191623/tools/bin/../lib/gcc/arm-none-eabi/12.3.1/thumb/v7e-m+fp/hard/crtbegin.o
                [!provide]                        PROVIDE (__fini_array_end = .)
                0x08006f90                        . = ALIGN (0x4)
                0x08006f90                        _sidata = LOADADDR (.data)

.rel.dyn        0x08006f90        0x0
 .rel.iplt      0x08006f90        0x0 C:/ST/STM32CubeIDE_1.16.0/STM32CubeIDE/plugins/com.st.stm32cube.ide.mcu.externaltools.gnu-tools-for-stm32.12.3.rel1.win32_1.0.200.202406191623/tools/bin/../lib/gcc/arm-none-eabi/12.3.1/thumb/v7e-m+fp/hard/crtbegin.o

.data           0x20000000       0x68 load address 0x08006f90
                0x20000000                        . = ALIGN (0x4)
                0x20000000                        _sdata = .
 *(.data)
 *(.data*)
 .data.SystemCoreClock
                0x20000000        0x4 ./Core/Src/system_stm32l4xx.o
                0x20000000                SystemCoreClock
 .data.uwTickPrio
                0x20000004        0x4 ./Drivers/STM32L4xx_HAL_Driver/Src/stm32l4xx_hal.o
                0x20000004                uwTickPrio
 .data.uwTickFreq
                0x20000008        0x1 ./Drivers/STM32L4xx_HAL_Driver/Src/stm32l4xx_hal.o
                0x20000008                uwTickFreq
 *fill*         0x20000009        0x3 
 .data.__sglue  0x2000000c        0xc C:/ST/STM32CubeIDE_1.16.0/STM32CubeIDE/plugins/com.st.stm32cube.ide.mcu.externaltools.gnu-tools-for-stm32.12.3.rel1.win32_1.0.200.202406191623/tools/bin/../lib/gcc/arm-none-eabi/12.3.1/../../../../arm-none-eabi/lib/thumb/v7e-m+fp/hard\libc_nano.a(libc_a-findfp.o)
                0x2000000c                __sglue
 .data._impure_ptr
                0x20000018        0x4 C:/ST/STM32CubeIDE_1.16.0/STM32CubeIDE/plugins/com.st.stm32cube.ide.mcu.externaltools.gnu-tools-for-stm32.12.3.rel1.win32_1.0.200.202406191623/tools/bin/../lib/gcc/arm-none-eabi/12.3.1/../../../../arm-none-eabi/lib/thumb/v7e-m+fp/hard\libc_nano.a(libc_a-impure.o)
                0x20000018                _impure_ptr
 .data._impure_data
                0x2000001c       0x4c C:/ST/STM32CubeIDE_1.16.0/STM32CubeIDE/plugins/com.st.stm32cube.ide.mcu.externaltools.gnu-tools-for-stm32.12.3.rel1.win32_1.0.200.202406191623/tools/bin/../lib/gcc/arm-none-eabi/12.3.1/../../../../arm-none-eabi/lib/thumb/v7e-m+fp/hard\libc_nano.a(libc_a-impure.o)
                0x2000001c                _impure_data
 *(.RamFunc)
 *(.RamFunc*)
                0x20000068                        . = ALIGN (0x4)
                0x20000068                        _edata = .

.igot.plt       0x20000068        0x0 load address 0x08006ff8
 .igot.plt      0x20000068        0x0 C:/ST/STM32CubeIDE_1.16.0/STM32CubeIDE/plugins/com.st.stm32cube.ide.mcu.externaltools.gnu-tools-for-stm32.12.3.rel1.win32_1.0.200.202406191623/tools/bin/../lib/gcc/arm-none-eabi/12.3.1/thumb/v7e-m+fp/hard/crtbegin.o
                0x20000068                        . = ALIGN (0x4)

.bss            0x20000068     0x2634 load address 0x08006ff8
                0x20000068                        _sbss = .
                0x20000068                        __bss_start__ = _sbss
 *(.bss)
 .bss           0x20000068       0x1c C:/ST/STM32CubeIDE_1.16.0/STM32CubeIDE/plugins/com.st.stm32cube.ide.mcu.externaltools.gnu-tools-for-stm32.12.3.rel1.win32_1.0.200.202406191623/tools/bin/../lib/gcc/arm-none-eabi/12.3.1/thumb/v7e-m+fp/hard/crtbegin.o
 *(.bss*)
 .bss.huart2    0x20000084       0x88 ./Core/Src/main.o
                0x20000084                huart2
 .bss.task1_stk
                0x2000010c      0x800 ./Core/Src/main.o
                0x2000010c                task1_stk
 .bss.CommMem   0x2000090c        0x4 ./Core/Src/main.o
                0x2000090c                CommMem
 .bss.CommBuf   0x20000910      0x400 ./Core/Src/main.o
                0x20000910                CommBuf
 .bss.CommMsg   0x20000d10        0x4 ./Core/Src/main.o
                0x20000d10                CommMsg
 .bss.gHuart    0x20000d14        0x4 ./Core/Src/retarget.o
                0x20000d14                gHuart
 .bss.__sbrk_heap_end
                0x20000d18        0x4 ./Core/Src/sysmem.o
 .bss.uwTick    0x20000d1c        0x4 ./Drivers/STM32L4xx_HAL_Driver/Src/stm32l4xx_hal.o
                0x20000d1c                uwTick
 .bss.OS_CPU_ExceptStk
                0x20000d20      0x400 ./Middlewares/uCOSII/Ports/ARM-Cortex-M/ARMv7-M/GNU/os_cpu_c.o
                0x20000d20                OS_CPU_ExceptStk
 .bss.OS_CPU_ExceptStkBase
                0x20001120        0x4 ./Middlewares/uCOSII/Ports/ARM-Cortex-M/ARMv7-M/GNU/os_cpu_c.o
                0x20001120                OS_CPU_ExceptStkBase
 .bss.OSTmrCtr  0x20001124        0x2 ./Middlewares/uCOSII/Ports/ARM-Cortex-M/ARMv7-M/GNU/os_cpu_c.o
 *fill*         0x20001126        0x2 
 .bss.OS_KA_BASEPRI_Boundary
                0x20001128        0x4 ./Middlewares/uCOSII/Ports/ARM-Cortex-M/ARMv7-M/GNU/os_cpu_c.o
                0x20001128                OS_KA_BASEPRI_Boundary
 .bss.OSCtxSwCtr
                0x2000112c        0x4 ./Middlewares/uCOSII/Source/os_core.o
                0x2000112c                OSCtxSwCtr
 .bss.OSEventFreeList
                0x20001130        0x4 ./Middlewares/uCOSII/Source/os_core.o
                0x20001130                OSEventFreeList
 .bss.OSEventTbl
                0x20001134       0xf0 ./Middlewares/uCOSII/Source/os_core.o
                0x20001134                OSEventTbl
 .bss.OSFlagTbl
                0x20001224       0x50 ./Middlewares/uCOSII/Source/os_core.o
                0x20001224                OSFlagTbl
 .bss.OSFlagFreeList
                0x20001274        0x4 ./Middlewares/uCOSII/Source/os_core.o
                0x20001274                OSFlagFreeList
 .bss.OSCPUUsage
                0x20001278        0x1 ./Middlewares/uCOSII/Source/os_core.o
                0x20001278                OSCPUUsage
 *fill*         0x20001279        0x3 
 .bss.OSIdleCtrMax
                0x2000127c        0x4 ./Middlewares/uCOSII/Source/os_core.o
                0x2000127c                OSIdleCtrMax
 .bss.OSIdleCtrRun
                0x20001280        0x4 ./Middlewares/uCOSII/Source/os_core.o
                0x20001280                OSIdleCtrRun
 .bss.OSStatRdy
                0x20001284        0x1 ./Middlewares/uCOSII/Source/os_core.o
                0x20001284                OSStatRdy
 *fill*         0x20001285        0x3 
 .bss.OSTaskStatStk
                0x20001288      0x200 ./Middlewares/uCOSII/Source/os_core.o
                0x20001288                OSTaskStatStk
 .bss.OSIntNesting
                0x20001488        0x1 ./Middlewares/uCOSII/Source/os_core.o
                0x20001488                OSIntNesting
 .bss.OSLockNesting
                0x20001489        0x1 ./Middlewares/uCOSII/Source/os_core.o
                0x20001489                OSLockNesting
 .bss.OSPrioCur
                0x2000148a        0x1 ./Middlewares/uCOSII/Source/os_core.o
                0x2000148a                OSPrioCur
 .bss.OSPrioHighRdy
                0x2000148b        0x1 ./Middlewares/uCOSII/Source/os_core.o
                0x2000148b                OSPrioHighRdy
 .bss.OSRdyGrp  0x2000148c        0x1 ./Middlewares/uCOSII/Source/os_core.o
                0x2000148c                OSRdyGrp
 *fill*         0x2000148d        0x3 
 .bss.OSRdyTbl  0x20001490        0x8 ./Middlewares/uCOSII/Source/os_core.o
                0x20001490                OSRdyTbl
 .bss.OSRunning
                0x20001498        0x1 ./Middlewares/uCOSII/Source/os_core.o
                0x20001498                OSRunning
 .bss.OSTaskCtr
                0x20001499        0x1 ./Middlewares/uCOSII/Source/os_core.o
                0x20001499                OSTaskCtr
 *fill*         0x2000149a        0x2 
 .bss.OSIdleCtr
                0x2000149c        0x4 ./Middlewares/uCOSII/Source/os_core.o
                0x2000149c                OSIdleCtr
 .bss.OSTaskIdleStk
                0x200014a0      0x200 ./Middlewares/uCOSII/Source/os_core.o
                0x200014a0                OSTaskIdleStk
 .bss.OSTCBCur  0x200016a0        0x4 ./Middlewares/uCOSII/Source/os_core.o
                0x200016a0                OSTCBCur
 .bss.OSTCBFreeList
                0x200016a4        0x4 ./Middlewares/uCOSII/Source/os_core.o
                0x200016a4                OSTCBFreeList
 .bss.OSTCBHighRdy
                0x200016a8        0x4 ./Middlewares/uCOSII/Source/os_core.o
                0x200016a8                OSTCBHighRdy
 .bss.OSTCBList
                0x200016ac        0x4 ./Middlewares/uCOSII/Source/os_core.o
                0x200016ac                OSTCBList
 .bss.OSTCBPrioTbl
                0x200016b0      0x100 ./Middlewares/uCOSII/Source/os_core.o
                0x200016b0                OSTCBPrioTbl
 .bss.OSTCBTbl  0x200017b0      0x7e8 ./Middlewares/uCOSII/Source/os_core.o
                0x200017b0                OSTCBTbl
 .bss.OSTickStepState
                0x20001f98        0x1 ./Middlewares/uCOSII/Source/os_core.o
                0x20001f98                OSTickStepState
 *fill*         0x20001f99        0x3 
 .bss.OSMemFreeList
                0x20001f9c        0x4 ./Middlewares/uCOSII/Source/os_core.o
                0x20001f9c                OSMemFreeList
 .bss.OSMemTbl  0x20001fa0       0x78 ./Middlewares/uCOSII/Source/os_core.o
                0x20001fa0                OSMemTbl
 .bss.OSQFreeList
                0x20002018        0x4 ./Middlewares/uCOSII/Source/os_core.o
                0x20002018                OSQFreeList
 .bss.OSQTbl    0x2000201c       0x60 ./Middlewares/uCOSII/Source/os_core.o
                0x2000201c                OSQTbl
 .bss.OSTaskRegNextAvailID
                0x2000207c        0x1 ./Middlewares/uCOSII/Source/os_core.o
                0x2000207c                OSTaskRegNextAvailID
 *fill*         0x2000207d        0x3 
 .bss.OSTime    0x20002080        0x4 ./Middlewares/uCOSII/Source/os_core.o
                0x20002080                OSTime
 .bss.OSTmrFree
                0x20002084        0x2 ./Middlewares/uCOSII/Source/os_core.o
                0x20002084                OSTmrFree
 .bss.OSTmrUsed
                0x20002086        0x2 ./Middlewares/uCOSII/Source/os_core.o
                0x20002086                OSTmrUsed
 .bss.OSTmrTime
                0x20002088        0x4 ./Middlewares/uCOSII/Source/os_core.o
                0x20002088                OSTmrTime
 .bss.OSTmrSem  0x2000208c        0x4 ./Middlewares/uCOSII/Source/os_core.o
                0x2000208c                OSTmrSem
 .bss.OSTmrSemSignal
                0x20002090        0x4 ./Middlewares/uCOSII/Source/os_core.o
                0x20002090                OSTmrSemSignal
 .bss.OSTmrTbl  0x20002094      0x280 ./Middlewares/uCOSII/Source/os_core.o
                0x20002094                OSTmrTbl
 .bss.OSTmrFreeList
                0x20002314        0x4 ./Middlewares/uCOSII/Source/os_core.o
                0x20002314                OSTmrFreeList
 .bss.OSTmrTaskStk
                0x20002318      0x200 ./Middlewares/uCOSII/Source/os_core.o
                0x20002318                OSTmrTaskStk
 .bss.OSTmrWheelTbl
                0x20002518       0x38 ./Middlewares/uCOSII/Source/os_core.o
                0x20002518                OSTmrWheelTbl
 .bss.__sf      0x20002550      0x138 C:/ST/STM32CubeIDE_1.16.0/STM32CubeIDE/plugins/com.st.stm32cube.ide.mcu.externaltools.gnu-tools-for-stm32.12.3.rel1.win32_1.0.200.202406191623/tools/bin/../lib/gcc/arm-none-eabi/12.3.1/../../../../arm-none-eabi/lib/thumb/v7e-m+fp/hard\libc_nano.a(libc_a-findfp.o)
                0x20002550                __sf
 .bss.__stdio_exit_handler
                0x20002688        0x4 C:/ST/STM32CubeIDE_1.16.0/STM32CubeIDE/plugins/com.st.stm32cube.ide.mcu.externaltools.gnu-tools-for-stm32.12.3.rel1.win32_1.0.200.202406191623/tools/bin/../lib/gcc/arm-none-eabi/12.3.1/../../../../arm-none-eabi/lib/thumb/v7e-m+fp/hard\libc_nano.a(libc_a-findfp.o)
                0x20002688                __stdio_exit_handler
 .bss.errno     0x2000268c        0x4 C:/ST/STM32CubeIDE_1.16.0/STM32CubeIDE/plugins/com.st.stm32cube.ide.mcu.externaltools.gnu-tools-for-stm32.12.3.rel1.win32_1.0.200.202406191623/tools/bin/../lib/gcc/arm-none-eabi/12.3.1/../../../../arm-none-eabi/lib/thumb/v7e-m+fp/hard\libc_nano.a(libc_a-reent.o)
                0x2000268c                errno
 .bss.__lock___malloc_recursive_mutex
                0x20002690        0x1 C:/ST/STM32CubeIDE_1.16.0/STM32CubeIDE/plugins/com.st.stm32cube.ide.mcu.externaltools.gnu-tools-for-stm32.12.3.rel1.win32_1.0.200.202406191623/tools/bin/../lib/gcc/arm-none-eabi/12.3.1/../../../../arm-none-eabi/lib/thumb/v7e-m+fp/hard\libc_nano.a(libc_a-lock.o)
                0x20002690                __lock___malloc_recursive_mutex
 .bss.__lock___sfp_recursive_mutex
                0x20002691        0x1 C:/ST/STM32CubeIDE_1.16.0/STM32CubeIDE/plugins/com.st.stm32cube.ide.mcu.externaltools.gnu-tools-for-stm32.12.3.rel1.win32_1.0.200.202406191623/tools/bin/../lib/gcc/arm-none-eabi/12.3.1/../../../../arm-none-eabi/lib/thumb/v7e-m+fp/hard\libc_nano.a(libc_a-lock.o)
                0x20002691                __lock___sfp_recursive_mutex
 *fill*         0x20002692        0x2 
 .bss.__malloc_sbrk_start
                0x20002694        0x4 C:/ST/STM32CubeIDE_1.16.0/STM32CubeIDE/plugins/com.st.stm32cube.ide.mcu.externaltools.gnu-tools-for-stm32.12.3.rel1.win32_1.0.200.202406191623/tools/bin/../lib/gcc/arm-none-eabi/12.3.1/../../../../arm-none-eabi/lib/thumb/v7e-m+fp/hard\libc_nano.a(libc_a-mallocr.o)
                0x20002694                __malloc_sbrk_start
 .bss.__malloc_free_list
                0x20002698        0x4 C:/ST/STM32CubeIDE_1.16.0/STM32CubeIDE/plugins/com.st.stm32cube.ide.mcu.externaltools.gnu-tools-for-stm32.12.3.rel1.win32_1.0.200.202406191623/tools/bin/../lib/gcc/arm-none-eabi/12.3.1/../../../../arm-none-eabi/lib/thumb/v7e-m+fp/hard\libc_nano.a(libc_a-mallocr.o)
                0x20002698                __malloc_free_list
 *(COMMON)
                0x2000269c                        . = ALIGN (0x4)
                0x2000269c                        _ebss = .
                0x2000269c                        __bss_end__ = _ebss

._user_heap_stack
                0x2000269c      0x604 load address 0x08006ff8
                0x200026a0                        . = ALIGN (0x8)
 *fill*         0x2000269c        0x4 
                [!provide]                        PROVIDE (end = .)
                0x200026a0                        PROVIDE (_end = .)
                0x200028a0                        . = (. + _Min_Heap_Size)
 *fill*         0x200026a0      0x200 
                0x20002ca0                        . = (. + _Min_Stack_Size)
 *fill*         0x200028a0      0x400 
                0x20002ca0                        . = ALIGN (0x8)

/DISCARD/
 libc.a(*)
 libm.a(*)
 libgcc.a(*)

.ARM.attributes
                0x00000000       0x30
 *(.ARM.attributes)
 .ARM.attributes
                0x00000000       0x22 C:/ST/STM32CubeIDE_1.16.0/STM32CubeIDE/plugins/com.st.stm32cube.ide.mcu.externaltools.gnu-tools-for-stm32.12.3.rel1.win32_1.0.200.202406191623/tools/bin/../lib/gcc/arm-none-eabi/12.3.1/thumb/v7e-m+fp/hard/crti.o
 .ARM.attributes
                0x00000022       0x34 C:/ST/STM32CubeIDE_1.16.0/STM32CubeIDE/plugins/com.st.stm32cube.ide.mcu.externaltools.gnu-tools-for-stm32.12.3.rel1.win32_1.0.200.202406191623/tools/bin/../lib/gcc/arm-none-eabi/12.3.1/thumb/v7e-m+fp/hard/crtbegin.o
 .ARM.attributes
                0x00000056       0x34 ./Core/Src/main.o
 .ARM.attributes
                0x0000008a       0x34 ./Core/Src/retarget.o
 .ARM.attributes
                0x000000be       0x34 ./Core/Src/stm32l4xx_hal_msp.o
 .ARM.attributes
                0x000000f2       0x34 ./Core/Src/stm32l4xx_it.o
 .ARM.attributes
                0x00000126       0x34 ./Core/Src/syscalls.o
 .ARM.attributes
                0x0000015a       0x34 ./Core/Src/sysmem.o
 .ARM.attributes
                0x0000018e       0x34 ./Core/Src/system_stm32l4xx.o
 .ARM.attributes
                0x000001c2       0x21 ./Core/Startup/startup_stm32l476rgtx.o
 .ARM.attributes
                0x000001e3       0x34 ./Drivers/STM32L4xx_HAL_Driver/Src/stm32l4xx_hal.o
 .ARM.attributes
                0x00000217       0x34 ./Drivers/STM32L4xx_HAL_Driver/Src/stm32l4xx_hal_cortex.o
 .ARM.attributes
                0x0000024b       0x34 ./Drivers/STM32L4xx_HAL_Driver/Src/stm32l4xx_hal_gpio.o
 .ARM.attributes
                0x0000027f       0x34 ./Drivers/STM32L4xx_HAL_Driver/Src/stm32l4xx_hal_pwr_ex.o
 .ARM.attributes
                0x000002b3       0x34 ./Drivers/STM32L4xx_HAL_Driver/Src/stm32l4xx_hal_rcc.o
 .ARM.attributes
                0x000002e7       0x34 ./Drivers/STM32L4xx_HAL_Driver/Src/stm32l4xx_hal_rcc_ex.o
 .ARM.attributes
                0x0000031b       0x34 ./Drivers/STM32L4xx_HAL_Driver/Src/stm32l4xx_hal_uart.o
 .ARM.attributes
                0x0000034f       0x34 ./Middlewares/uCOSII/Cfg/Template/app_hooks.o
 .ARM.attributes
                0x00000383       0x20 ./Middlewares/uCOSII/Ports/ARM-Cortex-M/ARMv7-M/GNU/os_cpu_a.o
 .ARM.attributes
                0x000003a3       0x34 ./Middlewares/uCOSII/Ports/ARM-Cortex-M/ARMv7-M/GNU/os_cpu_c.o
 .ARM.attributes
                0x000003d7       0x34 ./Middlewares/uCOSII/Ports/ARM-Cortex-M/ARMv7-M/GNU/os_dbg.o
 .ARM.attributes
                0x0000040b       0x34 ./Middlewares/uCOSII/Source/os_core.o
 .ARM.attributes
                0x0000043f       0x34 ./Middlewares/uCOSII/Source/os_flag.o
 .ARM.attributes
                0x00000473       0x34 ./Middlewares/uCOSII/Source/os_mem.o
 .ARM.attributes
                0x000004a7       0x34 ./Middlewares/uCOSII/Source/os_q.o
 .ARM.attributes
                0x000004db       0x34 ./Middlewares/uCOSII/Source/os_sem.o
 .ARM.attributes
                0x0000050f       0x34 ./Middlewares/uCOSII/Source/os_task.o
 .ARM.attributes
                0x00000543       0x34 ./Middlewares/uCOSII/Source/os_time.o
 .ARM.attributes
                0x00000577       0x34 ./Middlewares/uCOSII/Source/os_tmr.o
 .ARM.attributes
                0x000005ab       0x34 C:/ST/STM32CubeIDE_1.16.0/STM32CubeIDE/plugins/com.st.stm32cube.ide.mcu.externaltools.gnu-tools-for-stm32.12.3.rel1.win32_1.0.200.202406191623/tools/bin/../lib/gcc/arm-none-eabi/12.3.1/../../../../arm-none-eabi/lib/thumb/v7e-m+fp/hard\libc_nano.a(libc_a-findfp.o)
 .ARM.attributes
                0x000005df       0x34 C:/ST/STM32CubeIDE_1.16.0/STM32CubeIDE/plugins/com.st.stm32cube.ide.mcu.externaltools.gnu-tools-for-stm32.12.3.rel1.win32_1.0.200.202406191623/tools/bin/../lib/gcc/arm-none-eabi/12.3.1/../../../../arm-none-eabi/lib/thumb/v7e-m+fp/hard\libc_nano.a(libc_a-fwalk.o)
 .ARM.attributes
                0x00000613       0x34 C:/ST/STM32CubeIDE_1.16.0/STM32CubeIDE/plugins/com.st.stm32cube.ide.mcu.externaltools.gnu-tools-for-stm32.12.3.rel1.win32_1.0.200.202406191623/tools/bin/../lib/gcc/arm-none-eabi/12.3.1/../../../../arm-none-eabi/lib/thumb/v7e-m+fp/hard\libc_nano.a(libc_a-printf.o)
 .ARM.attributes
                0x00000647       0x34 C:/ST/STM32CubeIDE_1.16.0/STM32CubeIDE/plugins/com.st.stm32cube.ide.mcu.externaltools.gnu-tools-for-stm32.12.3.rel1.win32_1.0.200.202406191623/tools/bin/../lib/gcc/arm-none-eabi/12.3.1/../../../../arm-none-eabi/lib/thumb/v7e-m+fp/hard\libc_nano.a(libc_a-setvbuf.o)
 .ARM.attributes
                0x0000067b       0x34 C:/ST/STM32CubeIDE_1.16.0/STM32CubeIDE/plugins/com.st.stm32cube.ide.mcu.externaltools.gnu-tools-for-stm32.12.3.rel1.win32_1.0.200.202406191623/tools/bin/../lib/gcc/arm-none-eabi/12.3.1/../../../../arm-none-eabi/lib/thumb/v7e-m+fp/hard\libc_nano.a(libc_a-stdio.o)
 .ARM.attributes
                0x000006af       0x34 C:/ST/STM32CubeIDE_1.16.0/STM32CubeIDE/plugins/com.st.stm32cube.ide.mcu.externaltools.gnu-tools-for-stm32.12.3.rel1.win32_1.0.200.202406191623/tools/bin/../lib/gcc/arm-none-eabi/12.3.1/../../../../arm-none-eabi/lib/thumb/v7e-m+fp/hard\libc_nano.a(libc_a-memset.o)
 .ARM.attributes
                0x000006e3       0x34 C:/ST/STM32CubeIDE_1.16.0/STM32CubeIDE/plugins/com.st.stm32cube.ide.mcu.externaltools.gnu-tools-for-stm32.12.3.rel1.win32_1.0.200.202406191623/tools/bin/../lib/gcc/arm-none-eabi/12.3.1/../../../../arm-none-eabi/lib/thumb/v7e-m+fp/hard\libc_nano.a(libc_a-closer.o)
 .ARM.attributes
                0x00000717       0x34 C:/ST/STM32CubeIDE_1.16.0/STM32CubeIDE/plugins/com.st.stm32cube.ide.mcu.externaltools.gnu-tools-for-stm32.12.3.rel1.win32_1.0.200.202406191623/tools/bin/../lib/gcc/arm-none-eabi/12.3.1/../../../../arm-none-eabi/lib/thumb/v7e-m+fp/hard\libc_nano.a(libc_a-reent.o)
 .ARM.attributes
                0x0000074b       0x34 C:/ST/STM32CubeIDE_1.16.0/STM32CubeIDE/plugins/com.st.stm32cube.ide.mcu.externaltools.gnu-tools-for-stm32.12.3.rel1.win32_1.0.200.202406191623/tools/bin/../lib/gcc/arm-none-eabi/12.3.1/../../../../arm-none-eabi/lib/thumb/v7e-m+fp/hard\libc_nano.a(libc_a-impure.o)
 .ARM.attributes
                0x0000077f       0x34 C:/ST/STM32CubeIDE_1.16.0/STM32CubeIDE/plugins/com.st.stm32cube.ide.mcu.externaltools.gnu-tools-for-stm32.12.3.rel1.win32_1.0.200.202406191623/tools/bin/../lib/gcc/arm-none-eabi/12.3.1/../../../../arm-none-eabi/lib/thumb/v7e-m+fp/hard\libc_nano.a(libc_a-lseekr.o)
 .ARM.attributes
                0x000007b3       0x34 C:/ST/STM32CubeIDE_1.16.0/STM32CubeIDE/plugins/com.st.stm32cube.ide.mcu.externaltools.gnu-tools-for-stm32.12.3.rel1.win32_1.0.200.202406191623/tools/bin/../lib/gcc/arm-none-eabi/12.3.1/../../../../arm-none-eabi/lib/thumb/v7e-m+fp/hard\libc_nano.a(libc_a-readr.o)
 .ARM.attributes
                0x000007e7       0x34 C:/ST/STM32CubeIDE_1.16.0/STM32CubeIDE/plugins/com.st.stm32cube.ide.mcu.externaltools.gnu-tools-for-stm32.12.3.rel1.win32_1.0.200.202406191623/tools/bin/../lib/gcc/arm-none-eabi/12.3.1/../../../../arm-none-eabi/lib/thumb/v7e-m+fp/hard\libc_nano.a(libc_a-writer.o)
 .ARM.attributes
                0x0000081b       0x34 C:/ST/STM32CubeIDE_1.16.0/STM32CubeIDE/plugins/com.st.stm32cube.ide.mcu.externaltools.gnu-tools-for-stm32.12.3.rel1.win32_1.0.200.202406191623/tools/bin/../lib/gcc/arm-none-eabi/12.3.1/../../../../arm-none-eabi/lib/thumb/v7e-m+fp/hard\libc_nano.a(libc_a-errno.o)
 .ARM.attributes
                0x0000084f       0x34 C:/ST/STM32CubeIDE_1.16.0/STM32CubeIDE/plugins/com.st.stm32cube.ide.mcu.externaltools.gnu-tools-for-stm32.12.3.rel1.win32_1.0.200.202406191623/tools/bin/../lib/gcc/arm-none-eabi/12.3.1/../../../../arm-none-eabi/lib/thumb/v7e-m+fp/hard\libc_nano.a(libc_a-init.o)
 .ARM.attributes
                0x00000883       0x34 C:/ST/STM32CubeIDE_1.16.0/STM32CubeIDE/plugins/com.st.stm32cube.ide.mcu.externaltools.gnu-tools-for-stm32.12.3.rel1.win32_1.0.200.202406191623/tools/bin/../lib/gcc/arm-none-eabi/12.3.1/../../../../arm-none-eabi/lib/thumb/v7e-m+fp/hard\libc_nano.a(libc_a-lock.o)
 .ARM.attributes
                0x000008b7       0x34 C:/ST/STM32CubeIDE_1.16.0/STM32CubeIDE/plugins/com.st.stm32cube.ide.mcu.externaltools.gnu-tools-for-stm32.12.3.rel1.win32_1.0.200.202406191623/tools/bin/../lib/gcc/arm-none-eabi/12.3.1/../../../../arm-none-eabi/lib/thumb/v7e-m+fp/hard\libc_nano.a(libc_a-freer.o)
 .ARM.attributes
                0x000008eb       0x34 C:/ST/STM32CubeIDE_1.16.0/STM32CubeIDE/plugins/com.st.stm32cube.ide.mcu.externaltools.gnu-tools-for-stm32.12.3.rel1.win32_1.0.200.202406191623/tools/bin/../lib/gcc/arm-none-eabi/12.3.1/../../../../arm-none-eabi/lib/thumb/v7e-m+fp/hard\libc_nano.a(libc_a-malloc.o)
 .ARM.attributes
                0x0000091f       0x34 C:/ST/STM32CubeIDE_1.16.0/STM32CubeIDE/plugins/com.st.stm32cube.ide.mcu.externaltools.gnu-tools-for-stm32.12.3.rel1.win32_1.0.200.202406191623/tools/bin/../lib/gcc/arm-none-eabi/12.3.1/../../../../arm-none-eabi/lib/thumb/v7e-m+fp/hard\libc_nano.a(libc_a-mallocr.o)
 .ARM.attributes
                0x00000953       0x34 C:/ST/STM32CubeIDE_1.16.0/STM32CubeIDE/plugins/com.st.stm32cube.ide.mcu.externaltools.gnu-tools-for-stm32.12.3.rel1.win32_1.0.200.202406191623/tools/bin/../lib/gcc/arm-none-eabi/12.3.1/../../../../arm-none-eabi/lib/thumb/v7e-m+fp/hard\libc_nano.a(libc_a-mlock.o)
 .ARM.attributes
                0x00000987       0x34 C:/ST/STM32CubeIDE_1.16.0/STM32CubeIDE/plugins/com.st.stm32cube.ide.mcu.externaltools.gnu-tools-for-stm32.12.3.rel1.win32_1.0.200.202406191623/tools/bin/../lib/gcc/arm-none-eabi/12.3.1/../../../../arm-none-eabi/lib/thumb/v7e-m+fp/hard\libc_nano.a(libc_a-nano-vfprintf.o)
 .ARM.attributes
                0x000009bb       0x34 C:/ST/STM32CubeIDE_1.16.0/STM32CubeIDE/plugins/com.st.stm32cube.ide.mcu.externaltools.gnu-tools-for-stm32.12.3.rel1.win32_1.0.200.202406191623/tools/bin/../lib/gcc/arm-none-eabi/12.3.1/../../../../arm-none-eabi/lib/thumb/v7e-m+fp/hard\libc_nano.a(libc_a-nano-vfprintf_i.o)
 .ARM.attributes
                0x000009ef       0x34 C:/ST/STM32CubeIDE_1.16.0/STM32CubeIDE/plugins/com.st.stm32cube.ide.mcu.externaltools.gnu-tools-for-stm32.12.3.rel1.win32_1.0.200.202406191623/tools/bin/../lib/gcc/arm-none-eabi/12.3.1/../../../../arm-none-eabi/lib/thumb/v7e-m+fp/hard\libc_nano.a(libc_a-fflush.o)
 .ARM.attributes
                0x00000a23       0x34 C:/ST/STM32CubeIDE_1.16.0/STM32CubeIDE/plugins/com.st.stm32cube.ide.mcu.externaltools.gnu-tools-for-stm32.12.3.rel1.win32_1.0.200.202406191623/tools/bin/../lib/gcc/arm-none-eabi/12.3.1/../../../../arm-none-eabi/lib/thumb/v7e-m+fp/hard\libc_nano.a(libc_a-makebuf.o)
 .ARM.attributes
                0x00000a57       0x34 C:/ST/STM32CubeIDE_1.16.0/STM32CubeIDE/plugins/com.st.stm32cube.ide.mcu.externaltools.gnu-tools-for-stm32.12.3.rel1.win32_1.0.200.202406191623/tools/bin/../lib/gcc/arm-none-eabi/12.3.1/../../../../arm-none-eabi/lib/thumb/v7e-m+fp/hard\libc_nano.a(libc_a-wbuf.o)
 .ARM.attributes
                0x00000a8b       0x34 C:/ST/STM32CubeIDE_1.16.0/STM32CubeIDE/plugins/com.st.stm32cube.ide.mcu.externaltools.gnu-tools-for-stm32.12.3.rel1.win32_1.0.200.202406191623/tools/bin/../lib/gcc/arm-none-eabi/12.3.1/../../../../arm-none-eabi/lib/thumb/v7e-m+fp/hard\libc_nano.a(libc_a-wsetup.o)
 .ARM.attributes
                0x00000abf       0x34 C:/ST/STM32CubeIDE_1.16.0/STM32CubeIDE/plugins/com.st.stm32cube.ide.mcu.externaltools.gnu-tools-for-stm32.12.3.rel1.win32_1.0.200.202406191623/tools/bin/../lib/gcc/arm-none-eabi/12.3.1/../../../../arm-none-eabi/lib/thumb/v7e-m+fp/hard\libc_nano.a(libc_a-fstatr.o)
 .ARM.attributes
                0x00000af3       0x34 C:/ST/STM32CubeIDE_1.16.0/STM32CubeIDE/plugins/com.st.stm32cube.ide.mcu.externaltools.gnu-tools-for-stm32.12.3.rel1.win32_1.0.200.202406191623/tools/bin/../lib/gcc/arm-none-eabi/12.3.1/../../../../arm-none-eabi/lib/thumb/v7e-m+fp/hard\libc_nano.a(libc_a-isattyr.o)