../Core/Src/main.c:109:5:main	40	static
../Core/Src/main.c:193:6:TaskTransmit	32	static
../Core/Src/main.c:233:6:TaskReceive	96	static
../Core/Src/main.c:456:6:TaskButton	48	static
../Core/Src/main.c:516:10:LEDBlink	32	static
../Core/Src/main.c:507:6:TaskLED	48	static
../Core/Src/main.c:594:6:TaskADC	56	static
../Core/Src/main.c:677:6:HAL_GPIO_EXTI_Callback	24	static
../Core/Src/main.c:683:6:SystemClock_Config	96	static
../Core/Src/main.c:733:13:MX_ADC3_Init	32	static
../Core/Src/main.c:772:13:MX_USART2_UART_Init	8	static
../Core/Src/main.c:793:13:MX_GPIO_Init	48	static
../Core/Src/main.c:830:6:Error_Handler	4	static,ignoring_inline_asm
