../Core/Src/main.c:109:5:main	40	static
../Core/Src/main.c:193:6:TaskTransmit	32	static
../Core/Src/main.c:233:6:TaskReceive	96	static
../Core/Src/main.c:469:6:TaskButton	48	static
../Core/Src/main.c:529:10:LEDBlink	32	static
../Core/Src/main.c:520:6:TaskLED	48	static
../Core/Src/main.c:607:6:TaskADC	56	static
../Core/Src/main.c:690:6:HAL_GPIO_EXTI_Callback	24	static
../Core/Src/main.c:696:6:SystemClock_Config	96	static
../Core/Src/main.c:746:13:MX_ADC3_Init	32	static
../Core/Src/main.c:785:13:MX_USART2_UART_Init	8	static
../Core/Src/main.c:806:13:MX_GPIO_Init	48	static
../Core/Src/main.c:843:6:Error_Handler	4	static,ignoring_inline_asm
