../Core/Src/main.c:54:5:main	8	static
../Core/Src/main.c:77:6:threadsDumpThread	48	static
../Core/Src/main.c:154:6:blinkThread	16	static
../Core/Src/main.c:165:6:SystemClock_Config	96	static
../Core/Src/main.c:215:13:MX_USART2_UART_Init	8	static
../Core/Src/main.c:250:13:MX_GPIO_Init	48	static
../Core/Src/main.c:284:6:vApplicationStackOverflowHook	16	static,ignoring_inline_asm
../Core/Src/main.c:300:6:HAL_TIM_PeriodElapsedCallback	16	static
../Core/Src/main.c:317:6:Error_Handler	4	static,ignoring_inline_asm
