../Middlewares/uCOSII/Source/os_core.c:118:8:OSEventNameGet	32	static
../Middlewares/uCOSII/Source/os_core.c:198:7:OSEventNameSet	32	static
../Middlewares/uCOSII/Source/os_core.c:321:9:OSEventPendMulti	48	static
../Middlewares/uCOSII/Source/os_core.c:583:7:OSInit	8	static
../Middlewares/uCOSII/Source/os_core.c:664:7:OSIntEnter	4	static
../Middlewares/uCOSII/Source/os_core.c:694:7:OSIntExit	16	static
../Middlewares/uCOSII/Source/os_core.c:783:7:OSSchedLock	16	static
../Middlewares/uCOSII/Source/os_core.c:820:7:OSSchedUnlock	16	static
../Middlewares/uCOSII/Source/os_core.c:870:7:OSStart	8	static
../Middlewares/uCOSII/Source/os_core.c:903:7:OSStatInit	16	static
../Middlewares/uCOSII/Source/os_core.c:938:7:OSTimeTick	24	static
../Middlewares/uCOSII/Source/os_core.c:1026:9:OSVersion	4	static
../Middlewares/uCOSII/Source/os_core.c:1045:7:OS_Dummy	4	static
../Middlewares/uCOSII/Source/os_core.c:1079:8:OS_EventTaskRdy	32	static
../Middlewares/uCOSII/Source/os_core.c:1157:7:OS_EventTaskWait	24	static
../Middlewares/uCOSII/Source/os_core.c:1193:7:OS_EventTaskWaitMulti	32	static
../Middlewares/uCOSII/Source/os_core.c:1238:7:OS_EventTaskRemove	24	static
../Middlewares/uCOSII/Source/os_core.c:1270:7:OS_EventTaskRemoveMulti	32	static
../Middlewares/uCOSII/Source/os_core.c:1311:7:OS_EventWaitListInit	24	static
../Middlewares/uCOSII/Source/os_core.c:1337:15:OS_InitEventList	24	static
../Middlewares/uCOSII/Source/os_core.c:1390:15:OS_InitMisc	4	static
../Middlewares/uCOSII/Source/os_core.c:1435:15:OS_InitRdyList	16	static
../Middlewares/uCOSII/Source/os_core.c:1466:15:OS_InitTaskIdle	40	static
../Middlewares/uCOSII/Source/os_core.c:1529:15:OS_InitTaskStat	40	static
../Middlewares/uCOSII/Source/os_core.c:1592:15:OS_InitTCBList	24	static
../Middlewares/uCOSII/Source/os_core.c:1641:7:OS_MemClr	16	static
../Middlewares/uCOSII/Source/os_core.c:1675:7:OS_MemCopy	24	static
../Middlewares/uCOSII/Source/os_core.c:1703:7:OS_Sched	16	static
../Middlewares/uCOSII/Source/os_core.c:1752:15:OS_SchedNew	16	static
../Middlewares/uCOSII/Source/os_core.c:1797:8:OS_StrLen	24	static
../Middlewares/uCOSII/Source/os_core.c:1839:7:OS_TaskIdle	24	static
../Middlewares/uCOSII/Source/os_core.c:1880:7:OS_TaskStat	24	static
../Middlewares/uCOSII/Source/os_core.c:1950:7:OS_TaskStatStkChk	24	static
../Middlewares/uCOSII/Source/os_core.c:2023:8:OS_TCBInit	40	static
