Archive member included to satisfy reference by file (symbol)

C:/ST/STM32CubeIDE_1.16.0/STM32CubeIDE/plugins/com.st.stm32cube.ide.mcu.externaltools.gnu-tools-for-stm32.12.3.rel1.win32_1.0.200.202406191623/tools/bin/../lib/gcc/arm-none-eabi/12.3.1/../../../../arm-none-eabi/lib/thumb/v7e-m+fp/hard\libc_nano.a(libc_a-exit.o)
                              C:/ST/STM32CubeIDE_1.16.0/STM32CubeIDE/plugins/com.st.stm32cube.ide.mcu.externaltools.gnu-tools-for-stm32.12.3.rel1.win32_1.0.200.202406191623/tools/bin/../lib/gcc/arm-none-eabi/12.3.1/../../../../arm-none-eabi/lib/thumb/v7e-m+fp/hard/crt0.o (exit)
C:/ST/STM32CubeIDE_1.16.0/STM32CubeIDE/plugins/com.st.stm32cube.ide.mcu.externaltools.gnu-tools-for-stm32.12.3.rel1.win32_1.0.200.202406191623/tools/bin/../lib/gcc/arm-none-eabi/12.3.1/../../../../arm-none-eabi/lib/thumb/v7e-m+fp/hard\libc_nano.a(libc_a-findfp.o)
                              C:/ST/STM32CubeIDE_1.16.0/STM32CubeIDE/plugins/com.st.stm32cube.ide.mcu.externaltools.gnu-tools-for-stm32.12.3.rel1.win32_1.0.200.202406191623/tools/bin/../lib/gcc/arm-none-eabi/12.3.1/../../../../arm-none-eabi/lib/thumb/v7e-m+fp/hard\libc_nano.a(libc_a-exit.o) (__stdio_exit_handler)
C:/ST/STM32CubeIDE_1.16.0/STM32CubeIDE/plugins/com.st.stm32cube.ide.mcu.externaltools.gnu-tools-for-stm32.12.3.rel1.win32_1.0.200.202406191623/tools/bin/../lib/gcc/arm-none-eabi/12.3.1/../../../../arm-none-eabi/lib/thumb/v7e-m+fp/hard\libc_nano.a(libc_a-fwalk.o)
                              C:/ST/STM32CubeIDE_1.16.0/STM32CubeIDE/plugins/com.st.stm32cube.ide.mcu.externaltools.gnu-tools-for-stm32.12.3.rel1.win32_1.0.200.202406191623/tools/bin/../lib/gcc/arm-none-eabi/12.3.1/../../../../arm-none-eabi/lib/thumb/v7e-m+fp/hard\libc_nano.a(libc_a-findfp.o) (_fwalk_sglue)
C:/ST/STM32CubeIDE_1.16.0/STM32CubeIDE/plugins/com.st.stm32cube.ide.mcu.externaltools.gnu-tools-for-stm32.12.3.rel1.win32_1.0.200.202406191623/tools/bin/../lib/gcc/arm-none-eabi/12.3.1/../../../../arm-none-eabi/lib/thumb/v7e-m+fp/hard\libc_nano.a(libc_a-stdio.o)
                              C:/ST/STM32CubeIDE_1.16.0/STM32CubeIDE/plugins/com.st.stm32cube.ide.mcu.externaltools.gnu-tools-for-stm32.12.3.rel1.win32_1.0.200.202406191623/tools/bin/../lib/gcc/arm-none-eabi/12.3.1/../../../../arm-none-eabi/lib/thumb/v7e-m+fp/hard\libc_nano.a(libc_a-findfp.o) (__sread)
C:/ST/STM32CubeIDE_1.16.0/STM32CubeIDE/plugins/com.st.stm32cube.ide.mcu.externaltools.gnu-tools-for-stm32.12.3.rel1.win32_1.0.200.202406191623/tools/bin/../lib/gcc/arm-none-eabi/12.3.1/../../../../arm-none-eabi/lib/thumb/v7e-m+fp/hard\libc_nano.a(libc_a-memset.o)
                              C:/ST/STM32CubeIDE_1.16.0/STM32CubeIDE/plugins/com.st.stm32cube.ide.mcu.externaltools.gnu-tools-for-stm32.12.3.rel1.win32_1.0.200.202406191623/tools/bin/../lib/gcc/arm-none-eabi/12.3.1/../../../../arm-none-eabi/lib/thumb/v7e-m+fp/hard/crt0.o (memset)
C:/ST/STM32CubeIDE_1.16.0/STM32CubeIDE/plugins/com.st.stm32cube.ide.mcu.externaltools.gnu-tools-for-stm32.12.3.rel1.win32_1.0.200.202406191623/tools/bin/../lib/gcc/arm-none-eabi/12.3.1/../../../../arm-none-eabi/lib/thumb/v7e-m+fp/hard\libc_nano.a(libc_a-closer.o)
                              C:/ST/STM32CubeIDE_1.16.0/STM32CubeIDE/plugins/com.st.stm32cube.ide.mcu.externaltools.gnu-tools-for-stm32.12.3.rel1.win32_1.0.200.202406191623/tools/bin/../lib/gcc/arm-none-eabi/12.3.1/../../../../arm-none-eabi/lib/thumb/v7e-m+fp/hard\libc_nano.a(libc_a-stdio.o) (_close_r)
C:/ST/STM32CubeIDE_1.16.0/STM32CubeIDE/plugins/com.st.stm32cube.ide.mcu.externaltools.gnu-tools-for-stm32.12.3.rel1.win32_1.0.200.202406191623/tools/bin/../lib/gcc/arm-none-eabi/12.3.1/../../../../arm-none-eabi/lib/thumb/v7e-m+fp/hard\libc_nano.a(libc_a-reent.o)
                              C:/ST/STM32CubeIDE_1.16.0/STM32CubeIDE/plugins/com.st.stm32cube.ide.mcu.externaltools.gnu-tools-for-stm32.12.3.rel1.win32_1.0.200.202406191623/tools/bin/../lib/gcc/arm-none-eabi/12.3.1/../../../../arm-none-eabi/lib/thumb/v7e-m+fp/hard\libc_nano.a(libc_a-closer.o) (errno)
C:/ST/STM32CubeIDE_1.16.0/STM32CubeIDE/plugins/com.st.stm32cube.ide.mcu.externaltools.gnu-tools-for-stm32.12.3.rel1.win32_1.0.200.202406191623/tools/bin/../lib/gcc/arm-none-eabi/12.3.1/../../../../arm-none-eabi/lib/thumb/v7e-m+fp/hard\libc_nano.a(libc_a-impure.o)
                              C:/ST/STM32CubeIDE_1.16.0/STM32CubeIDE/plugins/com.st.stm32cube.ide.mcu.externaltools.gnu-tools-for-stm32.12.3.rel1.win32_1.0.200.202406191623/tools/bin/../lib/gcc/arm-none-eabi/12.3.1/../../../../arm-none-eabi/lib/thumb/v7e-m+fp/hard\libc_nano.a(libc_a-reent.o) (_impure_ptr)
C:/ST/STM32CubeIDE_1.16.0/STM32CubeIDE/plugins/com.st.stm32cube.ide.mcu.externaltools.gnu-tools-for-stm32.12.3.rel1.win32_1.0.200.202406191623/tools/bin/../lib/gcc/arm-none-eabi/12.3.1/../../../../arm-none-eabi/lib/thumb/v7e-m+fp/hard\libc_nano.a(libc_a-lseekr.o)
[...]
Memory Configuration

Name             Origin             Length             Attributes
RAM              0x20000000         0x00018000         xrw
RAM2             0x10000000         0x00008000         xrw
FLASH            0x08000000         0x00100000         xr
*default*        0x00000000         0xffffffff

Linker script and memory map

LOAD C:/ST/STM32CubeIDE_1.16.0/STM32CubeIDE/plugins/com.st.stm32cube.ide.mcu.externaltools.gnu-tools-for-stm32.12.3.rel1.win32_1.0.200.202406191623/tools/bin/../lib/gcc/arm-none-eabi/12.3.1/thumb/v7e-m+fp/hard/crti.o
LOAD C:/ST/STM32CubeIDE_1.16.0/STM32CubeIDE/plugins/com.st.stm32cube.ide.mcu.externaltools.gnu-tools-for-stm32.12.3.rel1.win32_1.0.200.202406191623/tools/bin/../lib/gcc/arm-none-eabi/12.3.1/thumb/v7e-m+fp/hard/crtbegin.o
LOAD C:/ST/STM32CubeIDE_1.16.0/STM32CubeIDE/plugins/com.st.stm32cube.ide.mcu.externaltools.gnu-tools-for-stm32.12.3.rel1.win32_1.0.200.202406191623/tools/bin/../lib/gcc/arm-none-eabi/12.3.1/../../../../arm-none-eabi/lib/thumb/v7e-m+fp/hard/crt0.o
LOAD ./Core/Src/main.o
LOAD ./Core/Src/stm32l4xx_hal_msp.o
LOAD ./Core/Src/stm32l4xx_it.o
LOAD ./Core/Src/syscalls.o
LOAD ./Core/Src/sysmem.o
LOAD ./Core/Src/system_stm32l4xx.o
LOAD ./Core/Startup/startup_stm32l476rgtx.o
LOAD ./Drivers/STM32L4xx_HAL_Driver/Src/stm32l4xx_hal.o
LOAD ./Drivers/STM32L4xx_HAL_Driver/Src/stm32l4xx_hal_cortex.o
LOAD ./Drivers/STM32L4xx_HAL_Driver/Src/stm32l4xx_hal_dma.o
LOAD ./Drivers/STM32L4xx_HAL_Driver/Src/stm32l4xx_hal_dma_ex.o
LOAD ./Drivers/STM32L4xx_HAL_Driver/Src/stm32l4xx_hal_exti.o
LOAD ./Drivers/STM32L4xx_HAL_Driver/Src/stm32l4xx_hal_flash.o
LOAD ./Drivers/STM32L4xx_HAL_Driver/Src/stm32l4xx_hal_flash_ex.o
LOAD ./Drivers/STM32L4xx_HAL_Driver/Src/stm32l4xx_hal_flash_ramfunc.o
LOAD ./Drivers/STM32L4xx_HAL_Driver/Src/stm32l4xx_hal_gpio.o
LOAD ./Drivers/STM32L4xx_HAL_Driver/Src/stm32l4xx_hal_i2c.o
LOAD ./Drivers/STM32L4xx_HAL_Driver/Src/stm32l4xx_hal_i2c_ex.o
LOAD ./Drivers/STM32L4xx_HAL_Driver/Src/stm32l4xx_hal_pwr.o
LOAD ./Drivers/STM32L4xx_HAL_Driver/Src/stm32l4xx_hal_pwr_ex.o
LOAD ./Drivers/STM32L4xx_HAL_Driver/Src/stm32l4xx_hal_rcc.o
LOAD ./Drivers/STM32L4xx_HAL_Driver/Src/stm32l4xx_hal_rcc_ex.o
LOAD ./Drivers/STM32L4xx_HAL_Driver/Src/stm32l4xx_hal_tim.o
LOAD ./Drivers/STM32L4xx_HAL_Driver/Src/stm32l4xx_hal_tim_ex.o
LOAD ./Drivers/STM32L4xx_HAL_Driver/Src/stm32l4xx_hal_uart.o
LOAD ./Drivers/STM32L4xx_HAL_Driver/Src/stm32l4xx_hal_uart_ex.o
LOAD ./Middlewares/uCOSII/Cfg/Template/app_hooks.o
LOAD ./Middlewares/uCOSII/Ports/ARM-Cortex-M/ARMv7-M/GNU/os_cpu_a.o
LOAD ./Middlewares/uCOSII/Ports/ARM-Cortex-M/ARMv7-M/GNU/os_cpu_c.o
LOAD ./Middlewares/uCOSII/Ports/ARM-Cortex-M/ARMv7-M/GNU/os_dbg.o
LOAD ./Middlewares/uCOSII/Source/os_core.o
LOAD ./Middlewares/uCOSII/Source/os_flag.o
LOAD ./Middlewares/uCOSII/Source/os_mbox.o
LOAD ./Middlewares/uCOSII/Source/os_mem.o
LOAD ./Middlewares/uCOSII/Source/os_mutex.o
LOAD ./Middlewares/uCOSII/Source/os_q.o
LOAD ./Middlewares/uCOSII/Source/os_sem.o
LOAD ./Middlewares/uCOSII/Source/os_task.o
LOAD ./Middlewares/uCOSII/Source/os_time.o
LOAD ./Middlewares/uCOSII/Source/os_tmr.o
LOAD ./Middlewares/uCOSII/Source/ucos_ii.o
START GROUP
LOAD C:/ST/STM32CubeIDE_1.16.0/STM32CubeIDE/plugins/com.st.stm32cube.ide.mcu.externaltools.gnu-tools-for-stm32.12.3.rel1.win32_1.0.200.202406191623/tools/bin/../lib/gcc/arm-none-eabi/12.3.1/../../../../arm-none-eabi/lib/thumb/v7e-m+fp/hard\libc_nano.a
LOAD C:/ST/STM32CubeIDE_1.16.0/STM32CubeIDE/plugins/com.st.stm32cube.ide.mcu.externaltools.gnu-tools-for-stm32.12.3.rel1.win32_1.0.200.202406191623/tools/bin/../lib/gcc/arm-none-eabi/12.3.1/../../../../arm-none-eabi/lib/thumb/v7e-m+fp/hard\libm.a
END GROUP
START GROUP
LOAD C:/ST/STM32CubeIDE_1.16.0/STM32CubeIDE/plugins/com.st.stm32cube.ide.mcu.externaltools.gnu-tools-for-stm32.12.3.rel1.win32_1.0.200.202406191623/tools/bin/../lib/gcc/arm-none-eabi/12.3.1/thumb/v7e-m+fp/hard\libgcc.a
LOAD C:/ST/STM32CubeIDE_1.16.0/STM32CubeIDE/plugins/com.st.stm32cube.ide.mcu.externaltools.gnu-tools-for-stm32.12.3.rel1.win32_1.0.200.202406191623/tools/bin/../lib/gcc/arm-none-eabi/12.3.1/../../../../arm-none-eabi/lib/thumb/v7e-m+fp/hard\libc_nano.a
END GROUP
START GROUP
LOAD C:/ST/STM32CubeIDE_1.16.0/STM32CubeIDE/plugins/com.st.stm32cube.ide.mcu.externaltools.gnu-tools-for-stm32.12.3.rel1.win32_1.0.200.202406191623/tools/bin/../lib/gcc/arm-none-eabi/12.3.1/thumb/v7e-m+fp/hard\libgcc.a
LOAD C:/ST/STM32CubeIDE_1.16.0/STM32CubeIDE/plugins/com.st.stm32cube.ide.mcu.externaltools.gnu-tools-for-stm32.12.3.rel1.win32_1.0.200.202406191623/tools/bin/../lib/gcc/arm-none-eabi/12.3.1/../../../../arm-none-eabi/lib/thumb/v7e-m+fp/hard\libc_nano.a
LOAD C:/ST/STM32CubeIDE_1.16.0/STM32CubeIDE/plugins/com.st.stm32cube.ide.mcu.externaltools.gnu-tools-for-stm32.12.3.rel1.win32_1.0.200.202406191623/tools/bin/../lib/gcc/arm-none-eabi/12.3.1/../../../../arm-none-eabi/lib/thumb/v7e-m+fp/hard\libnosys.a
END GROUP
START GROUP
LOAD C:/ST/STM32CubeIDE_1.16.0/STM32CubeIDE/plugins/com.st.stm32cube.ide.mcu.externaltools.gnu-tools-for-stm32.12.3.rel1.win32_1.0.200.202406191623/tools/bin/../lib/gcc/arm-none-eabi/12.3.1/thumb/v7e-m+fp/hard\libgcc.a
LOAD C:/ST/STM32CubeIDE_1.16.0/STM32CubeIDE/plugins/com.st.stm32cube.ide.mcu.externaltools.gnu-tools-for-stm32.12.3.rel1.win32_1.0.200.202406191623/tools/bin/../lib/gcc/arm-none-eabi/12.3.1/../../../../arm-none-eabi/lib/thumb/v7e-m+fp/hard\libc_nano.a
LOAD C:/ST/STM32CubeIDE_1.16.0/STM32CubeIDE/plugins/com.st.stm32cube.ide.mcu.externaltools.gnu-tools-for-stm32.12.3.rel1.win32_1.0.200.202406191623/tools/bin/../lib/gcc/arm-none-eabi/12.3.1/../../../../arm-none-eabi/lib/thumb/v7e-m+fp/hard\libnosys.a
END GROUP
LOAD C:/ST/STM32CubeIDE_1.16.0/STM32CubeIDE/plugins/com.st.stm32cube.ide.mcu.externaltools.gnu-tools-for-stm32.12.3.rel1.win32_1.0.200.202406191623/tools/bin/../lib/gcc/arm-none-eabi/12.3.1/thumb/v7e-m+fp/hard/crtend.o
LOAD C:/ST/STM32CubeIDE_1.16.0/STM32CubeIDE/plugins/com.st.stm32cube.ide.mcu.externaltools.gnu-tools-for-stm32.12.3.rel1.win32_1.0.200.202406191623/tools/bin/../lib/gcc/arm-none-eabi/12.3.1/thumb/v7e-m+fp/hard/crtn.o
                0x20018000                        _estack = (ORIGIN (RAM) + LENGTH (RAM))
                0x00000200                        _Min_Heap_Size = 0x200
                0x00000400                        _Min_Stack_Size = 0x400

.isr_vector     0x08000000      0x188
                0x08000000                        . = ALIGN (0x4)
 *(.isr_vector)
 .isr_vector    0x08000000      0x188 ./Core/Startup/startup_stm32l476rgtx.o
                0x08000000                g_pfnVectors
                0x08000188                        . = ALIGN (0x4)

.text           0x08000188     0x5540
                0x08000188                        . = ALIGN (0x4)
 *(.text)
 .text          0x08000188       0x40 C:/ST/STM32CubeIDE_1.16.0/STM32CubeIDE/plugins/com.st.stm32cube.ide.mcu.externaltools.gnu-tools-for-stm32.12.3.rel1.win32_1.0.200.202406191623/tools/bin/../lib/gcc/arm-none-eabi/12.3.1/thumb/v7e-m+fp/hard/crtbegin.o
 .text          0x080001c8      0x160 ./Middlewares/uCOSII/Ports/ARM-Cortex-M/ARMv7-M/GNU/os_cpu_a.o
                0x080001c8                OS_CPU_FP_Reg_Push
                0x080001da                OS_CPU_FP_Reg_Pop
                0x080001e6                OS_CPU_SR_Save
                0x08000202                OS_CPU_SR_Restore
                0x08000214                OSStartHighRdy
                0x08000294                OSIntCtxSw
                0x08000294                OSCtxSw
                0x0800029e                OS_CPU_PendSVHandler
 .text          0x08000328       0x30 C:/ST/STM32CubeIDE_1.16.0/STM32CubeIDE/plugins/com.st.stm32cube.ide.mcu.externaltools.gnu-tools-for-stm32.12.3.rel1.win32_1.0.200.202406191623/tools/bin/../lib/gcc/arm-none-eabi/12.3.1/thumb/v7e-m+fp/hard\libgcc.a(_aeabi_uldivmod.o)
                0x08000328                __aeabi_uldivmod
 .text          0x08000358      0x2bc C:/ST/STM32CubeIDE_1.16.0/STM32CubeIDE/plugins/com.st.stm32cube.ide.mcu.externaltools.gnu-tools-for-stm32.12.3.rel1.win32_1.0.200.202406191623/tools/bin/../lib/gcc/arm-none-eabi/12.3.1/thumb/v7e-m+fp/hard\libgcc.a(_udivmoddi4.o)
                0x08000358                __udivmoddi4
 .text          0x08000614        0x4 C:/ST/STM32CubeIDE_1.16.0/STM32CubeIDE/plugins/com.st.stm32cube.ide.mcu.externaltools.gnu-tools-for-stm32.12.3.rel1.win32_1.0.200.202406191623/tools/bin/../lib/gcc/arm-none-eabi/12.3.1/thumb/v7e-m+fp/hard\libgcc.a(_dvmd_tls.o)
                0x08000614                __aeabi_idiv0
                0x08000614                __aeabi_ldiv0
 *(.text*)
 .text.main     0x08000618       0x84 ./Core/Src/main.o
                0x08000618                main
 .text.task1    0x0800069c       0x30 ./Core/Src/main.o
                0x0800069c                task1
 .text.task2    0x080006cc       0x22 ./Core/Src/main.o
                0x080006cc                task2
 .text.SystemClock_Config
                0x080006ee       0xa2 ./Core/Src/main.o
                0x080006ee                SystemClock_Config
 .text.MX_USART2_UART_Init
                0x08000790       0x60 ./Core/Src/main.o
 .text.MX_GPIO_Init
                0x080007f0       0xcc ./Core/Src/main.o
 .text.Error_Handler
                0x080008bc        0xc ./Core/Src/main.o
                0x080008bc                Error_Handler
 .text.HAL_MspInit
                0x080008c8       0x48 ./Core/Src/stm32l4xx_hal_msp.o
                0x080008c8                HAL_MspInit
 .text.HAL_UART_MspInit
                0x08000910       0xb8 ./Core/Src/stm32l4xx_hal_msp.o
                0x08000910                HAL_UART_MspInit
 .text.NMI_Handler
                0x080009c8        0x8 ./Core/Src/stm32l4xx_it.o
                0x080009c8                NMI_Handler
 .text.HardFault_Handler
                0x080009d0        0x8 ./Core/Src/stm32l4xx_it.o
                0x080009d0                HardFault_Handler
 .text.MemManage_Handler
                0x080009d8        0x8 ./Core/Src/stm32l4xx_it.o
                0x080009d8                MemManage_Handler
 .text.BusFault_Handler
                0x080009e0        0x8 ./Core/Src/stm32l4xx_it.o
                0x080009e0                BusFault_Handler
 .text.UsageFault_Handler
                0x080009e8        0x8 ./Core/Src/stm32l4xx_it.o
                0x080009e8                UsageFault_Handler
 .text.SVC_Handler
                0x080009f0        0xe ./Core/Src/stm32l4xx_it.o
                0x080009f0                SVC_Handler
 .text.DebugMon_Handler
                0x080009fe        0xe ./Core/Src/stm32l4xx_it.o
                0x080009fe                DebugMon_Handler
 .text.SystemInit
                0x08000a0c       0x24 ./Core/Src/system_stm32l4xx.o
                0x08000a0c                SystemInit
 .text.Reset_Handler
                0x08000a30       0x50 ./Core/Startup/startup_stm32l476rgtx.o
                0x08000a30                Reset_Handler
 .text.Default_Handler
                0x08000a80        0x2 ./Core/Startup/startup_stm32l476rgtx.o
                0x08000a80                RTC_Alarm_IRQHandler
                0x08000a80                EXTI2_IRQHandler
                0x08000a80                TIM8_TRG_COM_IRQHandler
                0x08000a80                TIM8_CC_IRQHandler
                0x08000a80                TIM1_CC_IRQHandler
                0x08000a80                TSC_IRQHandler
                0x08000a80                TAMP_STAMP_IRQHandler
                0x08000a80                EXTI3_IRQHandler
                0x08000a80                LPTIM2_IRQHandler
                0x08000a80                DFSDM1_FLT1_IRQHandler
                0x08000a80                I2C3_ER_IRQHandler
                0x08000a80                DFSDM1_FLT2_IRQHandler
                0x08000a80                EXTI0_IRQHandler
                0x08000a80                I2C2_EV_IRQHandler
                0x08000a80                CAN1_RX0_IRQHandler
                0x08000a80                FPU_IRQHandler
                0x08000a80                TIM1_UP_TIM16_IRQHandler
                0x08000a80                ADC1_2_IRQHandler
                0x08000a80                SPI1_IRQHandler
                0x08000a80                TIM6_DAC_IRQHandler
                0x08000a80                TIM8_UP_IRQHandler
                0x08000a80                DMA2_Channel2_IRQHandler
                0x08000a80                DMA1_Channel4_IRQHandler
                0x08000a80                SAI2_IRQHandler
                0x08000a80                DFSDM1_FLT3_IRQHandler
                0x08000a80                USART3_IRQHandler
                0x08000a80                DMA1_Channel7_IRQHandler
                0x08000a80                CAN1_RX1_IRQHandler
                0x08000a80                LCD_IRQHandler
                0x08000a80                UART5_IRQHandler
                0x08000a80                ADC3_IRQHandler
                0x08000a80                TIM4_IRQHandler
                0x08000a80                DMA2_Channel1_IRQHandler
                0x08000a80                QUADSPI_IRQHandler
                0x08000a80                I2C1_EV_IRQHandler
                0x08000a80                DMA1_Channel6_IRQHandler
                0x08000a80                UART4_IRQHandler
                0x08000a80                DMA2_Channel4_IRQHandler
                0x08000a80                TIM3_IRQHandler
                0x08000a80                RCC_IRQHandler
                0x08000a80                DMA1_Channel1_IRQHandler
                0x08000a80                Default_Handler
                0x08000a80                DMA2_Channel7_IRQHandler
                0x08000a80                EXTI15_10_IRQHandler
                0x08000a80                TIM7_IRQHandler
                0x08000a80                SDMMC1_IRQHandler
                0x08000a80                TIM5_IRQHandler
                0x08000a80                I2C3_EV_IRQHandler
                0x08000a80                EXTI9_5_IRQHandler
                0x08000a80                RTC_WKUP_IRQHandler
                0x08000a80                PVD_PVM_IRQHandler
                0x08000a80                SPI2_IRQHandler
                0x08000a80                CAN1_TX_IRQHandler
                0x08000a80                DMA2_Channel5_IRQHandler
                0x08000a80                DMA1_Channel5_IRQHandler
                0x08000a80                EXTI4_IRQHandler
                0x08000a80                RNG_IRQHandler
                0x08000a80                TIM1_TRG_COM_TIM17_IRQHandler
                0x08000a80                DMA1_Channel3_IRQHandler
                0x08000a80                COMP_IRQHandler
                0x08000a80                WWDG_IRQHandler
                0x08000a80                LPUART1_IRQHandler
                0x08000a80                DMA2_Channel6_IRQHandler
                0x08000a80                TIM2_IRQHandler
                0x08000a80                EXTI1_IRQHandler
                0x08000a80                USART2_IRQHandler
                0x08000a80                DFSDM1_FLT0_IRQHandler
                0x08000a80                I2C2_ER_IRQHandler
                0x08000a80                DMA1_Channel2_IRQHandler
                0x08000a80                TIM8_BRK_IRQHandler
                0x08000a80                CAN1_SCE_IRQHandler
                0x08000a80                FLASH_IRQHandler
                0x08000a80                USART1_IRQHandler
                0x08000a80                OTG_FS_IRQHandler
                0x08000a80                SPI3_IRQHandler
                0x08000a80                I2C1_ER_IRQHandler
                0x08000a80                FMC_IRQHandler
                0x08000a80                SWPMI1_IRQHandler
                0x08000a80                LPTIM1_IRQHandler
                0x08000a80                SAI1_IRQHandler
                0x08000a80                DMA2_Channel3_IRQHandler
                0x08000a80                TIM1_BRK_TIM15_IRQHandler
 *fill*         0x08000a82        0x2 
 .text.HAL_Init
                0x08000a84       0x40 ./Drivers/STM32L4xx_HAL_Driver/Src/stm32l4xx_hal.o
                0x08000a84                HAL_Init
 .text.HAL_InitTick
                0x08000ac4       0x78 ./Drivers/STM32L4xx_HAL_Driver/Src/stm32l4xx_hal.o
                0x08000ac4                HAL_InitTick
 .text.HAL_GetTick
                0x08000b3c       0x18 ./Drivers/STM32L4xx_HAL_Driver/Src/stm32l4xx_hal.o
                0x08000b3c                HAL_GetTick
 .text.__NVIC_SetPriorityGrouping
                0x08000b54       0x48 ./Drivers/STM32L4xx_HAL_Driver/Src/stm32l4xx_hal_cortex.o
 .text.__NVIC_GetPriorityGrouping
                0x08000b9c       0x1c ./Drivers/STM32L4xx_HAL_Driver/Src/stm32l4xx_hal_cortex.o
 .text.__NVIC_SetPriority
                0x08000bb8       0x54 ./Drivers/STM32L4xx_HAL_Driver/Src/stm32l4xx_hal_cortex.o
 .text.NVIC_EncodePriority
                0x08000c0c       0x66 ./Drivers/STM32L4xx_HAL_Driver/Src/stm32l4xx_hal_cortex.o
 *fill*         0x08000c72        0x2 
 .text.SysTick_Config
                0x08000c74       0x44 ./Drivers/STM32L4xx_HAL_Driver/Src/stm32l4xx_hal_cortex.o
 .text.HAL_NVIC_SetPriorityGrouping
                0x08000cb8       0x16 ./Drivers/STM32L4xx_HAL_Driver/Src/stm32l4xx_hal_cortex.o
                0x08000cb8                HAL_NVIC_SetPriorityGrouping
 .text.HAL_NVIC_SetPriority
                0x08000cce       0x38 ./Drivers/STM32L4xx_HAL_Driver/Src/stm32l4xx_hal_cortex.o
                0x08000cce                HAL_NVIC_SetPriority
 .text.HAL_SYSTICK_Config
                0x08000d06       0x18 ./Drivers/STM32L4xx_HAL_Driver/Src/stm32l4xx_hal_cortex.o
                0x08000d06                HAL_SYSTICK_Config
 *fill*         0x08000d1e        0x2 
 .text.HAL_GPIO_Init
                0x08000d20      0x354 ./Drivers/STM32L4xx_HAL_Driver/Src/stm32l4xx_hal_gpio.o
                0x08000d20                HAL_GPIO_Init
 .text.HAL_GPIO_WritePin
                0x08001074       0x30 ./Drivers/STM32L4xx_HAL_Driver/Src/stm32l4xx_hal_gpio.o
                0x08001074                HAL_GPIO_WritePin
 .text.HAL_GPIO_TogglePin
                0x080010a4       0x34 ./Drivers/STM32L4xx_HAL_Driver/Src/stm32l4xx_hal_gpio.o
                0x080010a4                HAL_GPIO_TogglePin
 .text.HAL_PWREx_GetVoltageRange
                0x080010d8       0x1c ./Drivers/STM32L4xx_HAL_Driver/Src/stm32l4xx_hal_pwr_ex.o
                0x080010d8                HAL_PWREx_GetVoltageRange
 .text.HAL_PWREx_ControlVoltageScaling
                0x080010f4       0xac ./Drivers/STM32L4xx_HAL_Driver/Src/stm32l4xx_hal_pwr_ex.o
                0x080010f4                HAL_PWREx_ControlVoltageScaling
 .text.HAL_RCC_OscConfig
                0x080011a0      0x7b8 ./Drivers/STM32L4xx_HAL_Driver/Src/stm32l4xx_hal_rcc.o
                0x080011a0                HAL_RCC_OscConfig
 .text.HAL_RCC_ClockConfig
                0x08001958      0x200 ./Drivers/STM32L4xx_HAL_Driver/Src/stm32l4xx_hal_rcc.o
                0x08001958                HAL_RCC_ClockConfig
 .text.HAL_RCC_GetSysClockFreq
                0x08001b58      0x118 ./Drivers/STM32L4xx_HAL_Driver/Src/stm32l4xx_hal_rcc.o
                0x08001b58                HAL_RCC_GetSysClockFreq
 .text.HAL_RCC_GetHCLKFreq
                0x08001c70       0x18 ./Drivers/STM32L4xx_HAL_Driver/Src/stm32l4xx_hal_rcc.o
                0x08001c70                HAL_RCC_GetHCLKFreq
 .text.HAL_RCC_GetPCLK1Freq
                0x08001c88       0x2c ./Drivers/STM32L4xx_HAL_Driver/Src/stm32l4xx_hal_rcc.o
                0x08001c88                HAL_RCC_GetPCLK1Freq
 .text.HAL_RCC_GetPCLK2Freq
                0x08001cb4       0x2c ./Drivers/STM32L4xx_HAL_Driver/Src/stm32l4xx_hal_rcc.o
                0x08001cb4                HAL_RCC_GetPCLK2Freq
 .text.RCC_SetFlashLatencyFromMSIRange
                0x08001ce0       0xc0 ./Drivers/STM32L4xx_HAL_Driver/Src/stm32l4xx_hal_rcc.o
 .text.HAL_RCCEx_PeriphCLKConfig
                0x08001da0      0x5d4 ./Drivers/STM32L4xx_HAL_Driver/Src/stm32l4xx_hal_rcc_ex.o
                0x08001da0                HAL_RCCEx_PeriphCLKConfig
 .text.RCCEx_PLLSAI1_Config
                0x08002374      0x1e8 ./Drivers/STM32L4xx_HAL_Driver/Src/stm32l4xx_hal_rcc_ex.o
 .text.RCCEx_PLLSAI2_Config
                0x0800255c      0x1bc ./Drivers/STM32L4xx_HAL_Driver/Src/stm32l4xx_hal_rcc_ex.o
 .text.HAL_UART_Init
                0x08002718       0x9c ./Drivers/STM32L4xx_HAL_Driver/Src/stm32l4xx_hal_uart.o
                0x08002718                HAL_UART_Init
 .text.HAL_UART_Transmit
                0x080027b4      0x112 ./Drivers/STM32L4xx_HAL_Driver/Src/stm32l4xx_hal_uart.o
                0x080027b4                HAL_UART_Transmit
 *fill*         0x080028c6        0x2 
 .text.UART_SetConfig
                0x080028c8      0x570 ./Drivers/STM32L4xx_HAL_Driver/Src/stm32l4xx_hal_uart.o
                0x080028c8                UART_SetConfig
 .text.UART_AdvFeatureConfig
                0x08002e38      0x144 ./Drivers/STM32L4xx_HAL_Driver/Src/stm32l4xx_hal_uart.o
                0x08002e38                UART_AdvFeatureConfig
 .text.UART_CheckIdleState
                0x08002f7c      0x150 ./Drivers/STM32L4xx_HAL_Driver/Src/stm32l4xx_hal_uart.o
                0x08002f7c                UART_CheckIdleState
 .text.UART_WaitOnFlagUntilTimeout
                0x080030cc       0xda ./Drivers/STM32L4xx_HAL_Driver/Src/stm32l4xx_hal_uart.o
                0x080030cc                UART_WaitOnFlagUntilTimeout
 .text.UART_EndRxTransfer
                0x080031a6       0xc8 ./Drivers/STM32L4xx_HAL_Driver/Src/stm32l4xx_hal_uart.o
 .text.App_TaskCreateHook
                0x0800326e       0x14 ./Middlewares/uCOSII/Cfg/Template/app_hooks.o
                0x0800326e                App_TaskCreateHook
 .text.App_TaskDelHook
                0x08003282       0x14 ./Middlewares/uCOSII/Cfg/Template/app_hooks.o
                0x08003282                App_TaskDelHook
 .text.App_TaskIdleHook
                0x08003296        0xe ./Middlewares/uCOSII/Cfg/Template/app_hooks.o
                0x08003296                App_TaskIdleHook
 .text.App_TaskStatHook
                0x080032a4        0xe ./Middlewares/uCOSII/Cfg/Template/app_hooks.o
                0x080032a4                App_TaskStatHook
 .text.App_TaskReturnHook
                0x080032b2       0x14 ./Middlewares/uCOSII/Cfg/Template/app_hooks.o
                0x080032b2                App_TaskReturnHook
 .text.App_TaskSwHook
                0x080032c6        0xe ./Middlewares/uCOSII/Cfg/Template/app_hooks.o
                0x080032c6                App_TaskSwHook
 .text.App_TCBInitHook
                0x080032d4       0x14 ./Middlewares/uCOSII/Cfg/Template/app_hooks.o
                0x080032d4                App_TCBInitHook
 .text.App_TimeTickHook
                0x080032e8        0xe ./Middlewares/uCOSII/Cfg/Template/app_hooks.o
                0x080032e8                App_TimeTickHook
 *fill*         0x080032f6        0x2 
 .text.OSInitHookBegin
                0x080032f8       0x84 ./Middlewares/uCOSII/Ports/ARM-Cortex-M/ARMv7-M/GNU/os_cpu_c.o
                0x080032f8                OSInitHookBegin
 .text.OSInitHookEnd
                0x0800337c        0xe ./Middlewares/uCOSII/Ports/ARM-Cortex-M/ARMv7-M/GNU/os_cpu_c.o
                0x0800337c                OSInitHookEnd
 .text.OSTaskCreateHook
                0x0800338a       0x16 ./Middlewares/uCOSII/Ports/ARM-Cortex-M/ARMv7-M/GNU/os_cpu_c.o
                0x0800338a                OSTaskCreateHook
 .text.OSTaskDelHook
                0x080033a0       0x16 ./Middlewares/uCOSII/Ports/ARM-Cortex-M/ARMv7-M/GNU/os_cpu_c.o
                0x080033a0                OSTaskDelHook
 .text.OSTaskIdleHook
                0x080033b6        0xc ./Middlewares/uCOSII/Ports/ARM-Cortex-M/ARMv7-M/GNU/os_cpu_c.o
                0x080033b6                OSTaskIdleHook
 .text.OSTaskReturnHook
                0x080033c2       0x16 ./Middlewares/uCOSII/Ports/ARM-Cortex-M/ARMv7-M/GNU/os_cpu_c.o
                0x080033c2                OSTaskReturnHook
 .text.OSTaskStatHook
                0x080033d8        0xc ./Middlewares/uCOSII/Ports/ARM-Cortex-M/ARMv7-M/GNU/os_cpu_c.o
                0x080033d8                OSTaskStatHook
 .text.OSTaskStkInit
                0x080033e4      0x320 ./Middlewares/uCOSII/Ports/ARM-Cortex-M/ARMv7-M/GNU/os_cpu_c.o
                0x080033e4                OSTaskStkInit
 .text.OSTaskSwHook
                0x08003704       0x2c ./Middlewares/uCOSII/Ports/ARM-Cortex-M/ARMv7-M/GNU/os_cpu_c.o
                0x08003704                OSTaskSwHook
 .text.OSTCBInitHook
                0x08003730       0x16 ./Middlewares/uCOSII/Ports/ARM-Cortex-M/ARMv7-M/GNU/os_cpu_c.o
                0x08003730                OSTCBInitHook
 *fill*         0x08003746        0x2 
 .text.OSTimeTickHook
                0x08003748       0x30 ./Middlewares/uCOSII/Ports/ARM-Cortex-M/ARMv7-M/GNU/os_cpu_c.o
                0x08003748                OSTimeTickHook
 .text.OS_CPU_SysTickHandler
                0x08003778       0x28 ./Middlewares/uCOSII/Ports/ARM-Cortex-M/ARMv7-M/GNU/os_cpu_c.o
                0x08003778                OS_CPU_SysTickHandler
 .text.OSDebugInit
                0x080037a0      0x1dc ./Middlewares/uCOSII/Ports/ARM-Cortex-M/ARMv7-M/GNU/os_dbg.o
                0x080037a0                OSDebugInit
 .text.OSEventNameSet
                0x0800397c       0x74 ./Middlewares/uCOSII/Source/os_core.o
                0x0800397c                OSEventNameSet
 .text.OSInit   0x080039f0       0x3c ./Middlewares/uCOSII/Source/os_core.o
                0x080039f0                OSInit
 .text.OSIntEnter
                0x08003a2c       0x34 ./Middlewares/uCOSII/Source/os_core.o
                0x08003a2c                OSIntEnter
 .text.OSIntExit
                0x08003a60       0xa4 ./Middlewares/uCOSII/Source/os_core.o
                0x08003a60                OSIntExit
 .text.OSSchedLock
                0x08003b04       0x50 ./Middlewares/uCOSII/Source/os_core.o
                0x08003b04                OSSchedLock
 .text.OSSchedUnlock
                0x08003b54       0x74 ./Middlewares/uCOSII/Source/os_core.o
                0x08003b54                OSSchedUnlock
 .text.OSStart  0x08003bc8       0x50 ./Middlewares/uCOSII/Source/os_core.o
                0x08003bc8                OSStart
 .text.OSTimeTick
                0x08003c18      0x144 ./Middlewares/uCOSII/Source/os_core.o
                0x08003c18                OSTimeTick
 .text.OS_Dummy
                0x08003d5c        0xe ./Middlewares/uCOSII/Source/os_core.o
                0x08003d5c                OS_Dummy
 *fill*         0x08003d6a        0x2 
 .text.OS_EventTaskRdy
                0x08003d6c       0xec ./Middlewares/uCOSII/Source/os_core.o
                0x08003d6c                OS_EventTaskRdy
 .text.OS_EventTaskWait
                0x08003e58       0xb0 ./Middlewares/uCOSII/Source/os_core.o
                0x08003e58                OS_EventTaskWait
 .text.OS_EventTaskRemove
                0x08003f08       0x66 ./Middlewares/uCOSII/Source/os_core.o
                0x08003f08                OS_EventTaskRemove
 .text.OS_EventTaskRemoveMulti
                0x08003f6e       0x88 ./Middlewares/uCOSII/Source/os_core.o
                0x08003f6e                OS_EventTaskRemoveMulti
 .text.OS_EventWaitListInit
                0x08003ff6       0x38 ./Middlewares/uCOSII/Source/os_core.o
                0x08003ff6                OS_EventWaitListInit
 *fill*         0x0800402e        0x2 
 .text.OS_InitEventList
                0x08004030       0x94 ./Middlewares/uCOSII/Source/os_core.o
 .text.OS_InitMisc
                0x080040c4       0x7c ./Middlewares/uCOSII/Source/os_core.o
 .text.OS_InitRdyList
                0x08004140       0x64 ./Middlewares/uCOSII/Source/os_core.o
 .text.OS_InitTaskIdle
                0x080041a4       0x4c ./Middlewares/uCOSII/Source/os_core.o
 .text.OS_InitTaskStat
                0x080041f0       0x4c ./Middlewares/uCOSII/Source/os_core.o
 .text.OS_InitTCBList
                0x0800423c       0x9c ./Middlewares/uCOSII/Source/os_core.o
 .text.OS_MemClr
                0x080042d8       0x32 ./Middlewares/uCOSII/Source/os_core.o
                0x080042d8                OS_MemClr
 *fill*         0x0800430a        0x2 
 .text.OS_Sched
                0x0800430c       0x84 ./Middlewares/uCOSII/Source/os_core.o
                0x0800430c                OS_Sched
 .text.OS_SchedNew
                0x08004390       0x48 ./Middlewares/uCOSII/Source/os_core.o
 .text.OS_TaskIdle
                0x080043d8       0x30 ./Middlewares/uCOSII/Source/os_core.o
                0x080043d8                OS_TaskIdle
 .text.OS_TaskStat
                0x08004408       0xf0 ./Middlewares/uCOSII/Source/os_core.o
                0x08004408                OS_TaskStat
 .text.OS_TaskStatStkChk
                0x080044f8       0x68 ./Middlewares/uCOSII/Source/os_core.o
                0x080044f8                OS_TaskStatStkChk
 .text.OS_TCBInit
                0x08004560      0x1ec ./Middlewares/uCOSII/Source/os_core.o
                0x08004560                OS_TCBInit
 .text.OS_FlagInit
                0x0800474c       0x84 ./Middlewares/uCOSII/Source/os_flag.o
                0x0800474c                OS_FlagInit
 .text.OS_FlagUnlink
                0x080047d0       0x5e ./Middlewares/uCOSII/Source/os_flag.o
                0x080047d0                OS_FlagUnlink
 *fill*         0x0800482e        0x2 
 .text.OS_MemInit
                0x08004830       0x80 ./Middlewares/uCOSII/Source/os_mem.o
                0x08004830                OS_MemInit
 .text.OS_QInit
                0x080048b0       0x78 ./Middlewares/uCOSII/Source/os_q.o
                0x080048b0                OS_QInit
 .text.OSSemCreate
                0x08004928       0x7c ./Middlewares/uCOSII/Source/os_sem.o
                0x08004928                OSSemCreate
 .text.OSSemPend
                0x080049a4      0x134 ./Middlewares/uCOSII/Source/os_sem.o
                0x080049a4                OSSemPend
 .text.OSSemPost
                0x08004ad8       0x7e ./Middlewares/uCOSII/Source/os_sem.o
                0x08004ad8                OSSemPost
 *fill*         0x08004b56        0x2 
 .text.OSTaskCreateExt
                0x08004b58       0xd8 ./Middlewares/uCOSII/Source/os_task.o
                0x08004b58                OSTaskCreateExt
 .text.OSTaskDel
                0x08004c30      0x1f0 ./Middlewares/uCOSII/Source/os_task.o
                0x08004c30                OSTaskDel
 .text.OSTaskNameSet
                0x08004e20       0xb4 ./Middlewares/uCOSII/Source/os_task.o
                0x08004e20                OSTaskNameSet
 .text.OSTaskStkChk
                0x08004ed4       0xdc ./Middlewares/uCOSII/Source/os_task.o
                0x08004ed4                OSTaskStkChk
 .text.OSTaskSuspend
                0x08004fb0      0x108 ./Middlewares/uCOSII/Source/os_task.o
                0x08004fb0                OSTaskSuspend
 .text.OS_TaskReturn
                0x080050b8       0x1c ./Middlewares/uCOSII/Source/os_task.o
                0x080050b8                OS_TaskReturn
 .text.OS_TaskStkClr
                0x080050d4       0x46 ./Middlewares/uCOSII/Source/os_task.o
                0x080050d4                OS_TaskStkClr
 *fill*         0x0800511a        0x2 
 .text.OSTimeDly
                0x0800511c       0xa8 ./Middlewares/uCOSII/Source/os_time.o
                0x0800511c                OSTimeDly
 .text.OSTimeDlyHMSM
                0x080051c4       0xc8 ./Middlewares/uCOSII/Source/os_time.o
                0x080051c4                OSTimeDlyHMSM
 .text.OSTmrSignal
                0x0800528c       0x24 ./Middlewares/uCOSII/Source/os_tmr.o
                0x0800528c                OSTmrSignal
 .text.OSTmr_Init
                0x080052b0      0x118 ./Middlewares/uCOSII/Source/os_tmr.o
                0x080052b0                OSTmr_Init
 .text.OSTmr_InitTask
                0x080053c8       0x4c ./Middlewares/uCOSII/Source/os_tmr.o
 .text.OSTmr_Link
                0x08005414       0xd8 ./Middlewares/uCOSII/Source/os_tmr.o
 .text.OSTmr_Unlink
                0x080054ec       0xa8 ./Middlewares/uCOSII/Source/os_tmr.o
 .text.OSTmr_Task
                0x08005594       0xc4 ./Middlewares/uCOSII/Source/os_tmr.o
 .text.memset   0x08005658       0x10 C:/ST/STM32CubeIDE_1.16.0/STM32CubeIDE/plugins/com.st.stm32cube.ide.mcu.externaltools.gnu-tools-for-stm32.12.3.rel1.win32_1.0.200.202406191623/tools/bin/../lib/gcc/arm-none-eabi/12.3.1/../../../../arm-none-eabi/lib/thumb/v7e-m+fp/hard\libc_nano.a(libc_a-memset.o)
                0x08005658                memset
 .text.__libc_init_array
                0x08005668       0x48 C:/ST/STM32CubeIDE_1.16.0/STM32CubeIDE/plugins/com.st.stm32cube.ide.mcu.externaltools.gnu-tools-for-stm32.12.3.rel1.win32_1.0.200.202406191623/tools/bin/../lib/gcc/arm-none-eabi/12.3.1/../../../../arm-none-eabi/lib/thumb/v7e-m+fp/hard\libc_nano.a(libc_a-init.o)
                0x08005668                __libc_init_array
 *(.glue_7)
 .glue_7        0x080056b0        0x0 linker stubs
 *(.glue_7t)
 .glue_7t       0x080056b0        0x0 linker stubs
 *(.eh_frame)
 .eh_frame      0x080056b0        0x0 C:/ST/STM32CubeIDE_1.16.0/STM32CubeIDE/plugins/com.st.stm32cube.ide.mcu.externaltools.gnu-tools-for-stm32.12.3.rel1.win32_1.0.200.202406191623/tools/bin/../lib/gcc/arm-none-eabi/12.3.1/thumb/v7e-m+fp/hard/crtbegin.o
 *(.init)
 .init          0x080056b0        0x4 C:/ST/STM32CubeIDE_1.16.0/STM32CubeIDE/plugins/com.st.stm32cube.ide.mcu.externaltools.gnu-tools-for-stm32.12.3.rel1.win32_1.0.200.202406191623/tools/bin/../lib/gcc/arm-none-eabi/12.3.1/thumb/v7e-m+fp/hard/crti.o
                0x080056b0                _init
 .init          0x080056b4        0x8 C:/ST/STM32CubeIDE_1.16.0/STM32CubeIDE/plugins/com.st.stm32cube.ide.mcu.externaltools.gnu-tools-for-stm32.12.3.rel1.win32_1.0.200.202406191623/tools/bin/../lib/gcc/arm-none-eabi/12.3.1/thumb/v7e-m+fp/hard/crtn.o
 *(.fini)
 .fini          0x080056bc        0x4 C:/ST/STM32CubeIDE_1.16.0/STM32CubeIDE/plugins/com.st.stm32cube.ide.mcu.externaltools.gnu-tools-for-stm32.12.3.rel1.win32_1.0.200.202406191623/tools/bin/../lib/gcc/arm-none-eabi/12.3.1/thumb/v7e-m+fp/hard/crti.o
                0x080056bc                _fini
 .fini          0x080056c0        0x8 C:/ST/STM32CubeIDE_1.16.0/STM32CubeIDE/plugins/com.st.stm32cube.ide.mcu.externaltools.gnu-tools-for-stm32.12.3.rel1.win32_1.0.200.202406191623/tools/bin/../lib/gcc/arm-none-eabi/12.3.1/thumb/v7e-m+fp/hard/crtn.o
                0x080056c8                        . = ALIGN (0x4)
                0x080056c8                        _etext = .

.vfp11_veneer   0x080056c8        0x0
 .vfp11_veneer  0x080056c8        0x0 linker stubs

.v4_bx          0x080056c8        0x0
 .v4_bx         0x080056c8        0x0 linker stubs

.iplt           0x080056c8        0x0
 .iplt          0x080056c8        0x0 C:/ST/STM32CubeIDE_1.16.0/STM32CubeIDE/plugins/com.st.stm32cube.ide.mcu.externaltools.gnu-tools-for-stm32.12.3.rel1.win32_1.0.200.202406191623/tools/bin/../lib/gcc/arm-none-eabi/12.3.1/thumb/v7e-m+fp/hard/crtbegin.o

.rodata         0x080056c8      0x244
                0x080056c8                        . = ALIGN (0x4)
 *(.rodata)
 .rodata        0x080056c8       0x15 ./Core/Src/main.o
 *fill*         0x080056dd        0x3 
 .rodata        0x080056e0       0x22 ./Middlewares/uCOSII/Source/os_core.o
 *fill*         0x08005702        0x2 
 .rodata        0x08005704        0x2 ./Middlewares/uCOSII/Source/os_flag.o
 *fill*         0x08005706        0x2 
 .rodata        0x08005708        0x2 ./Middlewares/uCOSII/Source/os_mem.o
 *fill*         0x0800570a        0x2 
 .rodata        0x0800570c        0x2 ./Middlewares/uCOSII/Source/os_sem.o
 *fill*         0x0800570e        0x2 
 .rodata        0x08005710        0x2 ./Middlewares/uCOSII/Source/os_task.o
 *fill*         0x08005712        0x2 
 .rodata        0x08005714       0x39 ./Middlewares/uCOSII/Source/os_tmr.o
 *(.rodata*)
 *fill*         0x0800574d        0x3 
 .rodata.AHBPrescTable
                0x08005750       0x10 ./Core/Src/system_stm32l4xx.o
                0x08005750                AHBPrescTable
 .rodata.APBPrescTable
                0x08005760        0x8 ./Core/Src/system_stm32l4xx.o
                0x08005760                APBPrescTable
 .rodata.MSIRangeTable
                0x08005768       0x30 ./Core/Src/system_stm32l4xx.o
                0x08005768                MSIRangeTable
 .rodata.OSDebugEn
                0x08005798        0x2 ./Middlewares/uCOSII/Ports/ARM-Cortex-M/ARMv7-M/GNU/os_dbg.o
                0x08005798                OSDebugEn
 *fill*         0x0800579a        0x2 
 .rodata.OSEndiannessTest
                0x0800579c        0x4 ./Middlewares/uCOSII/Ports/ARM-Cortex-M/ARMv7-M/GNU/os_dbg.o
                0x0800579c                OSEndiannessTest
 .rodata.OSEventEn
                0x080057a0        0x2 ./Middlewares/uCOSII/Ports/ARM-Cortex-M/ARMv7-M/GNU/os_dbg.o
                0x080057a0                OSEventEn
 .rodata.OSEventMax
                0x080057a2        0x2 ./Middlewares/uCOSII/Ports/ARM-Cortex-M/ARMv7-M/GNU/os_dbg.o
                0x080057a2                OSEventMax
 .rodata.OSEventNameEn
                0x080057a4        0x2 ./Middlewares/uCOSII/Ports/ARM-Cortex-M/ARMv7-M/GNU/os_dbg.o
                0x080057a4                OSEventNameEn
 .rodata.OSEventSize
                0x080057a6        0x2 ./Middlewares/uCOSII/Ports/ARM-Cortex-M/ARMv7-M/GNU/os_dbg.o
                0x080057a6                OSEventSize
 .rodata.OSEventTblSize
                0x080057a8        0x2 ./Middlewares/uCOSII/Ports/ARM-Cortex-M/ARMv7-M/GNU/os_dbg.o
                0x080057a8                OSEventTblSize
 .rodata.OSEventMultiEn
                0x080057aa        0x2 ./Middlewares/uCOSII/Ports/ARM-Cortex-M/ARMv7-M/GNU/os_dbg.o
                0x080057aa                OSEventMultiEn
 .rodata.OSFlagEn
                0x080057ac        0x2 ./Middlewares/uCOSII/Ports/ARM-Cortex-M/ARMv7-M/GNU/os_dbg.o
                0x080057ac                OSFlagEn
 .rodata.OSFlagGrpSize
                0x080057ae        0x2 ./Middlewares/uCOSII/Ports/ARM-Cortex-M/ARMv7-M/GNU/os_dbg.o
                0x080057ae                OSFlagGrpSize
 .rodata.OSFlagNodeSize
                0x080057b0        0x2 ./Middlewares/uCOSII/Ports/ARM-Cortex-M/ARMv7-M/GNU/os_dbg.o
                0x080057b0                OSFlagNodeSize
 .rodata.OSFlagWidth
                0x080057b2        0x2 ./Middlewares/uCOSII/Ports/ARM-Cortex-M/ARMv7-M/GNU/os_dbg.o
                0x080057b2                OSFlagWidth
 .rodata.OSFlagMax
                0x080057b4        0x2 ./Middlewares/uCOSII/Ports/ARM-Cortex-M/ARMv7-M/GNU/os_dbg.o
                0x080057b4                OSFlagMax
 .rodata.OSFlagNameEn
                0x080057b6        0x2 ./Middlewares/uCOSII/Ports/ARM-Cortex-M/ARMv7-M/GNU/os_dbg.o
                0x080057b6                OSFlagNameEn
 .rodata.OSLowestPrio
                0x080057b8        0x2 ./Middlewares/uCOSII/Ports/ARM-Cortex-M/ARMv7-M/GNU/os_dbg.o
                0x080057b8                OSLowestPrio
 .rodata.OSMboxEn
                0x080057ba        0x2 ./Middlewares/uCOSII/Ports/ARM-Cortex-M/ARMv7-M/GNU/os_dbg.o
                0x080057ba                OSMboxEn
 .rodata.OSMemEn
                0x080057bc        0x2 ./Middlewares/uCOSII/Ports/ARM-Cortex-M/ARMv7-M/GNU/os_dbg.o
                0x080057bc                OSMemEn
 .rodata.OSMemMax
                0x080057be        0x2 ./Middlewares/uCOSII/Ports/ARM-Cortex-M/ARMv7-M/GNU/os_dbg.o
                0x080057be                OSMemMax
 .rodata.OSMemNameEn
                0x080057c0        0x2 ./Middlewares/uCOSII/Ports/ARM-Cortex-M/ARMv7-M/GNU/os_dbg.o
                0x080057c0                OSMemNameEn
 .rodata.OSMemSize
                0x080057c2        0x2 ./Middlewares/uCOSII/Ports/ARM-Cortex-M/ARMv7-M/GNU/os_dbg.o
                0x080057c2                OSMemSize
 .rodata.OSMemTblSize
                0x080057c4        0x2 ./Middlewares/uCOSII/Ports/ARM-Cortex-M/ARMv7-M/GNU/os_dbg.o
                0x080057c4                OSMemTblSize
 .rodata.OSMutexEn
                0x080057c6        0x2 ./Middlewares/uCOSII/Ports/ARM-Cortex-M/ARMv7-M/GNU/os_dbg.o
                0x080057c6                OSMutexEn
 .rodata.OSPtrSize
                0x080057c8        0x2 ./Middlewares/uCOSII/Ports/ARM-Cortex-M/ARMv7-M/GNU/os_dbg.o
                0x080057c8                OSPtrSize
 .rodata.OSQEn  0x080057ca        0x2 ./Middlewares/uCOSII/Ports/ARM-Cortex-M/ARMv7-M/GNU/os_dbg.o
                0x080057ca                OSQEn
 .rodata.OSQMax
                0x080057cc        0x2 ./Middlewares/uCOSII/Ports/ARM-Cortex-M/ARMv7-M/GNU/os_dbg.o
                0x080057cc                OSQMax
 .rodata.OSQSize
                0x080057ce        0x2 ./Middlewares/uCOSII/Ports/ARM-Cortex-M/ARMv7-M/GNU/os_dbg.o
                0x080057ce                OSQSize
 .rodata.OSRdyTblSize
                0x080057d0        0x2 ./Middlewares/uCOSII/Ports/ARM-Cortex-M/ARMv7-M/GNU/os_dbg.o
                0x080057d0                OSRdyTblSize
 .rodata.OSSemEn
                0x080057d2        0x2 ./Middlewares/uCOSII/Ports/ARM-Cortex-M/ARMv7-M/GNU/os_dbg.o
                0x080057d2                OSSemEn
 .rodata.OSStkWidth
                0x080057d4        0x2 ./Middlewares/uCOSII/Ports/ARM-Cortex-M/ARMv7-M/GNU/os_dbg.o
                0x080057d4                OSStkWidth
 .rodata.OSTaskCreateEn
                0x080057d6        0x2 ./Middlewares/uCOSII/Ports/ARM-Cortex-M/ARMv7-M/GNU/os_dbg.o
                0x080057d6                OSTaskCreateEn
 .rodata.OSTaskCreateExtEn
                0x080057d8        0x2 ./Middlewares/uCOSII/Ports/ARM-Cortex-M/ARMv7-M/GNU/os_dbg.o
                0x080057d8                OSTaskCreateExtEn
 .rodata.OSTaskDelEn
                0x080057da        0x2 ./Middlewares/uCOSII/Ports/ARM-Cortex-M/ARMv7-M/GNU/os_dbg.o
                0x080057da                OSTaskDelEn
 .rodata.OSTaskIdleStkSize
                0x080057dc        0x2 ./Middlewares/uCOSII/Ports/ARM-Cortex-M/ARMv7-M/GNU/os_dbg.o
                0x080057dc                OSTaskIdleStkSize
 .rodata.OSTaskProfileEn
                0x080057de        0x2 ./Middlewares/uCOSII/Ports/ARM-Cortex-M/ARMv7-M/GNU/os_dbg.o
                0x080057de                OSTaskProfileEn
 .rodata.OSTaskMax
                0x080057e0        0x2 ./Middlewares/uCOSII/Ports/ARM-Cortex-M/ARMv7-M/GNU/os_dbg.o
                0x080057e0                OSTaskMax
 .rodata.OSTaskNameEn
                0x080057e2        0x2 ./Middlewares/uCOSII/Ports/ARM-Cortex-M/ARMv7-M/GNU/os_dbg.o
                0x080057e2                OSTaskNameEn
 .rodata.OSTaskStatEn
                0x080057e4        0x2 ./Middlewares/uCOSII/Ports/ARM-Cortex-M/ARMv7-M/GNU/os_dbg.o
                0x080057e4                OSTaskStatEn
 .rodata.OSTaskStatStkSize
                0x080057e6        0x2 ./Middlewares/uCOSII/Ports/ARM-Cortex-M/ARMv7-M/GNU/os_dbg.o
                0x080057e6                OSTaskStatStkSize
 .rodata.OSTaskStatStkChkEn
                0x080057e8        0x2 ./Middlewares/uCOSII/Ports/ARM-Cortex-M/ARMv7-M/GNU/os_dbg.o
                0x080057e8                OSTaskStatStkChkEn
 .rodata.OSTaskSwHookEn
                0x080057ea        0x2 ./Middlewares/uCOSII/Ports/ARM-Cortex-M/ARMv7-M/GNU/os_dbg.o
                0x080057ea                OSTaskSwHookEn
 .rodata.OSTCBPrioTblMax
                0x080057ec        0x2 ./Middlewares/uCOSII/Ports/ARM-Cortex-M/ARMv7-M/GNU/os_dbg.o
                0x080057ec                OSTCBPrioTblMax
 .rodata.OSTCBSize
                0x080057ee        0x2 ./Middlewares/uCOSII/Ports/ARM-Cortex-M/ARMv7-M/GNU/os_dbg.o
                0x080057ee                OSTCBSize
 .rodata.OSTicksPerSec
                0x080057f0        0x2 ./Middlewares/uCOSII/Ports/ARM-Cortex-M/ARMv7-M/GNU/os_dbg.o
                0x080057f0                OSTicksPerSec
 .rodata.OSTimeTickHookEn
                0x080057f2        0x2 ./Middlewares/uCOSII/Ports/ARM-Cortex-M/ARMv7-M/GNU/os_dbg.o
                0x080057f2                OSTimeTickHookEn
 .rodata.OSVersionNbr
                0x080057f4        0x2 ./Middlewares/uCOSII/Ports/ARM-Cortex-M/ARMv7-M/GNU/os_dbg.o
                0x080057f4                OSVersionNbr
 .rodata.OSTmrEn
                0x080057f6        0x2 ./Middlewares/uCOSII/Ports/ARM-Cortex-M/ARMv7-M/GNU/os_dbg.o
                0x080057f6                OSTmrEn
 .rodata.OSTmrCfgMax
                0x080057f8        0x2 ./Middlewares/uCOSII/Ports/ARM-Cortex-M/ARMv7-M/GNU/os_dbg.o
                0x080057f8                OSTmrCfgMax
 .rodata.OSTmrCfgNameEn
                0x080057fa        0x2 ./Middlewares/uCOSII/Ports/ARM-Cortex-M/ARMv7-M/GNU/os_dbg.o
                0x080057fa                OSTmrCfgNameEn
 .rodata.OSTmrCfgWheelSize
                0x080057fc        0x2 ./Middlewares/uCOSII/Ports/ARM-Cortex-M/ARMv7-M/GNU/os_dbg.o
                0x080057fc                OSTmrCfgWheelSize
 .rodata.OSTmrCfgTicksPerSec
                0x080057fe        0x2 ./Middlewares/uCOSII/Ports/ARM-Cortex-M/ARMv7-M/GNU/os_dbg.o
                0x080057fe                OSTmrCfgTicksPerSec
 .rodata.OSTmrSize
                0x08005800        0x2 ./Middlewares/uCOSII/Ports/ARM-Cortex-M/ARMv7-M/GNU/os_dbg.o
                0x08005800                OSTmrSize
 .rodata.OSTmrTblSize
                0x08005802        0x2 ./Middlewares/uCOSII/Ports/ARM-Cortex-M/ARMv7-M/GNU/os_dbg.o
                0x08005802                OSTmrTblSize
 .rodata.OSTmrWheelSize
                0x08005804        0x2 ./Middlewares/uCOSII/Ports/ARM-Cortex-M/ARMv7-M/GNU/os_dbg.o
                0x08005804                OSTmrWheelSize
 .rodata.OSTmrWheelTblSize
                0x08005806        0x2 ./Middlewares/uCOSII/Ports/ARM-Cortex-M/ARMv7-M/GNU/os_dbg.o
                0x08005806                OSTmrWheelTblSize
 .rodata.OSDataSize
                0x08005808        0x2 ./Middlewares/uCOSII/Ports/ARM-Cortex-M/ARMv7-M/GNU/os_dbg.o
                0x08005808                OSDataSize
 *fill*         0x0800580a        0x2 
 .rodata.OSUnMapTbl
                0x0800580c      0x100 ./Middlewares/uCOSII/Source/os_core.o
                0x0800580c                OSUnMapTbl
                0x0800590c                        . = ALIGN (0x4)

.ARM.extab      0x0800590c        0x0
                0x0800590c                        . = ALIGN (0x4)
 *(.ARM.extab* .gnu.linkonce.armextab.*)
                0x0800590c                        . = ALIGN (0x4)

.ARM            0x0800590c        0x8
                0x0800590c                        . = ALIGN (0x4)
                0x0800590c                        __exidx_start = .
 *(.ARM.exidx*)
 .ARM.exidx     0x0800590c        0x8 C:/ST/STM32CubeIDE_1.16.0/STM32CubeIDE/plugins/com.st.stm32cube.ide.mcu.externaltools.gnu-tools-for-stm32.12.3.rel1.win32_1.0.200.202406191623/tools/bin/../lib/gcc/arm-none-eabi/12.3.1/thumb/v7e-m+fp/hard\libgcc.a(_udivmoddi4.o)
                0x08005914                        __exidx_end = .
                0x08005914                        . = ALIGN (0x4)

.preinit_array  0x08005914        0x0
                0x08005914                        . = ALIGN (0x4)
                0x08005914                        PROVIDE (__preinit_array_start = .)
 *(.preinit_array*)
                0x08005914                        PROVIDE (__preinit_array_end = .)
                0x08005914                        . = ALIGN (0x4)

.init_array     0x08005914        0x4
                0x08005914                        . = ALIGN (0x4)
                0x08005914                        PROVIDE (__init_array_start = .)
 *(SORT_BY_NAME(.init_array.*))
 *(.init_array*)
 .init_array    0x08005914        0x4 C:/ST/STM32CubeIDE_1.16.0/STM32CubeIDE/plugins/com.st.stm32cube.ide.mcu.externaltools.gnu-tools-for-stm32.12.3.rel1.win32_1.0.200.202406191623/tools/bin/../lib/gcc/arm-none-eabi/12.3.1/thumb/v7e-m+fp/hard/crtbegin.o
                0x08005918                        PROVIDE (__init_array_end = .)
                0x08005918                        . = ALIGN (0x4)

.fini_array     0x08005918        0x4
                0x08005918                        . = ALIGN (0x4)
                [!provide]                        PROVIDE (__fini_array_start = .)
 *(SORT_BY_NAME(.fini_array.*))
 *(.fini_array*)
 .fini_array    0x08005918        0x4 C:/ST/STM32CubeIDE_1.16.0/STM32CubeIDE/plugins/com.st.stm32cube.ide.mcu.externaltools.gnu-tools-for-stm32.12.3.rel1.win32_1.0.200.202406191623/tools/bin/../lib/gcc/arm-none-eabi/12.3.1/thumb/v7e-m+fp/hard/crtbegin.o
                [!provide]                        PROVIDE (__fini_array_end = .)
                0x0800591c                        . = ALIGN (0x4)
                0x0800591c                        _sidata = LOADADDR (.data)

.rel.dyn        0x0800591c        0x0
 .rel.iplt      0x0800591c        0x0 C:/ST/STM32CubeIDE_1.16.0/STM32CubeIDE/plugins/com.st.stm32cube.ide.mcu.externaltools.gnu-tools-for-stm32.12.3.rel1.win32_1.0.200.202406191623/tools/bin/../lib/gcc/arm-none-eabi/12.3.1/thumb/v7e-m+fp/hard/crtbegin.o

.data           0x20000000        0xc load address 0x0800591c
                0x20000000                        . = ALIGN (0x4)
                0x20000000                        _sdata = .
 *(.data)
 *(.data*)
 .data.SystemCoreClock
                0x20000000        0x4 ./Core/Src/system_stm32l4xx.o
                0x20000000                SystemCoreClock
 .data.uwTickPrio
                0x20000004        0x4 ./Drivers/STM32L4xx_HAL_Driver/Src/stm32l4xx_hal.o
                0x20000004                uwTickPrio
 .data.uwTickFreq
                0x20000008        0x1 ./Drivers/STM32L4xx_HAL_Driver/Src/stm32l4xx_hal.o
                0x20000008                uwTickFreq
 *(.RamFunc)
 *(.RamFunc*)
                0x2000000c                        . = ALIGN (0x4)
 *fill*         0x20000009        0x3 
                0x2000000c                        _edata = .

.igot.plt       0x2000000c        0x0 load address 0x08005928
 .igot.plt      0x2000000c        0x0 C:/ST/STM32CubeIDE_1.16.0/STM32CubeIDE/plugins/com.st.stm32cube.ide.mcu.externaltools.gnu-tools-for-stm32.12.3.rel1.win32_1.0.200.202406191623/tools/bin/../lib/gcc/arm-none-eabi/12.3.1/thumb/v7e-m+fp/hard/crtbegin.o
                0x2000000c                        . = ALIGN (0x4)

.bss            0x2000000c     0x28d8 load address 0x08005928
                0x2000000c                        _sbss = .
                0x2000000c                        __bss_start__ = _sbss
 *(.bss)
 .bss           0x2000000c       0x1c C:/ST/STM32CubeIDE_1.16.0/STM32CubeIDE/plugins/com.st.stm32cube.ide.mcu.externaltools.gnu-tools-for-stm32.12.3.rel1.win32_1.0.200.202406191623/tools/bin/../lib/gcc/arm-none-eabi/12.3.1/thumb/v7e-m+fp/hard/crtbegin.o
 *(.bss*)
 .bss.huart2    0x20000028       0x88 ./Core/Src/main.o
                0x20000028                huart2
 .bss.task1_stk
                0x200000b0      0x800 ./Core/Src/main.o
                0x200000b0                task1_stk
 .bss.task2_stk
                0x200008b0      0x800 ./Core/Src/main.o
                0x200008b0                task2_stk
 .bss.uwTick    0x200010b0        0x4 ./Drivers/STM32L4xx_HAL_Driver/Src/stm32l4xx_hal.o
                0x200010b0                uwTick
 .bss.OS_CPU_ExceptStk
                0x200010b4      0x400 ./Middlewares/uCOSII/Ports/ARM-Cortex-M/ARMv7-M/GNU/os_cpu_c.o
                0x200010b4                OS_CPU_ExceptStk
 .bss.OS_CPU_ExceptStkBase
                0x200014b4        0x4 ./Middlewares/uCOSII/Ports/ARM-Cortex-M/ARMv7-M/GNU/os_cpu_c.o
                0x200014b4                OS_CPU_ExceptStkBase
 .bss.OSTmrCtr  0x200014b8        0x2 ./Middlewares/uCOSII/Ports/ARM-Cortex-M/ARMv7-M/GNU/os_cpu_c.o
 *fill*         0x200014ba        0x2 
 .bss.OS_KA_BASEPRI_Boundary
                0x200014bc        0x4 ./Middlewares/uCOSII/Ports/ARM-Cortex-M/ARMv7-M/GNU/os_cpu_c.o
                0x200014bc                OS_KA_BASEPRI_Boundary
 .bss.OSCtxSwCtr
                0x200014c0        0x4 ./Middlewares/uCOSII/Source/os_core.o
                0x200014c0                OSCtxSwCtr
 .bss.OSEventFreeList
                0x200014c4        0x4 ./Middlewares/uCOSII/Source/os_core.o
                0x200014c4                OSEventFreeList
 .bss.OSEventTbl
                0x200014c8       0xf0 ./Middlewares/uCOSII/Source/os_core.o
                0x200014c8                OSEventTbl
 .bss.OSFlagTbl
                0x200015b8       0x50 ./Middlewares/uCOSII/Source/os_core.o
                0x200015b8                OSFlagTbl
 .bss.OSFlagFreeList
                0x20001608        0x4 ./Middlewares/uCOSII/Source/os_core.o
                0x20001608                OSFlagFreeList
 .bss.OSCPUUsage
                0x2000160c        0x1 ./Middlewares/uCOSII/Source/os_core.o
                0x2000160c                OSCPUUsage
 *fill*         0x2000160d        0x3 
 .bss.OSIdleCtrMax
                0x20001610        0x4 ./Middlewares/uCOSII/Source/os_core.o
                0x20001610                OSIdleCtrMax
 .bss.OSIdleCtrRun
                0x20001614        0x4 ./Middlewares/uCOSII/Source/os_core.o
                0x20001614                OSIdleCtrRun
 .bss.OSStatRdy
                0x20001618        0x1 ./Middlewares/uCOSII/Source/os_core.o
                0x20001618                OSStatRdy
 *fill*         0x20001619        0x3 
 .bss.OSTaskStatStk
                0x2000161c      0x200 ./Middlewares/uCOSII/Source/os_core.o
                0x2000161c                OSTaskStatStk
 .bss.OSIntNesting
                0x2000181c        0x1 ./Middlewares/uCOSII/Source/os_core.o
                0x2000181c                OSIntNesting
 .bss.OSLockNesting
                0x2000181d        0x1 ./Middlewares/uCOSII/Source/os_core.o
                0x2000181d                OSLockNesting
 .bss.OSPrioCur
                0x2000181e        0x1 ./Middlewares/uCOSII/Source/os_core.o
                0x2000181e                OSPrioCur
 .bss.OSPrioHighRdy
                0x2000181f        0x1 ./Middlewares/uCOSII/Source/os_core.o
                0x2000181f                OSPrioHighRdy
 .bss.OSRdyGrp  0x20001820        0x1 ./Middlewares/uCOSII/Source/os_core.o
                0x20001820                OSRdyGrp
 *fill*         0x20001821        0x3 
 .bss.OSRdyTbl  0x20001824        0x8 ./Middlewares/uCOSII/Source/os_core.o
                0x20001824                OSRdyTbl
 .bss.OSRunning
                0x2000182c        0x1 ./Middlewares/uCOSII/Source/os_core.o
                0x2000182c                OSRunning
 .bss.OSTaskCtr
                0x2000182d        0x1 ./Middlewares/uCOSII/Source/os_core.o
                0x2000182d                OSTaskCtr
 *fill*         0x2000182e        0x2 
 .bss.OSIdleCtr
                0x20001830        0x4 ./Middlewares/uCOSII/Source/os_core.o
                0x20001830                OSIdleCtr
 .bss.OSTaskIdleStk
                0x20001834      0x200 ./Middlewares/uCOSII/Source/os_core.o
                0x20001834                OSTaskIdleStk
 .bss.OSTCBCur  0x20001a34        0x4 ./Middlewares/uCOSII/Source/os_core.o
                0x20001a34                OSTCBCur
 .bss.OSTCBFreeList
                0x20001a38        0x4 ./Middlewares/uCOSII/Source/os_core.o
                0x20001a38                OSTCBFreeList
 .bss.OSTCBHighRdy
                0x20001a3c        0x4 ./Middlewares/uCOSII/Source/os_core.o
                0x20001a3c                OSTCBHighRdy
 .bss.OSTCBList
                0x20001a40        0x4 ./Middlewares/uCOSII/Source/os_core.o
                0x20001a40                OSTCBList
 .bss.OSTCBPrioTbl
                0x20001a44      0x100 ./Middlewares/uCOSII/Source/os_core.o
                0x20001a44                OSTCBPrioTbl
 .bss.OSTCBTbl  0x20001b44      0x7e8 ./Middlewares/uCOSII/Source/os_core.o
                0x20001b44                OSTCBTbl
 .bss.OSTickStepState
                0x2000232c        0x1 ./Middlewares/uCOSII/Source/os_core.o
                0x2000232c                OSTickStepState
 *fill*         0x2000232d        0x3 
 .bss.OSMemFreeList
                0x20002330        0x4 ./Middlewares/uCOSII/Source/os_core.o
                0x20002330                OSMemFreeList
 .bss.OSMemTbl  0x20002334       0x78 ./Middlewares/uCOSII/Source/os_core.o
                0x20002334                OSMemTbl
 .bss.OSQFreeList
                0x200023ac        0x4 ./Middlewares/uCOSII/Source/os_core.o
                0x200023ac                OSQFreeList
 .bss.OSQTbl    0x200023b0       0x60 ./Middlewares/uCOSII/Source/os_core.o
                0x200023b0                OSQTbl
 .bss.OSTaskRegNextAvailID
                0x20002410        0x1 ./Middlewares/uCOSII/Source/os_core.o
                0x20002410                OSTaskRegNextAvailID
 *fill*         0x20002411        0x3 
 .bss.OSTime    0x20002414        0x4 ./Middlewares/uCOSII/Source/os_core.o
                0x20002414                OSTime
 .bss.OSTmrFree
                0x20002418        0x2 ./Middlewares/uCOSII/Source/os_core.o
                0x20002418                OSTmrFree
 .bss.OSTmrUsed
                0x2000241a        0x2 ./Middlewares/uCOSII/Source/os_core.o
                0x2000241a                OSTmrUsed
 .bss.OSTmrTime
                0x2000241c        0x4 ./Middlewares/uCOSII/Source/os_core.o
                0x2000241c                OSTmrTime
 .bss.OSTmrSem  0x20002420        0x4 ./Middlewares/uCOSII/Source/os_core.o
                0x20002420                OSTmrSem
 .bss.OSTmrSemSignal
                0x20002424        0x4 ./Middlewares/uCOSII/Source/os_core.o
                0x20002424                OSTmrSemSignal
 .bss.OSTmrTbl  0x20002428      0x280 ./Middlewares/uCOSII/Source/os_core.o
                0x20002428                OSTmrTbl
 .bss.OSTmrFreeList
                0x200026a8        0x4 ./Middlewares/uCOSII/Source/os_core.o
                0x200026a8                OSTmrFreeList
 .bss.OSTmrTaskStk
                0x200026ac      0x200 ./Middlewares/uCOSII/Source/os_core.o
                0x200026ac                OSTmrTaskStk
 .bss.OSTmrWheelTbl
                0x200028ac       0x38 ./Middlewares/uCOSII/Source/os_core.o
                0x200028ac                OSTmrWheelTbl
 *(COMMON)
                0x200028e4                        . = ALIGN (0x4)
                0x200028e4                        _ebss = .
                0x200028e4                        __bss_end__ = _ebss

._user_heap_stack
                0x200028e4      0x604 load address 0x08005928
                0x200028e8                        . = ALIGN (0x8)
 *fill*         0x200028e4        0x4 
                [!provide]                        PROVIDE (end = .)
                0x200028e8                        PROVIDE (_end = .)
                0x20002ae8                        . = (. + _Min_Heap_Size)
 *fill*         0x200028e8      0x200 
                0x20002ee8                        . = (. + _Min_Stack_Size)
 *fill*         0x20002ae8      0x400 
                0x20002ee8                        . = ALIGN (0x8)

/DISCARD/
 libc.a(*)
 libm.a(*)
 libgcc.a(*)

.ARM.attributes
                0x00000000       0x30
 *(.ARM.attributes)
 .ARM.attributes
                0x00000000       0x22 C:/ST/STM32CubeIDE_1.16.0/STM32CubeIDE/plugins/com.st.stm32cube.ide.mcu.externaltools.gnu-tools-for-stm32.12.3.rel1.win32_1.0.200.202406191623/tools/bin/../lib/gcc/arm-none-eabi/12.3.1/thumb/v7e-m+fp/hard/crti.o
 .ARM.attributes
                0x00000022       0x34 C:/ST/STM32CubeIDE_1.16.0/STM32CubeIDE/plugins/com.st.stm32cube.ide.mcu.externaltools.gnu-tools-for-stm32.12.3.rel1.win32_1.0.200.202406191623/tools/bin/../lib/gcc/arm-none-eabi/12.3.1/thumb/v7e-m+fp/hard/crtbegin.o
 .ARM.attributes
                0x00000056       0x34 ./Core/Src/main.o
 .ARM.attributes
                0x0000008a       0x34 ./Core/Src/stm32l4xx_hal_msp.o
 .ARM.attributes
                0x000000be       0x34 ./Core/Src/stm32l4xx_it.o
 .ARM.attributes
                0x000000f2       0x34 ./Core/Src/system_stm32l4xx.o
 .ARM.attributes
                0x00000126       0x21 ./Core/Startup/startup_stm32l476rgtx.o
 .ARM.attributes
                0x00000147       0x34 ./Drivers/STM32L4xx_HAL_Driver/Src/stm32l4xx_hal.o
 .ARM.attributes
                0x0000017b       0x34 ./Drivers/STM32L4xx_HAL_Driver/Src/stm32l4xx_hal_cortex.o
 .ARM.attributes
                0x000001af       0x34 ./Drivers/STM32L4xx_HAL_Driver/Src/stm32l4xx_hal_gpio.o
 .ARM.attributes
                0x000001e3       0x34 ./Drivers/STM32L4xx_HAL_Driver/Src/stm32l4xx_hal_pwr_ex.o
 .ARM.attributes
                0x00000217       0x34 ./Drivers/STM32L4xx_HAL_Driver/Src/stm32l4xx_hal_rcc.o
 .ARM.attributes
                0x0000024b       0x34 ./Drivers/STM32L4xx_HAL_Driver/Src/stm32l4xx_hal_rcc_ex.o
 .ARM.attributes
                0x0000027f       0x34 ./Drivers/STM32L4xx_HAL_Driver/Src/stm32l4xx_hal_uart.o
 .ARM.attributes
                0x000002b3       0x34 ./Middlewares/uCOSII/Cfg/Template/app_hooks.o
 .ARM.attributes
                0x000002e7       0x20 ./Middlewares/uCOSII/Ports/ARM-Cortex-M/ARMv7-M/GNU/os_cpu_a.o
 .ARM.attributes
                0x00000307       0x34 ./Middlewares/uCOSII/Ports/ARM-Cortex-M/ARMv7-M/GNU/os_cpu_c.o
 .ARM.attributes
                0x0000033b       0x34 ./Middlewares/uCOSII/Ports/ARM-Cortex-M/ARMv7-M/GNU/os_dbg.o
 .ARM.attributes
                0x0000036f       0x34 ./Middlewares/uCOSII/Source/os_core.o
 .ARM.attributes
                0x000003a3       0x34 ./Middlewares/uCOSII/Source/os_flag.o
 .ARM.attributes
                0x000003d7       0x34 ./Middlewares/uCOSII/Source/os_mem.o
 .ARM.attributes
                0x0000040b       0x34 ./Middlewares/uCOSII/Source/os_q.o
 .ARM.attributes
                0x0000043f       0x34 ./Middlewares/uCOSII/Source/os_sem.o
 .ARM.attributes
                0x00000473       0x34 ./Middlewares/uCOSII/Source/os_task.o
 .ARM.attributes
                0x000004a7       0x34 ./Middlewares/uCOSII/Source/os_time.o
 .ARM.attributes
                0x000004db       0x34 ./Middlewares/uCOSII/Source/os_tmr.o
 .ARM.attributes
                0x0000050f       0x34 C:/ST/STM32CubeIDE_1.16.0/STM32CubeIDE/plugins/com.st.stm32cube.ide.mcu.externaltools.gnu-tools-for-stm32.12.3.rel1.win32_1.0.200.202406191623/tools/bin/../lib/gcc/arm-none-eabi/12.3.1/../../../../arm-none-eabi/lib/thumb/v7e-m+fp/hard\libc_nano.a(libc_a-memset.o)
 .ARM.attributes
                0x00000543       0x34 C:/ST/STM32CubeIDE_1.16.0/STM32CubeIDE/plugins/com.st.stm32cube.ide.mcu.externaltools.gnu-tools-for-stm32.12.3.rel1.win32_1.0.200.202406191623/tools/bin/../lib/gcc/arm-none-eabi/12.3.1/../../../../arm-none-eabi/lib/thumb/v7e-m+fp/hard\libc_nano.a(libc_a-init.o)
 .ARM.attributes
                0x00000577       0x22 C:/ST/STM32CubeIDE_1.16.0/STM32CubeIDE/plugins/com.st.stm32cube.ide.mcu.externaltools.gnu-tools-for-stm32.12.3.rel1.win32_1.0.200.202406191623/tools/bin/../lib/gcc/arm-none-eabi/12.3.1/thumb/v7e-m+fp/hard\libgcc.a(_aeabi_uldivmod.o)
 .ARM.attributes
                0x00000599       0x34 C:/ST/STM32CubeIDE_1.16.0/STM32CubeIDE/plugins/com.st.stm32cube.ide.mcu.externaltools.gnu-tools-for-stm32.12.3.rel1.win32_1.0.200.202406191623/tools/bin/../lib/gcc/arm-none-eabi/12.3.1/thumb/v7e-m+fp/hard\libgcc.a(_udivmoddi4.o)
 .ARM.attributes
                0x000005cd       0x22 C:/ST/STM32CubeIDE_1.16.0/STM32CubeIDE/plugins/com.st.stm32cube.ide.mcu.externaltools.gnu-tools-for-stm32.12.3.rel1.win32_1.0.200.202406191623/tools/bin/../lib/gcc/arm-none-eabi/12.3.1/thumb/v7e-m+fp/hard\libgcc.a(_dvmd_tls.o)
 .ARM.attributes
                0x000005ef       0x22 C:/ST/STM32CubeIDE_1.16.0/STM32CubeIDE/plugins/com.st.stm32cube.ide.mcu.externaltools.gnu-tools-for-stm32.12.3.rel1.win32_1.0.200.202406191623/tools/bin/../lib/gcc/arm-none-eabi/12.3.1/thumb/v7e-m+fp/hard/crtn.o
OUTPUT(Test1.elf elf32-littlearm)
LOAD linker stubs
LOAD C:/ST/STM32CubeIDE_1.16.0/STM32CubeIDE/plugins/com.st.stm32cube.ide.mcu.externaltools.gnu-tools-for-stm32.12.3.rel1.win32_1.0.200.202406191623/tools/bin/../lib/gcc/arm-none-eabi/12.3.1/../../../../arm-none-eabi/lib/thumb/v7e-m+fp/hard\libc.a
LOAD C:/ST/STM32CubeIDE_1.16.0/STM32CubeIDE/plugins/com.st.stm32cube.ide.mcu.externaltools.gnu-tools-for-stm32.12.3.rel1.win32_1.0.200.202406191623/tools/bin/../lib/gcc/arm-none-eabi/12.3.1/../../../../arm-none-eabi/lib/thumb/v7e-m+fp/hard\libm.a
LOAD C:/ST/STM32CubeIDE_1.16.0/STM32CubeIDE/plugins/com.st.stm32cube.ide.mcu.externaltools.gnu-tools-for-stm32.12.3.rel1.win32_1.0.200.202406191623/tools/bin/../lib/gcc/arm-none-eabi/12.3.1/thumb/v7e-m+fp/hard\libgcc.a

.debug_info     0x00000000    0x102f5
 .debug_info    0x00000000      0xeb9 ./Core/Src/main.o
 .debug_info    0x00000eb9      0xd21 ./Core/Src/stm32l4xx_hal_msp.o
 .debug_info    0x00001bda      0x113 ./Core/Src/stm32l4xx_it.o
 .debug_info    0x00001ced      0x5b1 ./Core/Src/system_stm32l4xx.o
 .debug_info    0x0000229e       0x30 ./Core/Startup/startup_stm32l476rgtx.o
 .debug_info    0x000022ce      0xc09 ./Drivers/STM32L4xx_HAL_Driver/Src/stm32l4xx_hal.o
 .debug_info    0x00002ed7      0xd81 ./Drivers/STM32L4xx_HAL_Driver/Src/stm32l4xx_hal_cortex.o
 .debug_info    0x00003c58      0x757 ./Drivers/STM32L4xx_HAL_Driver/Src/stm32l4xx_hal_gpio.o
 .debug_info    0x000043af      0x99e ./Drivers/STM32L4xx_HAL_Driver/Src/stm32l4xx_hal_pwr_ex.o
 .debug_info    0x00004d4d      0xc14 ./Drivers/STM32L4xx_HAL_Driver/Src/stm32l4xx_hal_rcc.o
 .debug_info    0x00005961      0xe11 ./Drivers/STM32L4xx_HAL_Driver/Src/stm32l4xx_hal_rcc_ex.o
 .debug_info    0x00006772     0x3b69 ./Drivers/STM32L4xx_HAL_Driver/Src/stm32l4xx_hal_uart.o
 .debug_info    0x0000a2db      0x449 ./Middlewares/uCOSII/Cfg/Template/app_hooks.o
 .debug_info    0x0000a724       0x25 ./Middlewares/uCOSII/Ports/ARM-Cortex-M/ARMv7-M/GNU/os_cpu_a.o
 .debug_info    0x0000a749      0x6ff ./Middlewares/uCOSII/Ports/ARM-Cortex-M/ARMv7-M/GNU/os_cpu_c.o
 .debug_info    0x0000ae48      0x588 ./Middlewares/uCOSII/Ports/ARM-Cortex-M/ARMv7-M/GNU/os_dbg.o
 .debug_info    0x0000b3d0     0x1345 ./Middlewares/uCOSII/Source/os_core.o
 .debug_info    0x0000c715      0xa52 ./Middlewares/uCOSII/Source/os_flag.o
 .debug_info    0x0000d167      0x470 ./Middlewares/uCOSII/Source/os_mem.o
 .debug_info    0x0000d5d7      0x99b ./Middlewares/uCOSII/Source/os_q.o
 .debug_info    0x0000df72      0x738 ./Middlewares/uCOSII/Source/os_sem.o
 .debug_info    0x0000e6aa      0xc28 ./Middlewares/uCOSII/Source/os_task.o
 .debug_info    0x0000f2d2      0x56a ./Middlewares/uCOSII/Source/os_time.o
 .debug_info    0x0000f83c      0xab9 ./Middlewares/uCOSII/Source/os_tmr.o

.debug_abbrev   0x00000000     0x2dcf
 .debug_abbrev  0x00000000      0x277 ./Core/Src/main.o
 .debug_abbrev  0x00000277      0x1d2 ./Core/Src/stm32l4xx_hal_msp.o
 .debug_abbrev  0x00000449       0x73 ./Core/Src/stm32l4xx_it.o
 .debug_abbrev  0x000004bc      0x11a ./Core/Src/system_stm32l4xx.o
 .debug_abbrev  0x000005d6       0x24 ./Core/Startup/startup_stm32l476rgtx.o
 .debug_abbrev  0x000005fa      0x243 ./Drivers/STM32L4xx_HAL_Driver/Src/stm32l4xx_hal.o
 .debug_abbrev  0x0000083d      0x31c ./Drivers/STM32L4xx_HAL_Driver/Src/stm32l4xx_hal_cortex.o
 .debug_abbrev  0x00000b59      0x1cb ./Drivers/STM32L4xx_HAL_Driver/Src/stm32l4xx_hal_gpio.o
 .debug_abbrev  0x00000d24      0x1f9 ./Drivers/STM32L4xx_HAL_Driver/Src/stm32l4xx_hal_pwr_ex.o
 .debug_abbrev  0x00000f1d      0x2cb ./Drivers/STM32L4xx_HAL_Driver/Src/stm32l4xx_hal_rcc.o
 .debug_abbrev  0x000011e8      0x2a6 ./Drivers/STM32L4xx_HAL_Driver/Src/stm32l4xx_hal_rcc_ex.o
 .debug_abbrev  0x0000148e      0x2d0 ./Drivers/STM32L4xx_HAL_Driver/Src/stm32l4xx_hal_uart.o
 .debug_abbrev  0x0000175e       0xf8 ./Middlewares/uCOSII/Cfg/Template/app_hooks.o
 .debug_abbrev  0x00001856       0x14 ./Middlewares/uCOSII/Ports/ARM-Cortex-M/ARMv7-M/GNU/os_cpu_a.o
 .debug_abbrev  0x0000186a      0x26d ./Middlewares/uCOSII/Ports/ARM-Cortex-M/ARMv7-M/GNU/os_cpu_c.o
 .debug_abbrev  0x00001ad7      0x101 ./Middlewares/uCOSII/Ports/ARM-Cortex-M/ARMv7-M/GNU/os_dbg.o
 .debug_abbrev  0x00001bd8      0x338 ./Middlewares/uCOSII/Source/os_core.o
 .debug_abbrev  0x00001f10      0x24b ./Middlewares/uCOSII/Source/os_flag.o
 .debug_abbrev  0x0000215b      0x1ef ./Middlewares/uCOSII/Source/os_mem.o
 .debug_abbrev  0x0000234a      0x223 ./Middlewares/uCOSII/Source/os_q.o
 .debug_abbrev  0x0000256d      0x223 ./Middlewares/uCOSII/Source/os_sem.o
 .debug_abbrev  0x00002790      0x251 ./Middlewares/uCOSII/Source/os_task.o
 .debug_abbrev  0x000029e1      0x1b1 ./Middlewares/uCOSII/Source/os_time.o
 .debug_abbrev  0x00002b92      0x23d ./Middlewares/uCOSII/Source/os_tmr.o

.debug_aranges  0x00000000      0xe00
 .debug_aranges
                0x00000000       0x50 ./Core/Src/main.o
 .debug_aranges
                0x00000050       0x30 ./Core/Src/stm32l4xx_hal_msp.o
 .debug_aranges
                0x00000080       0x60 ./Core/Src/stm32l4xx_it.o
 .debug_aranges
                0x000000e0       0x28 ./Core/Src/system_stm32l4xx.o
 .debug_aranges
                0x00000108       0x28 ./Core/Startup/startup_stm32l476rgtx.o
 .debug_aranges
                0x00000130      0x130 ./Drivers/STM32L4xx_HAL_Driver/Src/stm32l4xx_hal.o
 .debug_aranges
                0x00000260      0x128 ./Drivers/STM32L4xx_HAL_Driver/Src/stm32l4xx_hal_cortex.o
 .debug_aranges
                0x00000388       0x58 ./Drivers/STM32L4xx_HAL_Driver/Src/stm32l4xx_hal_gpio.o
 .debug_aranges
                0x000003e0      0x160 ./Drivers/STM32L4xx_HAL_Driver/Src/stm32l4xx_hal_pwr_ex.o
 .debug_aranges
                0x00000540       0x90 ./Drivers/STM32L4xx_HAL_Driver/Src/stm32l4xx_hal_rcc.o
 .debug_aranges
                0x000005d0       0xc0 ./Drivers/STM32L4xx_HAL_Driver/Src/stm32l4xx_hal_rcc_ex.o
 .debug_aranges
                0x00000690      0x228 ./Drivers/STM32L4xx_HAL_Driver/Src/stm32l4xx_hal_uart.o
 .debug_aranges
                0x000008b8       0x58 ./Middlewares/uCOSII/Cfg/Template/app_hooks.o
 .debug_aranges
                0x00000910       0x20 ./Middlewares/uCOSII/Ports/ARM-Cortex-M/ARMv7-M/GNU/os_cpu_a.o
 .debug_aranges
                0x00000930       0x88 ./Middlewares/uCOSII/Ports/ARM-Cortex-M/ARMv7-M/GNU/os_cpu_c.o
 .debug_aranges
                0x000009b8       0x20 ./Middlewares/uCOSII/Ports/ARM-Cortex-M/ARMv7-M/GNU/os_dbg.o
 .debug_aranges
                0x000009d8      0x128 ./Middlewares/uCOSII/Source/os_core.o
 .debug_aranges
                0x00000b00       0x80 ./Middlewares/uCOSII/Source/os_flag.o
 .debug_aranges
                0x00000b80       0x50 ./Middlewares/uCOSII/Source/os_mem.o
 .debug_aranges
                0x00000bd0       0x70 ./Middlewares/uCOSII/Source/os_q.o
 .debug_aranges
                0x00000c40       0x58 ./Middlewares/uCOSII/Source/os_sem.o
 .debug_aranges
                0x00000c98       0x98 ./Middlewares/uCOSII/Source/os_task.o
 .debug_aranges
                0x00000d30       0x40 ./Middlewares/uCOSII/Source/os_time.o
 .debug_aranges
                0x00000d70       0x90 ./Middlewares/uCOSII/Source/os_tmr.o

.debug_rnglists
                0x00000000      0xa98
 .debug_rnglists
                0x00000000       0x3a ./Core/Src/main.o
 .debug_rnglists
                0x0000003a       0x20 ./Core/Src/stm32l4xx_hal_msp.o
 .debug_rnglists
                0x0000005a       0x43 ./Core/Src/stm32l4xx_it.o
 .debug_rnglists
                0x0000009d       0x1a ./Core/Src/system_stm32l4xx.o
 .debug_rnglists
                0x000000b7       0x19 ./Core/Startup/startup_stm32l476rgtx.o
 .debug_rnglists
                0x000000d0       0xdf ./Drivers/STM32L4xx_HAL_Driver/Src/stm32l4xx_hal.o
 .debug_rnglists
                0x000001af       0xda ./Drivers/STM32L4xx_HAL_Driver/Src/stm32l4xx_hal_cortex.o
 .debug_rnglists
                0x00000289       0x3f ./Drivers/STM32L4xx_HAL_Driver/Src/stm32l4xx_hal_gpio.o
 .debug_rnglists
                0x000002c8      0x109 ./Drivers/STM32L4xx_HAL_Driver/Src/stm32l4xx_hal_pwr_ex.o
 .debug_rnglists
                0x000003d1       0x6d ./Drivers/STM32L4xx_HAL_Driver/Src/stm32l4xx_hal_rcc.o
 .debug_rnglists
                0x0000043e       0x95 ./Drivers/STM32L4xx_HAL_Driver/Src/stm32l4xx_hal_rcc_ex.o
 .debug_rnglists
                0x000004d3      0x1db ./Drivers/STM32L4xx_HAL_Driver/Src/stm32l4xx_hal_uart.o
 .debug_rnglists
                0x000006ae       0x3d ./Middlewares/uCOSII/Cfg/Template/app_hooks.o
 .debug_rnglists
                0x000006eb       0x63 ./Middlewares/uCOSII/Ports/ARM-Cortex-M/ARMv7-M/GNU/os_cpu_c.o
 .debug_rnglists
                0x0000074e       0x14 ./Middlewares/uCOSII/Ports/ARM-Cortex-M/ARMv7-M/GNU/os_dbg.o
 .debug_rnglists
                0x00000762       0xe6 ./Middlewares/uCOSII/Source/os_core.o
 .debug_rnglists
                0x00000848       0x64 ./Middlewares/uCOSII/Source/os_flag.o
 .debug_rnglists
                0x000008ac       0x39 ./Middlewares/uCOSII/Source/os_mem.o
 .debug_rnglists
                0x000008e5       0x58 ./Middlewares/uCOSII/Source/os_q.o
 .debug_rnglists
                0x0000093d       0x41 ./Middlewares/uCOSII/Source/os_sem.o
 .debug_rnglists
                0x0000097e       0x7a ./Middlewares/uCOSII/Source/os_task.o
 .debug_rnglists
                0x000009f8       0x2e ./Middlewares/uCOSII/Source/os_time.o
 .debug_rnglists
                0x00000a26       0x72 ./Middlewares/uCOSII/Source/os_tmr.o

.debug_macro    0x00000000    0x28577
 .debug_macro   0x00000000      0x323 ./Core/Src/main.o
 .debug_macro   0x00000323      0xab4 ./Core/Src/main.o
 .debug_macro   0x00000dd7      0x1a1 ./Core/Src/main.o
 .debug_macro   0x00000f78       0x2e ./Core/Src/main.o
 .debug_macro   0x00000fa6       0x28 ./Core/Src/main.o
 .debug_macro   0x00000fce       0x22 ./Core/Src/main.o
 .debug_macro   0x00000ff0       0x8e ./Core/Src/main.o
 .debug_macro   0x0000107e       0x51 ./Core/Src/main.o
 .debug_macro   0x000010cf      0x103 ./Core/Src/main.o
 .debug_macro   0x000011d2       0x6a ./Core/Src/main.o
 .debug_macro   0x0000123c      0x1df ./Core/Src/main.o
 .debug_macro   0x0000141b       0x1c ./Core/Src/main.o
 .debug_macro   0x00001437       0x22 ./Core/Src/main.o
 .debug_macro   0x00001459       0xfb ./Core/Src/main.o
 .debug_macro   0x00001554     0x1011 ./Core/Src/main.o
 .debug_macro   0x00002565      0x11f ./Core/Src/main.o
 .debug_macro   0x00002684    0x1a17a ./Core/Src/main.o
 .debug_macro   0x0001c7fe       0x6d ./Core/Src/main.o
 .debug_macro   0x0001c86b     0x38fb ./Core/Src/main.o
 .debug_macro   0x00020166      0x189 ./Core/Src/main.o
 .debug_macro   0x000202ef       0x5c ./Core/Src/main.o
 .debug_macro   0x0002034b     0x159e ./Core/Src/main.o
 .debug_macro   0x000218e9      0x5a5 ./Core/Src/main.o
 .debug_macro   0x00021e8e      0x1b9 ./Core/Src/main.o
 .debug_macro   0x00022047      0x18b ./Core/Src/main.o
 .debug_macro   0x000221d2      0x26b ./Core/Src/main.o
 .debug_macro   0x0002243d      0x23d ./Core/Src/main.o
 .debug_macro   0x0002267a      0x241 ./Core/Src/main.o
 .debug_macro   0x000228bb      0x37c ./Core/Src/main.o
 .debug_macro   0x00022c37       0xd6 ./Core/Src/main.o
 .debug_macro   0x00022d0d      0x122 ./Core/Src/main.o
 .debug_macro   0x00022e2f      0x3ef ./Core/Src/main.o
 .debug_macro   0x0002321e      0x5cf ./Core/Src/main.o
 .debug_macro   0x000237ed       0x44 ./Core/Src/main.o
 .debug_macro   0x00023831      0x330 ./Core/Src/main.o
 .debug_macro   0x00023b61       0x58 ./Core/Src/main.o
 .debug_macro   0x00023bb9       0x58 ./Core/Src/main.o
 .debug_macro   0x00023c11       0x61 ./Core/Src/main.o
 .debug_macro   0x00023c72       0x2a ./Core/Src/main.o
 .debug_macro   0x00023c9c       0x43 ./Core/Src/main.o
 .debug_macro   0x00023cdf       0x34 ./Core/Src/main.o
 .debug_macro   0x00023d13       0x16 ./Core/Src/main.o
 .debug_macro   0x00023d29       0x35 ./Core/Src/main.o
 .debug_macro   0x00023d5e      0x369 ./Core/Src/main.o
 .debug_macro   0x000240c7       0x16 ./Core/Src/main.o
 .debug_macro   0x000240dd       0x43 ./Core/Src/main.o
 .debug_macro   0x00024120       0x34 ./Core/Src/main.o
 .debug_macro   0x00024154       0x10 ./Core/Src/main.o
 .debug_macro   0x00024164       0x58 ./Core/Src/main.o
 .debug_macro   0x000241bc       0x8e ./Core/Src/main.o
 .debug_macro   0x0002424a       0x1c ./Core/Src/main.o
 .debug_macro   0x00024266      0x177 ./Core/Src/main.o
 .debug_macro   0x000243dd       0x16 ./Core/Src/main.o
 .debug_macro   0x000243f3       0x16 ./Core/Src/main.o
 .debug_macro   0x00024409      0x146 ./Core/Src/main.o
 .debug_macro   0x0002454f       0x4c ./Core/Src/main.o
 .debug_macro   0x0002459b      0x1f4 ./Core/Src/main.o
 .debug_macro   0x0002478f       0x3f ./Core/Src/main.o
 .debug_macro   0x000247ce       0x10 ./Core/Src/main.o
 .debug_macro   0x000247de      0x43a ./Core/Src/main.o
 .debug_macro   0x00024c18      0x2e2 ./Core/Src/main.o
 .debug_macro   0x00024efa       0x16 ./Core/Src/main.o
 .debug_macro   0x00024f10       0x20 ./Core/Src/main.o
 .debug_macro   0x00024f30      0x1bb ./Core/Src/stm32l4xx_hal_msp.o
 .debug_macro   0x000250eb      0x1c5 ./Core/Src/stm32l4xx_it.o
 .debug_macro   0x000252b0      0x1ac ./Core/Src/system_stm32l4xx.o
 .debug_macro   0x0002545c      0x1fa ./Drivers/STM32L4xx_HAL_Driver/Src/stm32l4xx_hal.o
 .debug_macro   0x00025656      0x1ac ./Drivers/STM32L4xx_HAL_Driver/Src/stm32l4xx_hal_cortex.o
 .debug_macro   0x00025802      0x1b3 ./Drivers/STM32L4xx_HAL_Driver/Src/stm32l4xx_hal_gpio.o
 .debug_macro   0x000259b5      0x1d0 ./Drivers/STM32L4xx_HAL_Driver/Src/stm32l4xx_hal_pwr_ex.o
 .debug_macro   0x00025b85      0x1ee ./Drivers/STM32L4xx_HAL_Driver/Src/stm32l4xx_hal_rcc.o
 .debug_macro   0x00025d73      0x1e2 ./Drivers/STM32L4xx_HAL_Driver/Src/stm32l4xx_hal_rcc_ex.o
 .debug_macro   0x00025f55      0x1d7 ./Drivers/STM32L4xx_HAL_Driver/Src/stm32l4xx_hal_uart.o
 .debug_macro   0x0002612c      0x2d2 ./Middlewares/uCOSII/Cfg/Template/app_hooks.o
 .debug_macro   0x000263fe      0x326 ./Middlewares/uCOSII/Ports/ARM-Cortex-M/ARMv7-M/GNU/os_cpu_c.o
 .debug_macro   0x00026724       0x3f ./Middlewares/uCOSII/Ports/ARM-Cortex-M/ARMv7-M/GNU/os_cpu_c.o
 .debug_macro   0x00026763      0x2d8 ./Middlewares/uCOSII/Ports/ARM-Cortex-M/ARMv7-M/GNU/os_dbg.o
 .debug_macro   0x00026a3b      0x2e4 ./Middlewares/uCOSII/Source/os_core.o
 .debug_macro   0x00026d1f      0x43a ./Middlewares/uCOSII/Source/os_core.o
 .debug_macro   0x00027159      0x2de ./Middlewares/uCOSII/Source/os_flag.o
 .debug_macro   0x00027437      0x2de ./Middlewares/uCOSII/Source/os_mem.o
 .debug_macro   0x00027715      0x2de ./Middlewares/uCOSII/Source/os_q.o
 .debug_macro   0x000279f3      0x2de ./Middlewares/uCOSII/Source/os_sem.o
 .debug_macro   0x00027cd1      0x2de ./Middlewares/uCOSII/Source/os_task.o
 .debug_macro   0x00027faf      0x2de ./Middlewares/uCOSII/Source/os_time.o
 .debug_macro   0x0002828d      0x2ea ./Middlewares/uCOSII/Source/os_tmr.o

.debug_line     0x00000000    0x13b19
 .debug_line    0x00000000      0xaa2 ./Core/Src/main.o
 .debug_line    0x00000aa2      0x77e ./Core/Src/stm32l4xx_hal_msp.o
 .debug_line    0x00001220      0x7e1 ./Core/Src/stm32l4xx_it.o
 .debug_line    0x00001a01      0x7b9 ./Core/Src/system_stm32l4xx.o
 .debug_line    0x000021ba       0x7a ./Core/Startup/startup_stm32l476rgtx.o
 .debug_line    0x00002234      0xb15 ./Drivers/STM32L4xx_HAL_Driver/Src/stm32l4xx_hal.o
 .debug_line    0x00002d49      0xcdd ./Drivers/STM32L4xx_HAL_Driver/Src/stm32l4xx_hal_cortex.o
 .debug_line    0x00003a26      0xba0 ./Drivers/STM32L4xx_HAL_Driver/Src/stm32l4xx_hal_gpio.o
 .debug_line    0x000045c6      0xd06 ./Drivers/STM32L4xx_HAL_Driver/Src/stm32l4xx_hal_pwr_ex.o
 .debug_line    0x000052cc      0xf8d ./Drivers/STM32L4xx_HAL_Driver/Src/stm32l4xx_hal_rcc.o
 .debug_line    0x00006259     0x14ff ./Drivers/STM32L4xx_HAL_Driver/Src/stm32l4xx_hal_rcc_ex.o
 .debug_line    0x00007758     0x3225 ./Drivers/STM32L4xx_HAL_Driver/Src/stm32l4xx_hal_uart.o
 .debug_line    0x0000a97d      0x99e ./Middlewares/uCOSII/Cfg/Template/app_hooks.o
 .debug_line    0x0000b31b       0xce ./Middlewares/uCOSII/Ports/ARM-Cortex-M/ARMv7-M/GNU/os_cpu_a.o
 .debug_line    0x0000b3e9      0xb27 ./Middlewares/uCOSII/Ports/ARM-Cortex-M/ARMv7-M/GNU/os_cpu_c.o
 .debug_line    0x0000bf10      0x953 ./Middlewares/uCOSII/Ports/ARM-Cortex-M/ARMv7-M/GNU/os_dbg.o
 .debug_line    0x0000c863     0x1406 ./Middlewares/uCOSII/Source/os_core.o
 .debug_line    0x0000dc69      0xf7f ./Middlewares/uCOSII/Source/os_flag.o
 .debug_line    0x0000ebe8      0xb7c ./Middlewares/uCOSII/Source/os_mem.o
 .debug_line    0x0000f764      0xe6e ./Middlewares/uCOSII/Source/os_q.o
 .debug_line    0x000105d2      0xc45 ./Middlewares/uCOSII/Source/os_sem.o
 .debug_line    0x00011217     0x1025 ./Middlewares/uCOSII/Source/os_task.o
 .debug_line    0x0001223c      0xa95 ./Middlewares/uCOSII/Source/os_time.o
 .debug_line    0x00012cd1      0xe48 ./Middlewares/uCOSII/Source/os_tmr.o

.debug_str      0x00000000    0xeb41d
 .debug_str     0x00000000    0xe71d2 ./Core/Src/main.o
                              0xe7517 (size before relaxing)
 .debug_str     0x000e71d2      0x2da ./Core/Src/stm32l4xx_hal_msp.o
                              0xe1619 (size before relaxing)
 .debug_str     0x000e74ac       0xc9 ./Core/Src/stm32l4xx_it.o
                              0xe0d7b (size before relaxing)
 .debug_str     0x000e7575       0xf2 ./Core/Src/system_stm32l4xx.o
                              0xe0de3 (size before relaxing)
 .debug_str     0x000e7667       0x44 ./Core/Startup/startup_stm32l476rgtx.o
                                 0x6a (size before relaxing)
 .debug_str     0x000e76ab      0xb0a ./Drivers/STM32L4xx_HAL_Driver/Src/stm32l4xx_hal.o
                              0xe19e2 (size before relaxing)
 .debug_str     0x000e81b5      0x37c ./Drivers/STM32L4xx_HAL_Driver/Src/stm32l4xx_hal_cortex.o
                              0xe165c (size before relaxing)
 .debug_str     0x000e8531      0x110 ./Drivers/STM32L4xx_HAL_Driver/Src/stm32l4xx_hal_gpio.o
                              0xe0f5c (size before relaxing)
 .debug_str     0x000e8641      0x4e3 ./Drivers/STM32L4xx_HAL_Driver/Src/stm32l4xx_hal_pwr_ex.o
                              0xe133e (size before relaxing)
 .debug_str     0x000e8b24      0x345 ./Drivers/STM32L4xx_HAL_Driver/Src/stm32l4xx_hal_rcc.o
                              0xe1429 (size before relaxing)
 .debug_str     0x000e8e69      0x3bf ./Drivers/STM32L4xx_HAL_Driver/Src/stm32l4xx_hal_rcc_ex.o
                              0xe15a2 (size before relaxing)
 .debug_str     0x000e9228      0x8f7 ./Drivers/STM32L4xx_HAL_Driver/Src/stm32l4xx_hal_uart.o
                              0xe1b3b (size before relaxing)
 .debug_str     0x000e9b1f      0x319 ./Middlewares/uCOSII/Cfg/Template/app_hooks.o
                              0xe6d40 (size before relaxing)
 .debug_str     0x000e9e38       0x40 ./Middlewares/uCOSII/Ports/ARM-Cortex-M/ARMv7-M/GNU/os_cpu_a.o
                                 0x74 (size before relaxing)
 .debug_str     0x000e9e78      0x4f7 ./Middlewares/uCOSII/Ports/ARM-Cortex-M/ARMv7-M/GNU/os_cpu_c.o
                              0xe7200 (size before relaxing)
 .debug_str     0x000ea36f      0x411 ./Middlewares/uCOSII/Ports/ARM-Cortex-M/ARMv7-M/GNU/os_dbg.o
                              0xe6e31 (size before relaxing)
 .debug_str     0x000ea780      0x616 ./Middlewares/uCOSII/Source/os_core.o
                              0xe74a1 (size before relaxing)
 .debug_str     0x000ead96      0x147 ./Middlewares/uCOSII/Source/os_flag.o
                              0xe6f12 (size before relaxing)
 .debug_str     0x000eaedd       0xee ./Middlewares/uCOSII/Source/os_mem.o
                              0xe6be8 (size before relaxing)
 .debug_str     0x000eafcb       0xd1 ./Middlewares/uCOSII/Source/os_q.o
                              0xe6ed1 (size before relaxing)
 .debug_str     0x000eb09c       0xb1 ./Middlewares/uCOSII/Source/os_sem.o
                              0xe6e4a (size before relaxing)
 .debug_str     0x000eb14d      0x120 ./Middlewares/uCOSII/Source/os_task.o
                              0xe6fe6 (size before relaxing)
 .debug_str     0x000eb26d       0x6c ./Middlewares/uCOSII/Source/os_time.o
                              0xe6dad (size before relaxing)
 .debug_str     0x000eb2d9      0x144 ./Middlewares/uCOSII/Source/os_tmr.o
                              0xe6fe2 (size before relaxing)

.comment        0x00000000       0x43
 .comment       0x00000000       0x43 ./Core/Src/main.o
                                 0x44 (size before relaxing)
 .comment       0x00000043       0x44 ./Core/Src/stm32l4xx_hal_msp.o
 .comment       0x00000043       0x44 ./Core/Src/stm32l4xx_it.o
 .comment       0x00000043       0x44 ./Core/Src/system_stm32l4xx.o
 .comment       0x00000043       0x44 ./Drivers/STM32L4xx_HAL_Driver/Src/stm32l4xx_hal.o
 .comment       0x00000043       0x44 ./Drivers/STM32L4xx_HAL_Driver/Src/stm32l4xx_hal_cortex.o
 .comment       0x00000043       0x44 ./Drivers/STM32L4xx_HAL_Driver/Src/stm32l4xx_hal_gpio.o
 .comment       0x00000043       0x44 ./Drivers/STM32L4xx_HAL_Driver/Src/stm32l4xx_hal_pwr_ex.o
 .comment       0x00000043       0x44 ./Drivers/STM32L4xx_HAL_Driver/Src/stm32l4xx_hal_rcc.o
 .comment       0x00000043       0x44 ./Drivers/STM32L4xx_HAL_Driver/Src/stm32l4xx_hal_rcc_ex.o
 .comment       0x00000043       0x44 ./Drivers/STM32L4xx_HAL_Driver/Src/stm32l4xx_hal_uart.o
 .comment       0x00000043       0x44 ./Middlewares/uCOSII/Cfg/Template/app_hooks.o
 .comment       0x00000043       0x44 ./Middlewares/uCOSII/Ports/ARM-Cortex-M/ARMv7-M/GNU/os_cpu_c.o
 .comment       0x00000043       0x44 ./Middlewares/uCOSII/Ports/ARM-Cortex-M/ARMv7-M/GNU/os_dbg.o
 .comment       0x00000043       0x44 ./Middlewares/uCOSII/Source/os_core.o
 .comment       0x00000043       0x44 ./Middlewares/uCOSII/Source/os_flag.o
 .comment       0x00000043       0x44 ./Middlewares/uCOSII/Source/os_mem.o
 .comment       0x00000043       0x44 ./Middlewares/uCOSII/Source/os_q.o
 .comment       0x00000043       0x44 ./Middlewares/uCOSII/Source/os_sem.o
 .comment       0x00000043       0x44 ./Middlewares/uCOSII/Source/os_task.o
 .comment       0x00000043       0x44 ./Middlewares/uCOSII/Source/os_time.o
 .comment       0x00000043       0x44 ./Middlewares/uCOSII/Source/os_tmr.o

.debug_frame    0x00000000     0x362c
 .debug_frame   0x00000000       0xf0 ./Core/Src/main.o
 .debug_frame   0x000000f0       0x84 ./Core/Src/stm32l4xx_hal_msp.o
 .debug_frame   0x00000174      0x104 ./Core/Src/stm32l4xx_it.o
 .debug_frame   0x00000278       0x58 ./Core/Src/system_stm32l4xx.o
 .debug_frame   0x000002d0      0x498 ./Drivers/STM32L4xx_HAL_Driver/Src/stm32l4xx_hal.o
 .debug_frame   0x00000768      0x4e8 ./Drivers/STM32L4xx_HAL_Driver/Src/stm32l4xx_hal_cortex.o
 .debug_frame   0x00000c50      0x14c ./Drivers/STM32L4xx_HAL_Driver/Src/stm32l4xx_hal_gpio.o
 .debug_frame   0x00000d9c      0x584 ./Drivers/STM32L4xx_HAL_Driver/Src/stm32l4xx_hal_pwr_ex.o
 .debug_frame   0x00001320      0x21c ./Drivers/STM32L4xx_HAL_Driver/Src/stm32l4xx_hal_rcc.o
 .debug_frame   0x0000153c      0x2fc ./Drivers/STM32L4xx_HAL_Driver/Src/stm32l4xx_hal_rcc_ex.o
 .debug_frame   0x00001838      0x9f4 ./Drivers/STM32L4xx_HAL_Driver/Src/stm32l4xx_hal_uart.o
 .debug_frame   0x0000222c      0x130 ./Middlewares/uCOSII/Cfg/Template/app_hooks.o
 .debug_frame   0x0000235c      0x1f0 ./Middlewares/uCOSII/Ports/ARM-Cortex-M/ARMv7-M/GNU/os_cpu_c.o
 .debug_frame   0x0000254c       0x38 ./Middlewares/uCOSII/Ports/ARM-Cortex-M/ARMv7-M/GNU/os_dbg.o
 .debug_frame   0x00002584      0x4dc ./Middlewares/uCOSII/Source/os_core.o
 .debug_frame   0x00002a60      0x1f0 ./Middlewares/uCOSII/Source/os_flag.o
 .debug_frame   0x00002c50      0x10c ./Middlewares/uCOSII/Source/os_mem.o
 .debug_frame   0x00002d5c      0x19c ./Middlewares/uCOSII/Source/os_q.o
 .debug_frame   0x00002ef8      0x130 ./Middlewares/uCOSII/Source/os_sem.o
 .debug_frame   0x00003028      0x258 ./Middlewares/uCOSII/Source/os_task.o
 .debug_frame   0x00003280       0xc8 ./Middlewares/uCOSII/Source/os_time.o
 .debug_frame   0x00003348      0x238 ./Middlewares/uCOSII/Source/os_tmr.o
 .debug_frame   0x00003580       0x20 C:/ST/STM32CubeIDE_1.16.0/STM32CubeIDE/plugins/com.st.stm32cube.ide.mcu.externaltools.gnu-tools-for-stm32.12.3.rel1.win32_1.0.200.202406191623/tools/bin/../lib/gcc/arm-none-eabi/12.3.1/../../../../arm-none-eabi/lib/thumb/v7e-m+fp/hard\libc_nano.a(libc_a-memset.o)
 .debug_frame   0x000035a0       0x2c C:/ST/STM32CubeIDE_1.16.0/STM32CubeIDE/plugins/com.st.stm32cube.ide.mcu.externaltools.gnu-tools-for-stm32.12.3.rel1.win32_1.0.200.202406191623/tools/bin/../lib/gcc/arm-none-eabi/12.3.1/../../../../arm-none-eabi/lib/thumb/v7e-m+fp/hard\libc_nano.a(libc_a-init.o)
 .debug_frame   0x000035cc       0x2c C:/ST/STM32CubeIDE_1.16.0/STM32CubeIDE/plugins/com.st.stm32cube.ide.mcu.externaltools.gnu-tools-for-stm32.12.3.rel1.win32_1.0.200.202406191623/tools/bin/../lib/gcc/arm-none-eabi/12.3.1/thumb/v7e-m+fp/hard\libgcc.a(_aeabi_uldivmod.o)
 .debug_frame   0x000035f8       0x34 C:/ST/STM32CubeIDE_1.16.0/STM32CubeIDE/plugins/com.st.stm32cube.ide.mcu.externaltools.gnu-tools-for-stm32.12.3.rel1.win32_1.0.200.202406191623/tools/bin/../lib/gcc/arm-none-eabi/12.3.1/thumb/v7e-m+fp/hard\libgcc.a(_udivmoddi4.o)

.debug_line_str
                0x00000000       0x8e
 .debug_line_str
                0x00000000       0x4e ./Core/Startup/startup_stm32l476rgtx.o
 .debug_line_str
                0x0000004e       0x40 ./Middlewares/uCOSII/Ports/ARM-Cortex-M/ARMv7-M/GNU/os_cpu_a.o
                                 0x66 (size before relaxing)
